Component: ARM Compiler 5.06 update 6 (build 750) Tool: armlink [4d35ed]

==============================================================================

Section Cross References

    startup_stm32g031xx.o(STACK) refers (Special) to heapauxi.o(.text) for __use_two_region_memory
    startup_stm32g031xx.o(HEAP) refers (Special) to heapauxi.o(.text) for __use_two_region_memory
    startup_stm32g031xx.o(RESET) refers (Special) to heapauxi.o(.text) for __use_two_region_memory
    startup_stm32g031xx.o(RESET) refers to startup_stm32g031xx.o(STACK) for __initial_sp
    startup_stm32g031xx.o(RESET) refers to startup_stm32g031xx.o(.text) for Reset_Handler
    startup_stm32g031xx.o(RESET) refers to stm32g0xx_it.o(i.NMI_Handler) for NMI_Handler
    startup_stm32g031xx.o(RESET) refers to stm32g0xx_it.o(i.HardFault_Handler) for HardFault_Handler
    startup_stm32g031xx.o(RESET) refers to stm32g0xx_it.o(i.SVC_Handler) for SVC_Handler
    startup_stm32g031xx.o(RESET) refers to stm32g0xx_it.o(i.PendSV_Handler) for PendSV_Handler
    startup_stm32g031xx.o(RESET) refers to stm32g0xx_it.o(i.SysTick_Handler) for SysTick_Handler
    startup_stm32g031xx.o(RESET) refers to stm32g0xx_it.o(i.DMA1_Channel1_IRQHandler) for DMA1_Channel1_IRQHandler
    startup_stm32g031xx.o(RESET) refers to stm32g0xx_it.o(i.TIM2_IRQHandler) for TIM2_IRQHandler
    startup_stm32g031xx.o(RESET) refers to stm32g0xx_it.o(i.I2C1_IRQHandler) for I2C1_IRQHandler
    startup_stm32g031xx.o(.text) refers (Special) to heapauxi.o(.text) for __use_two_region_memory
    startup_stm32g031xx.o(.text) refers to system_stm32g0xx.o(i.SystemInit) for SystemInit
    startup_stm32g031xx.o(.text) refers to __main.o(!!!main) for __main
    startup_stm32g031xx.o(.text) refers to startup_stm32g031xx.o(HEAP) for Heap_Mem
    startup_stm32g031xx.o(.text) refers to startup_stm32g031xx.o(STACK) for Stack_Mem
    main.o(i.HAL_I2C_AddrCallback) refers to main.o(i.__ARM_common_switch8) for __ARM_common_switch8
    main.o(i.HAL_I2C_AddrCallback) refers to stm32g0xx_hal_i2c.o(i.HAL_I2C_Slave_Seq_Receive_IT) for HAL_I2C_Slave_Seq_Receive_IT
    main.o(i.HAL_I2C_AddrCallback) refers to stm32g0xx_hal_i2c.o(i.HAL_I2C_Slave_Seq_Transmit_IT) for HAL_I2C_Slave_Seq_Transmit_IT
    main.o(i.HAL_I2C_AddrCallback) refers to main.o(.data) for .data
    main.o(i.HAL_I2C_AddrCallback) refers to main.o(.bss) for .bss
    main.o(i.HAL_I2C_AddrCallback) refers to pid.o(.bss) for PID_velocity
    main.o(i.HAL_I2C_AddrCallback) refers to i2c.o(.bss) for hi2c1
    main.o(i.HAL_I2C_AddrCallback) refers to focmotor.o(.data) for shaft_angle
    main.o(i.HAL_I2C_AddrCallback) refers to focmotor.o(.data) for shaft_velocity
    main.o(i.HAL_I2C_AddrCallback) refers to focmotor.o(.data) for current
    main.o(i.HAL_I2C_AddrCallback) refers to adc.o(.data) for temperature
    main.o(i.HAL_I2C_AddrCallback) refers to focmotor.o(.data) for torque_controller
    main.o(i.HAL_I2C_AddrCallback) refers to focmotor.o(.data) for motion_controller
    main.o(i.HAL_I2C_AddrCallback) refers to bldcmotor.o(.data) for voltage_limit
    main.o(i.HAL_I2C_ErrorCallback) refers to stm32g0xx_hal_i2c.o(i.HAL_I2C_DeInit) for HAL_I2C_DeInit
    main.o(i.HAL_I2C_ErrorCallback) refers to i2c.o(i.MX_I2C1_Init) for MX_I2C1_Init
    main.o(i.HAL_I2C_ErrorCallback) refers to stm32g0xx_hal_i2c.o(i.HAL_I2C_Slave_Receive_IT) for HAL_I2C_Slave_Receive_IT
    main.o(i.HAL_I2C_ErrorCallback) refers to main.o(.bss) for .bss
    main.o(i.HAL_I2C_ErrorCallback) refers to i2c.o(.bss) for hi2c1
    main.o(i.HAL_I2C_ListenCpltCallback) refers to stm32g0xx_hal_i2c.o(i.HAL_I2C_EnableListen_IT) for HAL_I2C_EnableListen_IT
    main.o(i.HAL_I2C_SlaveRxCpltCallback) refers to main.o(i.__ARM_common_switch8) for __ARM_common_switch8
    main.o(i.HAL_I2C_SlaveRxCpltCallback) refers to stm32g0xx_hal_gpio.o(i.HAL_GPIO_WritePin) for HAL_GPIO_WritePin
    main.o(i.HAL_I2C_SlaveRxCpltCallback) refers to main.o(.data) for .data
    main.o(i.HAL_I2C_SlaveRxCpltCallback) refers to main.o(.bss) for .bss
    main.o(i.HAL_I2C_SlaveRxCpltCallback) refers to pid.o(.bss) for PID_velocity
    main.o(i.HAL_I2C_SlaveRxCpltCallback) refers to focmotor.o(.data) for torque_controller
    main.o(i.HAL_I2C_SlaveRxCpltCallback) refers to focmotor.o(.data) for motion_controller
    main.o(i.HAL_I2C_SlaveRxCpltCallback) refers to bldcmotor.o(.data) for voltage_limit
    main.o(i.HAL_I2C_SlaveRxCpltCallback) refers to focmotor.o(.data) for shaft_angle
    main.o(i.HAL_TIM_PeriodElapsedCallback) refers to aeabi_sdiv.o(.text) for __aeabi_uidivmod
    main.o(i.HAL_TIM_PeriodElapsedCallback) refers to main.o(.data) for .data
    main.o(i.HAL_TIM_PeriodElapsedCallback) refers to adc.o(.bss) for adc_buf
    main.o(i.HAL_TIM_PeriodElapsedCallback) refers to adc.o(.data) for v_vref
    main.o(i.HAL_TIM_PeriodElapsedCallback) refers to adc.o(.data) for temperature
    main.o(i.SystemClock_Config) refers to rt_memclr.o(.text) for __aeabi_memclr4
[...]
    .data                                    0x20000065   Section        1  focmotor.o(.data)
    .data                                    0x20000068   Section       32  bldcmotor.o(.data)
    .data                                    0x20000088   Section       20  magneticsensor.o(.data)
    .data                                    0x2000009c   Section      888  lowsidecurrentsense.o(.data)
    .bss                                     0x20000414   Section       10  main.o(.bss)
    .bss                                     0x20000420   Section      204  adc.o(.bss)
    .bss                                     0x200004ec   Section       76  i2c.o(.bss)
    .bss                                     0x20000538   Section      100  spi.o(.bss)
    .bss                                     0x2000059c   Section      152  tim.o(.bss)
    .bss                                     0x20000634   Section      144  usart.o(.bss)
    .bss                                     0x200006c4   Section      144  pid.o(.bss)
    .bss                                     0x20000754   Section       36  lowpass_filter.o(.bss)
    .bss                                     0x20000778   Section       96  libspace.o(.bss)
    HEAP                                     0x200007d8   Section      512  startup_stm32g031xx.o(HEAP)
    Heap_Mem                                 0x200007d8   Data         512  startup_stm32g031xx.o(HEAP)
    STACK                                    0x200009d8   Section     1024  startup_stm32g031xx.o(STACK)
    Stack_Mem                                0x200009d8   Data        1024  startup_stm32g031xx.o(STACK)
    __initial_sp                             0x20000dd8   Data           0  startup_stm32g031xx.o(STACK)

    Global Symbols

    Symbol Name                              Value     Ov Type        Size  Object(Section)

    BuildAttributes$$THM_ISAv3M$S$PE$A:L22$X:L11$S22$IEEE1$IW$USESV6$~STKCKD$USESV7$~SHL$OTIME$ROPI$IEEEX$EBA8$UX$STANDARDLIB$REQ8$PRES8$EABIv2 0x00000000   Number         0  anon$$obj.o ABSOLUTE
    __ARM_use_no_argv                        0x00000000   Number         0  main.o ABSOLUTE
    __ARM_exceptions_init                     - Undefined Weak Reference
    __alloca_initialize                       - Undefined Weak Reference
    __arm_preinit_                            - Undefined Weak Reference
    __cpp_initialize__aeabi_                  - Undefined Weak Reference
    __cxa_finalize                            - Undefined Weak Reference
    __rt_locale                               - Undefined Weak Reference
    __sigvec_lookup                           - Undefined Weak Reference
    _atexit_init                              - Undefined Weak Reference
    _call_atexit_fns                          - Undefined Weak Reference
    _clock_init                               - Undefined Weak Reference
    _fp_trap_init                             - Undefined Weak Reference
    _fp_trap_shutdown                         - Undefined Weak Reference
    _get_lc_collate                           - Undefined Weak Reference
    _get_lc_ctype                             - Undefined Weak Reference
    _get_lc_monetary                          - Undefined Weak Reference
    _get_lc_numeric                           - Undefined Weak Reference
    _get_lc_time                              - Undefined Weak Reference
    _getenv_init                              - Undefined Weak Reference
    _handle_redirection                       - Undefined Weak Reference
    _init_alloc                               - Undefined Weak Reference
    _init_user_alloc                          - Undefined Weak Reference
    _initio                                   - Undefined Weak Reference
    _rand_init                                - Undefined Weak Reference
    _signal_finish                            - Undefined Weak Reference
    _signal_init                              - Undefined Weak Reference
    _terminate_alloc                          - Undefined Weak Reference
    _terminate_user_alloc                     - Undefined Weak Reference
    _terminateio                              - Undefined Weak Reference
    __Vectors_Size                           0x000000c0   Number         0  startup_stm32g031xx.o ABSOLUTE
    __Vectors                                0x08000000   Data           4  startup_stm32g031xx.o(RESET)
    __Vectors_End                            0x080000c0   Data           0  startup_stm32g031xx.o(RESET)
    __main                                   0x080000c1   Thumb Code     8  __main.o(!!!main)
    __scatterload                            0x080000c9   Thumb Code     0  __scatter.o(!!!scatter)
    __scatterload_rt2                        0x080000c9   Thumb Code    52  __scatter.o(!!!scatter)
    __scatterload_rt2_thumb_only             0x080000c9   Thumb Code     0  __scatter.o(!!!scatter)
    __scatterload_null                       0x080000d9   Thumb Code     0  __scatter.o(!!!scatter)
    __scatterload_zeroinit                   0x08000105   Thumb Code    28  __scatter_zi.o(!!handler_zi)
    __rt_lib_init                            0x08000121   Thumb Code     0  libinit.o(.ARM.Collect$$libinit$$00000000)
    __rt_lib_init_alloca_1                   0x08000123   Thumb Code     0  libinit2.o(.ARM.Collect$$libinit$$0000002E)
    __rt_lib_init_argv_1                     0x08000123   Thumb Code     0  libinit2.o(.ARM.Collect$$libinit$$0000002C)
    __rt_lib_init_atexit_1                   0x08000123   Thumb Code     0  libinit2.o(.ARM.Collect$$libinit$$0000001B)
    __rt_lib_init_clock_1                    0x08000123   Thumb Code     0  libinit2.o(.ARM.Collect$$libinit$$00000021)
    __rt_lib_init_cpp_1                      0x08000123   Thumb Code     0  libinit2.o(.ARM.Collect$$libinit$$00000032)
    __rt_lib_init_exceptions_1               0x08000123   Thumb Code     0  libinit2.o(.ARM.Collect$$libinit$$00000030)
    __rt_lib_init_fp_1                       0x08000123   Thumb Code     0  libinit2.o(.ARM.Collect$$libinit$$00000002)
    __rt_lib_init_fp_trap_1                  0x08000123   Thumb Code     0  libinit2.o(.ARM.Collect$$libinit$$0000001F)
    __rt_lib_init_getenv_1                   0x08000123   Thumb Code     0  libinit2.o(.ARM.Collect$$libinit$$00000023)
    __rt_lib_init_heap_1                     0x08000123   Thumb Code     0  libinit2.o(.ARM.Collect$$libinit$$0000000A)
    __rt_lib_init_lc_collate_1               0x08000123   Thumb Code     0  libinit2.o(.ARM.Collect$$libinit$$00000011)
    __rt_lib_init_lc_ctype_1                 0x08000123   Thumb Code     0  libinit2.o(.ARM.Collect$$libinit$$00000013)
    __rt_lib_init_lc_monetary_1              0x08000123   Thumb Code     0  libinit2.o(.ARM.Collect$$libinit$$00000015)
    __rt_lib_init_lc_numeric_1               0x08000123   Thumb Code     0  libinit2.o(.ARM.Collect$$libinit$$00000017)
    __rt_lib_init_lc_time_1                  0x08000123   Thumb Code     0  libinit2.o(.ARM.Collect$$libinit$$00000019)
    __rt_lib_init_preinit_1                  0x08000123   Thumb Code     0  libinit2.o(.ARM.Collect$$libinit$$00000004)
    __rt_lib_init_rand_1                     0x08000123   Thumb Code     0  libinit2.o(.ARM.Collect$$libinit$$0000000E)
    __rt_lib_init_return                     0x08000123   Thumb Code     0  libinit2.o(.ARM.Collect$$libinit$$00000033)
    __rt_lib_init_signal_1                   0x08000123   Thumb Code     0  libinit2.o(.ARM.Collect$$libinit$$0000001D)
    __rt_lib_init_stdio_1                    0x08000123   Thumb Code     0  libinit2.o(.ARM.Collect$$libinit$$00000025)
    __rt_lib_init_user_alloc_1               0x08000123   Thumb Code     0  libinit2.o(.ARM.Collect$$libinit$$0000000C)
    __rt_lib_shutdown                        0x08000125   Thumb Code     0  libshutdown.o(.ARM.Collect$$libshutdown$$00000000)
    __rt_lib_shutdown_cpp_1                  0x08000127   Thumb Code     0  libshutdown2.o(.ARM.Collect$$libshutdown$$00000002)
    __rt_lib_shutdown_fp_trap_1              0x08000127   Thumb Code     0  libshutdown2.o(.ARM.Collect$$libshutdown$$00000007)
    __rt_lib_shutdown_heap_1                 0x08000127   Thumb Code     0  libshutdown2.o(.ARM.Collect$$libshutdown$$0000000F)
    __rt_lib_shutdown_return                 0x08000127   Thumb Code     0  libshutdown2.o(.ARM.Collect$$libshutdown$$00000010)
    __rt_lib_shutdown_signal_1               0x08000127   Thumb Code     0  libshutdown2.o(.ARM.Collect$$libshutdown$$0000000A)
    __rt_lib_shutdown_stdio_1                0x08000127   Thumb Code     0  libshutdown2.o(.ARM.Collect$$libshutdown$$00000004)
    __rt_lib_shutdown_user_alloc_1           0x08000127   Thumb Code     0  libshutdown2.o(.ARM.Collect$$libshutdown$$0000000C)
    __rt_entry                               0x08000129   Thumb Code     0  __rtentry.o(.ARM.Collect$$rtentry$$00000000)
    __rt_entry_presh_1                       0x08000129   Thumb Code     0  __rtentry2.o(.ARM.Collect$$rtentry$$00000002)
    __rt_entry_sh                            0x08000129   Thumb Code     0  __rtentry4.o(.ARM.Collect$$rtentry$$00000004)
    __rt_entry_li                            0x0800012f   Thumb Code     0  __rtentry2.o(.ARM.Collect$$rtentry$$0000000A)
    __rt_entry_postsh_1                      0x0800012f   Thumb Code     0  __rtentry2.o(.ARM.Collect$$rtentry$$00000009)
    __rt_entry_main                          0x08000133   Thumb Code     0  __rtentry2.o(.ARM.Collect$$rtentry$$0000000D)
    __rt_entry_postli_1                      0x08000133   Thumb Code     0  __rtentry2.o(.ARM.Collect$$rtentry$$0000000C)
    __rt_exit                                0x0800013b   Thumb Code     0  rtexit.o(.ARM.Collect$$rtexit$$00000000)
    __rt_exit_ls                             0x0800013d   Thumb Code     0  rtexit2.o(.ARM.Collect$$rtexit$$00000003)
    __rt_exit_prels_1                        0x0800013d   Thumb Code     0  rtexit2.o(.ARM.Collect$$rtexit$$00000002)
    __rt_exit_exit                           0x08000141   Thumb Code     0  rtexit2.o(.ARM.Collect$$rtexit$$00000004)
    Reset_Handler                            0x08000149   Thumb Code     8  startup_stm32g031xx.o(.text)
    ADC1_IRQHandler                          0x0800015b   Thumb Code     0  startup_stm32g031xx.o(.text)
    DMA1_Ch4_5_DMAMUX1_OVR_IRQHandler        0x0800015b   Thumb Code     0  startup_stm32g031xx.o(.text)
    DMA1_Channel2_3_IRQHandler               0x0800015b   Thumb Code     0  startup_stm32g031xx.o(.text)
    EXTI0_1_IRQHandler                       0x0800015b   Thumb Code     0  startup_stm32g031xx.o(.text)
    EXTI2_3_IRQHandler                       0x0800015b   Thumb Code     0  startup_stm32g031xx.o(.text)
    EXTI4_15_IRQHandler                      0x0800015b   Thumb Code     0  startup_stm32g031xx.o(.text)
    FLASH_IRQHandler                         0x0800015b   Thumb Code     0  startup_stm32g031xx.o(.text)
    I2C2_IRQHandler                          0x0800015b   Thumb Code     0  startup_stm32g031xx.o(.text)
    LPTIM1_IRQHandler                        0x0800015b   Thumb Code     0  startup_stm32g031xx.o(.text)
    LPTIM2_IRQHandler                        0x0800015b   Thumb Code     0  startup_stm32g031xx.o(.text)
    LPUART1_IRQHandler                       0x0800015b   Thumb Code     0  startup_stm32g031xx.o(.text)
    PVD_IRQHandler                           0x0800015b   Thumb Code     0  startup_stm32g031xx.o(.text)
    RCC_IRQHandler                           0x0800015b   Thumb Code     0  startup_stm32g031xx.o(.text)
    RTC_TAMP_IRQHandler                      0x0800015b   Thumb Code     0  startup_stm32g031xx.o(.text)
    SPI1_IRQHandler                          0x0800015b   Thumb Code     0  startup_stm32g031xx.o(.text)
    SPI2_IRQHandler                          0x0800015b   Thumb Code     0  startup_stm32g031xx.o(.text)
    TIM14_IRQHandler                         0x0800015b   Thumb Code     0  startup_stm32g031xx.o(.text)
    TIM16_IRQHandler                         0x0800015b   Thumb Code     0  startup_stm32g031xx.o(.text)
    TIM17_IRQHandler                         0x0800015b   Thumb Code     0  startup_stm32g031xx.o(.text)
    TIM1_BRK_UP_TRG_COM_IRQHandler           0x0800015b   Thumb Code     0  startup_stm32g031xx.o(.text)
    TIM1_CC_IRQHandler                       0x0800015b   Thumb Code     0  startup_stm32g031xx.o(.text)
    TIM3_IRQHandler                          0x0800015b   Thumb Code     0  startup_stm32g031xx.o(.text)
    USART1_IRQHandler                        0x0800015b   Thumb Code     0  startup_stm32g031xx.o(.text)
    USART2_IRQHandler                        0x0800015b   Thumb Code     0  startup_stm32g031xx.o(.text)
    WWDG_IRQHandler                          0x0800015b   Thumb Code     0  startup_stm32g031xx.o(.text)
    __user_initial_stackheap                 0x0800015d   Thumb Code     0  startup_stm32g031xx.o(.text)
    __aeabi_uldivmod                         0x08000181   Thumb Code   258  lludiv.o(.text)
    _ll_udiv                                 0x08000181   Thumb Code     0  lludiv.o(.text)
    _memset_w                                0x08000283   Thumb Code    26  rt_memclr.o(.text)
    _memset                                  0x0800029d   Thumb Code    30  rt_memclr.o(.text)
    __aeabi_memclr                           0x080002bb   Thumb Code     4  rt_memclr.o(.text)
    __rt_memclr                              0x080002bb   Thumb Code     0  rt_memclr.o(.text)
    __aeabi_memclr4                          0x080002bf   Thumb Code     0  rt_memclr.o(.text)
    __aeabi_memclr8                          0x080002bf   Thumb Code     0  rt_memclr.o(.text)
    __rt_memclr_w                            0x080002bf   Thumb Code     4  rt_memclr.o(.text)
    __aeabi_uidiv                            0x080002c3   Thumb Code     0  aeabi_sdiv.o(.text)
    __aeabi_uidivmod                         0x080002c3   Thumb Code    20  aeabi_sdiv.o(.text)
    __aeabi_idiv                             0x080002d7   Thumb Code     0  aeabi_sdiv.o(.text)
    __aeabi_idivmod                          0x080002d7   Thumb Code   326  aeabi_sdiv.o(.text)
    __use_two_region_memory                  0x0800041d   Thumb Code     2  heapauxi.o(.text)
    __rt_heap_escrow$2region                 0x0800041f   Thumb Code     2  heapauxi.o(.text)
    __rt_heap_expand$2region                 0x08000421   Thumb Code     2  heapauxi.o(.text)
    __aeabi_d2f                              0x08000425   Thumb Code     0  d2f.o(.text)
    _d2f                                     0x08000425   Thumb Code   120  d2f.o(.text)
    __aeabi_dadd                             0x08000799   Thumb Code     0  daddsub.o(.text)
    _dadd                                    0x08000799   Thumb Code    26  daddsub.o(.text)
    __aeabi_dsub                             0x080007b3   Thumb Code     0  daddsub.o(.text)
    _dsub                                    0x080007b3   Thumb Code    22  daddsub.o(.text)
    __aeabi_drsub                            0x080007c9   Thumb Code     0  daddsub.o(.text)
    _drsb                                    0x080007c9   Thumb Code    28  daddsub.o(.text)
    __aeabi_ddiv                             0x080007f9   Thumb Code     0  ddiv.o(.text)
    _ddiv                                    0x080007f9   Thumb Code  1072  ddiv.o(.text)
    _drdiv                                   0x08000c29   Thumb Code    20  ddiv.o(.text)
    __aeabi_d2iz                             0x08000c41   Thumb Code     0  dfixi.o(.text)
    _dfix                                    0x08000c41   Thumb Code    98  dfixi.o(.text)
    __aeabi_d2uiz                            0x08000cad   Thumb Code     0  dfixui.o(.text)
    _dfixu                                   0x08000cad   Thumb Code    68  dfixui.o(.text)
    __aeabi_i2d_normalise                    0x08000cf5   Thumb Code    66  dflti.o(.text)
    __aeabi_i2d                              0x08000d37   Thumb Code    16  dflti.o(.text)
    _dflt                                    0x08000d37   Thumb Code     0  dflti.o(.text)
    __aeabi_ui2d                             0x08000d47   Thumb Code     6  dflti.o(.text)
    _dfltu                                   0x08000d47   Thumb Code     0  dflti.o(.text)
    __aeabi_dmul                             0x08000d4d   Thumb Code     0  dmul.o(.text)
    _dmul                                    0x08000d4d   Thumb Code   558  dmul.o(.text)
    __aeabi_f2d                              0x08000f95   Thumb Code     0  f2d.o(.text)
    _f2d                                     0x08000f95   Thumb Code    80  f2d.o(.text)
    __aeabi_fdiv                             0x08000fe9   Thumb Code     0  fdiv.o(.text)
    _fdiv                                    0x08000fe9   Thumb Code   334  fdiv.o(.text)
    _frdiv                                   0x08001137   Thumb Code     8  fdiv.o(.text)
    __aeabi_f2iz                             0x08001149   Thumb Code     0  ffixi.o(.text)
    _ffix                                    0x08001149   Thumb Code    76  ffixi.o(.text)
    __aeabi_f2uiz                            0x08001195   Thumb Code     0  ffixui.o(.text)
    _ffixu                                   0x08001195   Thumb Code    48  ffixui.o(.text)
    __aeabi_i2f_normalise                    0x080011c5   Thumb Code    72  fflti.o(.text)
    __aeabi_i2f                              0x0800120d   Thumb Code    16  fflti.o(.text)
    _fflt                                    0x0800120d   Thumb Code     0  fflti.o(.text)
    __aeabi_ui2f                             0x0800121d   Thumb Code     6  fflti.o(.text)
    _ffltu                                   0x0800121d   Thumb Code     0  fflti.o(.text)
    __ARM_scalbnf                            0x08001225   Thumb Code    64  fscalbn.o(.text)
    __read_errno                             0x08001269   Thumb Code    10  _rserrno.o(.text)
    __set_errno                              0x08001273   Thumb Code    12  _rserrno.o(.text)
    __fpl_dcmp_InfNaN                        0x08001281   Thumb Code   140  dcmpin.o(.text)
    _drem                                    0x08001311   Thumb Code   368  drem.o(.text)
    __fpl_fcmp_InfNaN                        0x08001491   Thumb Code    96  fcmpin.o(.text)
    __aeabi_errno_addr                       0x080014f5   Thumb Code     8  rt_errno_addr_intlibspace.o(.text)
    __errno$intlibspace                      0x080014f5   Thumb Code     0  rt_errno_addr_intlibspace.o(.text)
    __rt_errno_addr$intlibspace              0x080014f5   Thumb Code     0  rt_errno_addr_intlibspace.o(.text)
    __fpl_cmpreturn                          0x080014fd   Thumb Code    46  cmpret.o(.text)
    __fpl_dcheck_NaN2                        0x0800152d   Thumb Code    14  dnan2.o(.text)
    __ARM_scalbn                             0x08001541   Thumb Code    84  dscalbn.o(.text)
    __fpl_fcheck_NaN2                        0x080015a1   Thumb Code    10  fnan2.o(.text)
    __user_libspace                          0x080015b1   Thumb Code     8  libspace.o(.text)
    __user_perproc_libspace                  0x080015b1   Thumb Code     0  libspace.o(.text)
    __user_perthread_libspace                0x080015b1   Thumb Code     0  libspace.o(.text)
    __user_setup_stackheap                   0x080015b9   Thumb Code    62  sys_stackheap_outer.o(.text)
    exit                                     0x080015f7   Thumb Code    16  exit.o(.text)
    __fpl_return_NaN                         0x08001607   Thumb Code    94  retnan.o(.text)
    _sys_exit                                0x08001665   Thumb Code     8  sys_exit.o(.text)
    __I$use$semihosting                      0x08001671   Thumb Code     0  use_no_semi.o(.text)
    __use_no_semihosting_swi                 0x08001671   Thumb Code     2  use_no_semi.o(.text)
    __decompress                             0x08001673   Thumb Code     0  __dclz77c.o(.text)
    __decompress2                            0x08001673   Thumb Code    96  __dclz77c.o(.text)
    __semihosting_library_function           0x08001673   Thumb Code     0  indicate_semi.o(.text)
    ADC_Enable                               0x08001779   Thumb Code   162  stm32g0xx_hal_adc.o(i.ADC_Enable)
    Current_calibrateOffsets                 0x0800182d   Thumb Code   106  lowsidecurrentsense.o(i.Current_calibrateOffsets)
    DMA1_Channel1_IRQHandler                 0x080018a1   Thumb Code    10  stm32g0xx_it.o(i.DMA1_Channel1_IRQHandler)
    Error_Handler                            0x08001951   Thumb Code     4  main.o(i.Error_Handler)
    HAL_ADC_ConfigChannel                    0x08001955   Thumb Code   522  stm32g0xx_hal_adc.o(i.HAL_ADC_ConfigChannel)
    HAL_ADC_ConvCpltCallback                 0x08001b79   Thumb Code     2  stm32g0xx_hal_adc.o(i.HAL_ADC_ConvCpltCallback)
    HAL_ADC_ConvHalfCpltCallback             0x08001b7b   Thumb Code     2  stm32g0xx_hal_adc.o(i.HAL_ADC_ConvHalfCpltCallback)
    HAL_ADC_ErrorCallback                    0x08001b7d   Thumb Code     2  stm32g0xx_hal_adc.o(i.HAL_ADC_ErrorCallback)
    HAL_ADC_Init                             0x08001b81   Thumb Code   514  stm32g0xx_hal_adc.o(i.HAL_ADC_Init)
    HAL_ADC_MspInit                          0x08001da1   Thumb Code   166  adc.o(i.HAL_ADC_MspInit)
    HAL_ADC_Start_DMA                        0x08001e59   Thumb Code   158  stm32g0xx_hal_adc.o(i.HAL_ADC_Start_DMA)
    HAL_DMA_Abort_IT                         0x08001f0d   Thumb Code   118  stm32g0xx_hal_dma.o(i.HAL_DMA_Abort_IT)
    HAL_DMA_GetState                         0x08001f89   Thumb Code     6  stm32g0xx_hal_dma.o(i.HAL_DMA_GetState)
    HAL_DMA_IRQHandler                       0x08001f91   Thumb Code   180  stm32g0xx_hal_dma.o(i.HAL_DMA_IRQHandler)
    HAL_DMA_Init                             0x08002049   Thumb Code   156  stm32g0xx_hal_dma.o(i.HAL_DMA_Init)
    HAL_DMA_Start_IT                         0x080020ed   Thumb Code   136  stm32g0xx_hal_dma.o(i.HAL_DMA_Start_IT)
    HAL_Delay                                0x08002179   Thumb Code    32  stm32g0xx_hal.o(i.HAL_Delay)
    HAL_GPIO_DeInit                          0x0800219d   Thumb Code   196  stm32g0xx_hal_gpio.o(i.HAL_GPIO_DeInit)
    HAL_GPIO_Init                            0x08002271   Thumb Code   330  stm32g0xx_hal_gpio.o(i.HAL_GPIO_Init)
    HAL_GPIO_TogglePin                       0x080023cd   Thumb Code    16  stm32g0xx_hal_gpio.o(i.HAL_GPIO_TogglePin)
    HAL_GPIO_WritePin                        0x080023dd   Thumb Code    12  stm32g0xx_hal_gpio.o(i.HAL_GPIO_WritePin)
    HAL_GetTick                              0x080023e9   Thumb Code     6  stm32g0xx_hal.o(i.HAL_GetTick)
    HAL_I2CEx_ConfigAnalogFilter             0x080023f5   Thumb Code    74  stm32g0xx_hal_i2c_ex.o(i.HAL_I2CEx_ConfigAnalogFilter)
    HAL_I2CEx_ConfigDigitalFilter            0x0800243f   Thumb Code    72  stm32g0xx_hal_i2c_ex.o(i.HAL_I2CEx_ConfigDigitalFilter)
    HAL_I2C_AbortCpltCallback                0x08002487   Thumb Code     2  stm32g0xx_hal_i2c.o(i.HAL_I2C_AbortCpltCallback)
    HAL_I2C_AddrCallback                     0x08002489   Thumb Code   162  main.o(i.HAL_I2C_AddrCallback)
    HAL_I2C_DeInit                           0x08002569   Thumb Code    52  stm32g0xx_hal_i2c.o(i.HAL_I2C_DeInit)
    HAL_I2C_ER_IRQHandler                    0x0800259d   Thumb Code    94  stm32g0xx_hal_i2c.o(i.HAL_I2C_ER_IRQHandler)
    HAL_I2C_EV_IRQHandler                    0x080025fb   Thumb Code    16  stm32g0xx_hal_i2c.o(i.HAL_I2C_EV_IRQHandler)
    HAL_I2C_EnableListen_IT                  0x0800260d   Thumb Code    36  stm32g0xx_hal_i2c.o(i.HAL_I2C_EnableListen_IT)
    HAL_I2C_ErrorCallback                    0x08002635   Thumb Code    22  main.o(i.HAL_I2C_ErrorCallback)
    HAL_I2C_Init                             0x08002655   Thumb Code   176  stm32g0xx_hal_i2c.o(i.HAL_I2C_Init)
    HAL_I2C_ListenCpltCallback               0x08002709   Thumb Code     8  main.o(i.HAL_I2C_ListenCpltCallback)
    HAL_I2C_MasterRxCpltCallback             0x08002711   Thumb Code     2  stm32g0xx_hal_i2c.o(i.HAL_I2C_MasterRxCpltCallback)
    HAL_I2C_MasterTxCpltCallback             0x08002713   Thumb Code     2  stm32g0xx_hal_i2c.o(i.HAL_I2C_MasterTxCpltCallback)
    HAL_I2C_MemRxCpltCallback                0x08002715   Thumb Code     2  stm32g0xx_hal_i2c.o(i.HAL_I2C_MemRxCpltCallback)
    HAL_I2C_MemTxCpltCallback                0x08002717   Thumb Code     2  stm32g0xx_hal_i2c.o(i.HAL_I2C_MemTxCpltCallback)
    HAL_I2C_MspDeInit                        0x08002719   Thumb Code    50  i2c.o(i.HAL_I2C_MspDeInit)
    HAL_I2C_MspInit                          0x08002759   Thumb Code   130  i2c.o(i.HAL_I2C_MspInit)
    HAL_I2C_SlaveRxCpltCallback              0x080027e9   Thumb Code   156  main.o(i.HAL_I2C_SlaveRxCpltCallback)
    HAL_I2C_SlaveTxCpltCallback              0x080028b5   Thumb Code     2  main.o(i.HAL_I2C_SlaveTxCpltCallback)
    HAL_I2C_Slave_Receive_IT                 0x080028b9   Thumb Code    78  stm32g0xx_hal_i2c.o(i.HAL_I2C_Slave_Receive_IT)
    HAL_I2C_Slave_Seq_Receive_IT             0x08002911   Thumb Code   190  stm32g0xx_hal_i2c.o(i.HAL_I2C_Slave_Seq_Receive_IT)
    HAL_I2C_Slave_Seq_Transmit_IT            0x080029dd   Thumb Code   194  stm32g0xx_hal_i2c.o(i.HAL_I2C_Slave_Seq_Transmit_IT)
    HAL_IncTick                              0x08002aad   Thumb Code    12  stm32g0xx_hal.o(i.HAL_IncTick)
    HAL_Init                                 0x08002abd   Thumb Code    36  stm32g0xx_hal.o(i.HAL_Init)
    HAL_InitTick                             0x08002ae5   Thumb Code    64  stm32g0xx_hal.o(i.HAL_InitTick)
    HAL_MspInit                              0x08002b2d   Thumb Code    38  stm32g0xx_hal_msp.o(i.HAL_MspInit)
    HAL_NVIC_DisableIRQ                      0x08002b59   Thumb Code    26  stm32g0xx_hal_cortex.o(i.HAL_NVIC_DisableIRQ)
    HAL_NVIC_EnableIRQ                       0x08002b79   Thumb Code    18  stm32g0xx_hal_cortex.o(i.HAL_NVIC_EnableIRQ)
    HAL_NVIC_SetPriority                     0x08002b91   Thumb Code     8  stm32g0xx_hal_cortex.o(i.HAL_NVIC_SetPriority)
    HAL_PWREx_ControlVoltageScaling          0x08002b99   Thumb Code    62  stm32g0xx_hal_pwr_ex.o(i.HAL_PWREx_ControlVoltageScaling)
    HAL_RCCEx_PeriphCLKConfig                0x08002be5   Thumb Code   420  stm32g0xx_hal_rcc_ex.o(i.HAL_RCCEx_PeriphCLKConfig)
    HAL_RCC_ClockConfig                      0x08002d95   Thumb Code   318  stm32g0xx_hal_rcc.o(i.HAL_RCC_ClockConfig)
    HAL_RCC_GetPCLK1Freq                     0x08002eed   Thumb Code    26  stm32g0xx_hal_rcc.o(i.HAL_RCC_GetPCLK1Freq)
    HAL_RCC_GetSysClockFreq                  0x08002f15   Thumb Code   130  stm32g0xx_hal_rcc.o(i.HAL_RCC_GetSysClockFreq)
    HAL_RCC_OscConfig                        0x08002fa1   Thumb Code   962  stm32g0xx_hal_rcc.o(i.HAL_RCC_OscConfig)
    HAL_SPI_Init                             0x08003389   Thumb Code   238  stm32g0xx_hal_spi.o(i.HAL_SPI_Init)
    HAL_SPI_MspInit                          0x08003479   Thumb Code    82  spi.o(i.HAL_SPI_MspInit)
    HAL_SPI_Receive                          0x080034d9   Thumb Code   360  stm32g0xx_hal_spi.o(i.HAL_SPI_Receive)
    HAL_SPI_Transmit                         0x08003641   Thumb Code   352  stm32g0xx_hal_spi.o(i.HAL_SPI_Transmit)
    HAL_SPI_TransmitReceive                  0x080037a1   Thumb Code   498  stm32g0xx_hal_spi.o(i.HAL_SPI_TransmitReceive)
    HAL_SYSTICK_Config                       0x08003995   Thumb Code    38  stm32g0xx_hal_cortex.o(i.HAL_SYSTICK_Config)
    HAL_TIMEx_Break2Callback                 0x080039c5   Thumb Code     2  stm32g0xx_hal_tim_ex.o(i.HAL_TIMEx_Break2Callback)
    HAL_TIMEx_BreakCallback                  0x080039c7   Thumb Code     2  stm32g0xx_hal_tim_ex.o(i.HAL_TIMEx_BreakCallback)
    HAL_TIMEx_CommutCallback                 0x080039c9   Thumb Code     2  stm32g0xx_hal_tim_ex.o(i.HAL_TIMEx_CommutCallback)
    HAL_TIMEx_ConfigBreakDeadTime            0x080039cd   Thumb Code   168  stm32g0xx_hal_tim_ex.o(i.HAL_TIMEx_ConfigBreakDeadTime)
    HAL_TIMEx_MasterConfigSynchronization    0x08003a79   Thumb Code    98  stm32g0xx_hal_tim_ex.o(i.HAL_TIMEx_MasterConfigSynchronization)
    HAL_TIM_Base_Init                        0x08003ae5   Thumb Code    76  stm32g0xx_hal_tim.o(i.HAL_TIM_Base_Init)
    HAL_TIM_Base_MspInit                     0x08003b31   Thumb Code   110  tim.o(i.HAL_TIM_Base_MspInit)
    HAL_TIM_Base_Start_IT                    0x08003ba9   Thumb Code    74  stm32g0xx_hal_tim.o(i.HAL_TIM_Base_Start_IT)
    HAL_TIM_ConfigClockSource                0x08003c01   Thumb Code   220  stm32g0xx_hal_tim.o(i.HAL_TIM_ConfigClockSource)
    HAL_TIM_IC_CaptureCallback               0x08003ce1   Thumb Code     2  stm32g0xx_hal_tim.o(i.HAL_TIM_IC_CaptureCallback)
    HAL_TIM_IRQHandler                       0x08003ce5   Thumb Code   382  stm32g0xx_hal_tim.o(i.HAL_TIM_IRQHandler)
    HAL_TIM_MspPostInit                      0x08003e69   Thumb Code    70  tim.o(i.HAL_TIM_MspPostInit)
    HAL_TIM_OC_ConfigChannel                 0x08003eb9   Thumb Code   108  stm32g0xx_hal_tim.o(i.HAL_TIM_OC_ConfigChannel)
    HAL_TIM_OC_DelayElapsedCallback          0x08003f25   Thumb Code     2  stm32g0xx_hal_tim.o(i.HAL_TIM_OC_DelayElapsedCallback)
    HAL_TIM_OC_Init                          0x08003f27   Thumb Code    76  stm32g0xx_hal_tim.o(i.HAL_TIM_OC_Init)
    HAL_TIM_OC_MspInit                       0x08003f73   Thumb Code     2  stm32g0xx_hal_tim.o(i.HAL_TIM_OC_MspInit)
    HAL_TIM_PWM_ConfigChannel                0x08003f75   Thumb Code   296  stm32g0xx_hal_tim.o(i.HAL_TIM_PWM_ConfigChannel)
    HAL_TIM_PWM_Init                         0x0800409d   Thumb Code    76  stm32g0xx_hal_tim.o(i.HAL_TIM_PWM_Init)
    HAL_TIM_PWM_MspInit                      0x080040e9   Thumb Code     2  stm32g0xx_hal_tim.o(i.HAL_TIM_PWM_MspInit)
    HAL_TIM_PWM_PulseFinishedCallback        0x080040eb   Thumb Code     2  stm32g0xx_hal_tim.o(i.HAL_TIM_PWM_PulseFinishedCallback)
    HAL_TIM_PWM_Start                        0x080040ed   Thumb Code   178  stm32g0xx_hal_tim.o(i.HAL_TIM_PWM_Start)
    HAL_TIM_PeriodElapsedCallback            0x080041b5   Thumb Code   106  main.o(i.HAL_TIM_PeriodElapsedCallback)
    HAL_TIM_TriggerCallback                  0x0800423d   Thumb Code     2  stm32g0xx_hal_tim.o(i.HAL_TIM_TriggerCallback)
    HAL_UARTEx_DisableFifoMode               0x0800423f   Thumb Code    60  stm32g0xx_hal_uart_ex.o(i.HAL_UARTEx_DisableFifoMode)
    HAL_UARTEx_SetRxFifoThreshold            0x0800427b   Thumb Code    72  stm32g0xx_hal_uart_ex.o(i.HAL_UARTEx_SetRxFifoThreshold)
    HAL_UARTEx_SetTxFifoThreshold            0x080042c3   Thumb Code    70  stm32g0xx_hal_uart_ex.o(i.HAL_UARTEx_SetTxFifoThreshold)
    HAL_UART_Init                            0x08004309   Thumb Code   108  stm32g0xx_hal_uart.o(i.HAL_UART_Init)
    HAL_UART_MspInit                         0x08004375   Thumb Code   110  usart.o(i.HAL_UART_MspInit)
    HardFault_Handler                        0x080043f1   Thumb Code     2  stm32g0xx_it.o(i.HardFault_Handler)
    I2C1_IRQHandler                          0x080043f5   Thumb Code    28  stm32g0xx_it.o(i.I2C1_IRQHandler)
    LPF_init                                 0x08004d85   Thumb Code    30  lowpass_filter.o(i.LPF_init)
    LPFoperator                              0x08004dad   Thumb Code   118  lowpass_filter.o(i.LPFoperator)
    LowsideCurrentSense                      0x08004e39   Thumb Code    22  lowsidecurrentsense.o(i.LowsideCurrentSense)
    LowsideCurrentSense_Init                 0x08004e61   Thumb Code     8  lowsidecurrentsense.o(i.LowsideCurrentSense_Init)
    MX_ADC1_Init                             0x08004e69   Thumb Code   200  adc.o(i.MX_ADC1_Init)
    MX_DMA_Init                              0x08004f4d   Thumb Code    36  dma.o(i.MX_DMA_Init)
    MX_GPIO_Init                             0x08004f75   Thumb Code   180  gpio.o(i.MX_GPIO_Init)
    MX_I2C1_Init                             0x08005035   Thumb Code    78  i2c.o(i.MX_I2C1_Init)
    MX_SPI1_Init                             0x08005091   Thumb Code    70  spi.o(i.MX_SPI1_Init)
    MX_TIM1_Init                             0x080050e1   Thumb Code   318  tim.o(i.MX_TIM1_Init)
    MX_TIM2_Init                             0x0800522d   Thumb Code   100  tim.o(i.MX_TIM2_Init)
    MX_USART1_UART_Init                      0x08005299   Thumb Code    96  usart.o(i.MX_USART1_UART_Init)
    MagneticSensor_Init                      0x08005301   Thumb Code    30  magneticsensor.o(i.MagneticSensor_Init)
    Motor_init                               0x08005329   Thumb Code    64  bldcmotor.o(i.Motor_init)
    Motor_initFOC                            0x08005385   Thumb Code    76  bldcmotor.o(i.Motor_initFOC)
    NMI_Handler                              0x080053ed   Thumb Code     2  stm32g0xx_it.o(i.NMI_Handler)
    PID_init                                 0x080053f1   Thumb Code   102  pid.o(i.PID_init)
    PIDoperator                              0x0800546d   Thumb Code   312  pid.o(i.PIDoperator)
    PendSV_Handler                           0x080055bd   Thumb Code     2  stm32g0xx_it.o(i.PendSV_Handler)
    ReadTLE5012B_1                           0x080055c1   Thumb Code    86  magneticsensor.o(i.ReadTLE5012B_1)
    SVC_Handler                              0x08005875   Thumb Code     2  stm32g0xx_it.o(i.SVC_Handler)
    SysTick_Handler                          0x08005877   Thumb Code     8  stm32g0xx_it.o(i.SysTick_Handler)
    SystemClock_Config                       0x0800587f   Thumb Code   108  main.o(i.SystemClock_Config)
    SystemInit                               0x080058eb   Thumb Code     2  system_stm32g0xx.o(i.SystemInit)
    TIM2_IRQHandler                          0x080058ed   Thumb Code    10  stm32g0xx_it.o(i.TIM2_IRQHandler)
    TIM_Base_SetConfig                       0x080058fd   Thumb Code   112  stm32g0xx_hal_tim.o(i.TIM_Base_SetConfig)
    TIM_CCxChannelCmd                        0x08005981   Thumb Code    26  stm32g0xx_hal_tim.o(i.TIM_CCxChannelCmd)
    TIM_ETR_SetConfig                        0x0800599b   Thumb Code    22  stm32g0xx_hal_tim.o(i.TIM_ETR_SetConfig)
    TIM_OC2_SetConfig                        0x08005a41   Thumb Code   108  stm32g0xx_hal_tim.o(i.TIM_OC2_SetConfig)
    UART_AdvFeatureConfig                    0x08005cf1   Thumb Code   202  stm32g0xx_hal_uart.o(i.UART_AdvFeatureConfig)
    UART_CheckIdleState                      0x08005dbd   Thumb Code    94  stm32g0xx_hal_uart.o(i.UART_CheckIdleState)
    UART_SetConfig                           0x08005e21   Thumb Code   482  stm32g0xx_hal_uart.o(i.UART_SetConfig)
    UART_WaitOnFlagUntilTimeout              0x0800602d   Thumb Code   210  stm32g0xx_hal_uart.o(i.UART_WaitOnFlagUntilTimeout)
    __ARM_common_switch8                     0x080060ff   Thumb Code    26  main.o(i.__ARM_common_switch8)
    __ARM_fpclassify                         0x08006119   Thumb Code    40  fpclassify.o(i.__ARM_fpclassify)
    __kernel_poly                            0x08006189   Thumb Code   172  poly.o(i.__kernel_poly)
    __mathlib_dbl_infnan                     0x08006235   Thumb Code    10  dunder.o(i.__mathlib_dbl_infnan)
    __mathlib_dbl_infnan2                    0x0800623f   Thumb Code     8  dunder.o(i.__mathlib_dbl_infnan2)
    __mathlib_dbl_invalid                    0x08006247   Thumb Code    16  dunder.o(i.__mathlib_dbl_invalid)
    __mathlib_dbl_underflow                  0x08006259   Thumb Code    14  dunder.o(i.__mathlib_dbl_underflow)
    _cos                                     0x0800626d   Thumb Code    68  foc_utils.o(i._cos)
    _electricalAngle                         0x080062c5   Thumb Code    18  foc_utils.o(i._electricalAngle)
    _normalizeAngle                          0x080062d9   Thumb Code    54  foc_utils.o(i._normalizeAngle)
    _readADCVoltage                          0x08006319   Thumb Code    52  adc.o(i._readADCVoltage)
    _sin                                     0x08006361   Thumb Code   252  foc_utils.o(i._sin)
    _sqrtApprox                              0x08006489   Thumb Code    14  foc_utils.o(i._sqrtApprox)
    alignSensor                              0x0800649d   Thumb Code   382  bldcmotor.o(i.alignSensor)
    angleOpenloop                            0x08006649   Thumb Code   194  bldcmotor.o(i.angleOpenloop)
    atan                                     0x0800672d   Thumb Code   472  atan.o(i.atan)
    atan2                                    0x08006949   Thumb Code   334  atan2.o(i.atan2)
    electricalAngle                          0x08006ac1   Thumb Code    40  focmotor.o(i.electricalAngle)
    fmod                                     0x08006af1   Thumb Code   144  fmod.o(i.fmod)
    getAngle                                 0x08006b85   Thumb Code   160  magneticsensor.o(i.getAngle)
    getDCCurrent                             0x08006c41   Thumb Code   212  currentsense.o(i.getDCCurrent)
    getFOCCurrents                           0x08006d25   Thumb Code   180  currentsense.o(i.getFOCCurrents)
    getPhaseCurrents                         0x08006de9   Thumb Code   100  lowsidecurrentsense.o(i.getPhaseCurrents)
    getVelocity                              0x08006e5d   Thumb Code    96  magneticsensor.o(i.getVelocity)
    loopFOC                                  0x08006ed9   Thumb Code   172  bldcmotor.o(i.loopFOC)
    main                                     0x08006fb1   Thumb Code   242  main.o(i.main)
    move                                     0x080070f5   Thumb Code   140  bldcmotor.o(i.move)
    setPhaseVoltage                          0x080071a9   Thumb Code   670  bldcmotor.o(i.setPhaseVoltage)
    shaftAngle                               0x08007479   Thumb Code    32  focmotor.o(i.shaftAngle)
    shaftVelocity                            0x080074a1   Thumb Code    32  focmotor.o(i.shaftVelocity)
    velocityOpenloop                         0x080074c9   Thumb Code   116  bldcmotor.o(i.velocityOpenloop)
    __aeabi_cdrcmple                         0x0800755d   Thumb Code     0  drlef.o(x$fpl$drleqf)
    _drcmple                                 0x0800755d   Thumb Code   100  drlef.o(x$fpl$drleqf)
    __aeabi_fadd                             0x080075c5   Thumb Code     0  faddsub.o(x$fpl$fadd)
    _fadd                                    0x080075c5   Thumb Code   134  faddsub.o(x$fpl$fadd)
    __aeabi_cfcmpeq                          0x08007651   Thumb Code     0  feqf.o(x$fpl$feqf)
    _fcmpeq                                  0x08007651   Thumb Code    78  feqf.o(x$fpl$feqf)
    __aeabi_cfcmple                          0x080076a5   Thumb Code     0  flef.o(x$fpl$fleqf)
    _fcmple                                  0x080076a5   Thumb Code    78  flef.o(x$fpl$fleqf)
    __aeabi_fmul                             0x080076f9   Thumb Code     0  fmul.o(x$fpl$fmul)
    _fmul                                    0x080076f9   Thumb Code   172  fmul.o(x$fpl$fmul)
    __aeabi_cfrcmple                         0x080077a9   Thumb Code     0  frlef.o(x$fpl$frleqf)
    _frcmple                                 0x080077a9   Thumb Code    84  frlef.o(x$fpl$frleqf)
    __aeabi_frsub                            0x08007801   Thumb Code     0  faddsub.o(x$fpl$frsb)
    _frsb                                    0x08007801   Thumb Code    24  faddsub.o(x$fpl$frsb)
    __aeabi_fsub                             0x08007819   Thumb Code     0  faddsub.o(x$fpl$fsub)
    _fsub                                    0x08007819   Thumb Code   204  faddsub.o(x$fpl$fsub)
    UARTPrescTable                           0x080078e8   Data          24  stm32g0xx_hal_uart.o(.constdata)
    __I$use$fp                               0x080078e8   Number         0  usenofp.o(x$fpl$usenofp)
    AHBPrescTable                            0x08007910   Data          64  system_stm32g0xx.o(.constdata)
    APBPrescTable                            0x08007950   Data          32  system_stm32g0xx.o(.constdata)
    sine_array                               0x08007970   Data         800  foc_utils.o(.constdata)
    __mathlib_zero                           0x08007de8   Data           8  qnan.o(.constdata)
    Region$$Table$$Base                      0x08007df0   Number         0  anon$$obj.o(Region$$Table)
    Region$$Table$$Limit                     0x08007e10   Number         0  anon$$obj.o(Region$$Table)
    flag_500ms                               0x20000000   Data           1  main.o(.data)
    state                                    0x20000001   Data           1  main.o(.data)
    motor_en                                 0x20000002   Data           1  main.o(.data)
    t_sum                                    0x20000004   Data           4  main.o(.data)
    inc_num                                  0x20000008   Data           4  main.o(.data)
    time_cntr                                0x2000000c   Data           4  main.o(.data)
    target                                   0x20000010   Data           4  main.o(.data)
    rx_data                                  0x20000014   Data           4  main.o(.data)
    tx_data                                  0x20000018   Data           4  main.o(.data)
    temperature                              0x2000001c   Data           4  adc.o(.data)
    v_vref                                   0x20000020   Data           4  adc.o(.data)
    uwTickFreq                               0x20000024   Data           1  stm32g0xx_hal.o(.data)
    uwTickPrio                               0x20000028   Data           4  stm32g0xx_hal.o(.data)
    uwTick                                   0x2000002c   Data           4  stm32g0xx_hal.o(.data)
    SystemCoreClock                          0x20000030   Data           4  system_stm32g0xx.o(.data)
    sensor_offset                            0x20000034   Data           4  focmotor.o(.data)
    shaft_angle                              0x20000038   Data           4  focmotor.o(.data)
    zero_electric_angle                      0x2000003c   Data           4  focmotor.o(.data)
    electrical_angle                         0x20000040   Data           4  focmotor.o(.data)
    shaft_velocity                           0x20000044   Data           4  focmotor.o(.data)
    current_sp                               0x20000048   Data           4  focmotor.o(.data)
    shaft_velocity_sp                        0x2000004c   Data           4  focmotor.o(.data)
    shaft_angle_sp                           0x20000050   Data           4  focmotor.o(.data)
    voltage                                  0x20000054   Data           8  focmotor.o(.data)
    current                                  0x2000005c   Data           8  focmotor.o(.data)
    torque_controller                        0x20000064   Data           1  focmotor.o(.data)
    motion_controller                        0x20000065   Data           1  focmotor.o(.data)
    sensor_direction                         0x20000068   Data           4  bldcmotor.o(.data)
    voltage_power_supply                     0x2000006c   Data           4  bldcmotor.o(.data)
    voltage_limit                            0x20000070   Data           4  bldcmotor.o(.data)
    voltage_sensor_align                     0x20000074   Data           4  bldcmotor.o(.data)
    pole_pairs                               0x20000078   Data           4  bldcmotor.o(.data)
    open_loop_timestamp                      0x2000007c   Data           4  bldcmotor.o(.data)
    velocity_limit                           0x20000080   Data           4  bldcmotor.o(.data)
    current_limit                            0x20000084   Data           4  bldcmotor.o(.data)
    cpr                                      0x20000088   Data           4  magneticsensor.o(.data)
    full_rotation_offset                     0x2000008c   Data           4  magneticsensor.o(.data)
    angle_data_prev                          0x20000090   Data           4  magneticsensor.o(.data)
    velocity_calc_timestamp                  0x20000094   Data           4  magneticsensor.o(.data)
    angle_prev                               0x20000098   Data           4  magneticsensor.o(.data)
    pinA                                     0x2000009c   Data           4  lowsidecurrentsense.o(.data)
    pinB                                     0x200000a0   Data           4  lowsidecurrentsense.o(.data)
    pinC                                     0x200000a4   Data           4  lowsidecurrentsense.o(.data)
    gain_a                                   0x200000a8   Data           4  lowsidecurrentsense.o(.data)
    gain_b                                   0x200000ac   Data           4  lowsidecurrentsense.o(.data)
    gain_c                                   0x200000b0   Data           4  lowsidecurrentsense.o(.data)
    offset_ia                                0x200000b4   Data           4  lowsidecurrentsense.o(.data)
    offset_ib                                0x200000b8   Data           4  lowsidecurrentsense.o(.data)
    offset_ic                                0x200000bc   Data           4  lowsidecurrentsense.o(.data)
    SOA_Ratio                                0x200000c0   Data         284  lowsidecurrentsense.o(.data)
    SOB_Ratio                                0x200001dc   Data         284  lowsidecurrentsense.o(.data)
    SOC_Ratio                                0x200002f8   Data         284  lowsidecurrentsense.o(.data)
    i2c_rx_buf                               0x20000414   Data          10  main.o(.bss)
    adc_buf                                  0x20000420   Data          10  adc.o(.bss)
    hadc1                                    0x2000042c   Data         100  adc.o(.bss)
    hdma_adc1                                0x20000490   Data          92  adc.o(.bss)
    hi2c1                                    0x200004ec   Data          76  i2c.o(.bss)
    hspi1                                    0x20000538   Data         100  spi.o(.bss)
    htim1                                    0x2000059c   Data          76  tim.o(.bss)
    htim2                                    0x200005e8   Data          76  tim.o(.bss)
    huart1                                   0x20000634   Data         144  usart.o(.bss)
    PID_current_q                            0x200006c4   Data          36  pid.o(.bss)
    PID_current_d                            0x200006e8   Data          36  pid.o(.bss)
    PID_velocity                             0x2000070c   Data          36  pid.o(.bss)
    PID_angle                                0x20000730   Data          36  pid.o(.bss)
    LPF_current_q                            0x20000754   Data          12  lowpass_filter.o(.bss)
    LPF_current_d                            0x20000760   Data          12  lowpass_filter.o(.bss)
    LPF_velocity                             0x2000076c   Data          12  lowpass_filter.o(.bss)
    __libspace_start                         0x20000778   Data          96  libspace.o(.bss)
    __temporary_stack_top$libspace           0x200007d8   Data           0  libspace.o(.bss)



==============================================================================

Memory Map of the image

  Image Entry point : 0x080000c1

  Load Region LR_IROM1 (Base: 0x08000000, Size: 0x00008224, Max: 0x00010000, ABSOLUTE, COMPRESSED[0x000080d8])

    Execution Region ER_IROM1 (Exec base: 0x08000000, Load base: 0x08000000, Size: 0x00007e10, Max: 0x00010000, ABSOLUTE)

    Exec Addr    Load Addr    Size         Type   Attr      Idx    E Section Name        Object

    0x08000000   0x08000000   0x000000c0   Data   RO            3    RESET               startup_stm32g031xx.o
    0x080000c0   0x080000c0   0x00000008   Code   RO         5347  * !!!main             c_p.l(__main.o)
    0x080000c8   0x080000c8   0x0000003c   Code   RO         5635    !!!scatter          c_p.l(__scatter.o)
    0x08000104   0x08000104   0x0000001c   Code   RO         5637    !!handler_zi        c_p.l(__scatter_zi.o)
    0x08000120   0x08000120   0x00000002   Code   RO         5503    .ARM.Collect$$libinit$$00000000  c_p.l(libinit.o)
    0x08000122   0x08000122   0x00000000   Code   RO         5516    .ARM.Collect$$libinit$$00000002  c_p.l(libinit2.o)
    0x08000122   0x08000122   0x00000000   Code   RO         5518    .ARM.Collect$$libinit$$00000004  c_p.l(libinit2.o)
    0x08000122   0x08000122   0x00000000   Code   RO         5521    .ARM.Collect$$libinit$$0000000A  c_p.l(libinit2.o)
    0x08000122   0x08000122   0x00000000   Code   RO         5523    .ARM.Collect$$libinit$$0000000C  c_p.l(libinit2.o)
    0x08000122   0x08000122   0x00000000   Code   RO         5525    .ARM.Collect$$libinit$$0000000E  c_p.l(libinit2.o)
    0x08000122   0x08000122   0x00000000   Code   RO         5528    .ARM.Collect$$libinit$$00000011  c_p.l(libinit2.o)
    0x08000122   0x08000122   0x00000000   Code   RO         5530    .ARM.Collect$$libinit$$00000013  c_p.l(libinit2.o)
    0x08000122   0x08000122   0x00000000   Code   RO         5532    .ARM.Collect$$libinit$$00000015  c_p.l(libinit2.o)
    0x08000122   0x08000122   0x00000000   Code   RO         5534    .ARM.Collect$$libinit$$00000017  c_p.l(libinit2.o)
    0x08000122   0x08000122   0x00000000   Code   RO         5536    .ARM.Collect$$libinit$$00000019  c_p.l(libinit2.o)
    0x08000122   0x08000122   0x00000000   Code   RO         5538    .ARM.Collect$$libinit$$0000001B  c_p.l(libinit2.o)
    0x08000122   0x08000122   0x00000000   Code   RO         5540    .ARM.Collect$$libinit$$0000001D  c_p.l(libinit2.o)
    0x08000122   0x08000122   0x00000000   Code   RO         5542    .ARM.Collect$$libinit$$0000001F  c_p.l(libinit2.o)
    0x08000122   0x08000122   0x00000000   Code   RO         5544    .ARM.Collect$$libinit$$00000021  c_p.l(libinit2.o)
    0x08000122   0x08000122   0x00000000   Code   RO         5546    .ARM.Collect$$libinit$$00000023  c_p.l(libinit2.o)
    0x08000122   0x08000122   0x00000000   Code   RO         5548    .ARM.Collect$$libinit$$00000025  c_p.l(libinit2.o)
    0x08000122   0x08000122   0x00000000   Code   RO         5552    .ARM.Collect$$libinit$$0000002C  c_p.l(libinit2.o)
    0x08000122   0x08000122   0x00000000   Code   RO         5554    .ARM.Collect$$libinit$$0000002E  c_p.l(libinit2.o)
    0x08000122   0x08000122   0x00000000   Code   RO         5556    .ARM.Collect$$libinit$$00000030  c_p.l(libinit2.o)
    0x08000122   0x08000122   0x00000000   Code   RO         5558    .ARM.Collect$$libinit$$00000032  c_p.l(libinit2.o)
    0x08000122   0x08000122   0x00000002   Code   RO         5559    .ARM.Collect$$libinit$$00000033  c_p.l(libinit2.o)
    0x08000124   0x08000124   0x00000002   Code   RO         5590    .ARM.Collect$$libshutdown$$00000000  c_p.l(libshutdown.o)
    0x08000126   0x08000126   0x00000000   Code   RO         5616    .ARM.Collect$$libshutdown$$00000002  c_p.l(libshutdown2.o)
    0x08000126   0x08000126   0x00000000   Code   RO         5618    .ARM.Collect$$libshutdown$$00000004  c_p.l(libshutdown2.o)
    0x08000126   0x08000126   0x00000000   Code   RO         5621    .ARM.Collect$$libshutdown$$00000007  c_p.l(libshutdown2.o)
    0x08000126   0x08000126   0x00000000   Code   RO         5624    .ARM.Collect$$libshutdown$$0000000A  c_p.l(libshutdown2.o)
    0x08000126   0x08000126   0x00000000   Code   RO         5626    .ARM.Collect$$libshutdown$$0000000C  c_p.l(libshutdown2.o)
    0x08000126   0x08000126   0x00000000   Code   RO         5629    .ARM.Collect$$libshutdown$$0000000F  c_p.l(libshutdown2.o)
    0x08000126   0x08000126   0x00000002   Code   RO         5630    .ARM.Collect$$libshutdown$$00000010  c_p.l(libshutdown2.o)
    0x08000128   0x08000128   0x00000000   Code   RO         5409    .ARM.Collect$$rtentry$$00000000  c_p.l(__rtentry.o)
    0x08000128   0x08000128   0x00000000   Code   RO         5453    .ARM.Collect$$rtentry$$00000002  c_p.l(__rtentry2.o)
    0x08000128   0x08000128   0x00000006   Code   RO         5465    .ARM.Collect$$rtentry$$00000004  c_p.l(__rtentry4.o)
    0x0800012e   0x0800012e   0x00000000   Code   RO         5455    .ARM.Collect$$rtentry$$00000009  c_p.l(__rtentry2.o)
    0x0800012e   0x0800012e   0x00000004   Code   RO         5456    .ARM.Collect$$rtentry$$0000000A  c_p.l(__rtentry2.o)
    0x08000132   0x08000132   0x00000000   Code   RO         5458    .ARM.Collect$$rtentry$$0000000C  c_p.l(__rtentry2.o)
    0x08000132   0x08000132   0x00000008   Code   RO         5459    .ARM.Collect$$rtentry$$0000000D  c_p.l(__rtentry2.o)
    0x0800013a   0x0800013a   0x00000002   Code   RO         5507    .ARM.Collect$$rtexit$$00000000  c_p.l(rtexit.o)
    0x0800013c   0x0800013c   0x00000000   Code   RO         5563    .ARM.Collect$$rtexit$$00000002  c_p.l(rtexit2.o)
    0x0800013c   0x0800013c   0x00000004   Code   RO         5564    .ARM.Collect$$rtexit$$00000003  c_p.l(rtexit2.o)
    0x08000140   0x08000140   0x00000006   Code   RO         5565    .ARM.Collect$$rtexit$$00000004  c_p.l(rtexit2.o)
    0x08000146   0x08000146   0x00000002   PAD
    0x08000148   0x08000148   0x00000038   Code   RO            4    .text               startup_stm32g031xx.o
    0x08000180   0x08000180   0x00000102   Code   RO         5337    .text               c_p.l(lludiv.o)
    0x08000282   0x08000282   0x00000040   Code   RO         5339    .text               c_p.l(rt_memclr.o)
    0x080002c2   0x080002c2   0x0000015a   Code   RO         5341    .text               c_p.l(aeabi_sdiv.o)
    0x0800041c   0x0800041c   0x00000006   Code   RO         5345    .text               c_p.l(heapauxi.o)
    0x08000422   0x08000422   0x00000002   PAD
    0x08000424   0x08000424   0x0000007c   Code   RO         5349    .text               fz_ps.l(d2f.o)
    0x080004a0   0x080004a0   0x00000358   Code   RO         5351    .text               fz_ps.l(daddsub.o)
    0x080007f8   0x080007f8   0x00000448   Code   RO         5353    .text               fz_ps.l(ddiv.o)
    0x08000c40   0x08000c40   0x0000006c   Code   RO         5356    .text               fz_ps.l(dfixi.o)
    0x08000cac   0x08000cac   0x00000048   Code   RO         5358    .text               fz_ps.l(dfixui.o)
    0x08000cf4   0x08000cf4   0x00000058   Code   RO         5360    .text               fz_ps.l(dflti.o)
    0x08000d4c   0x08000d4c   0x00000248   Code   RO         5362    .text               fz_ps.l(dmul.o)
    0x08000f94   0x08000f94   0x00000054   Code   RO         5366    .text               fz_ps.l(f2d.o)
    0x08000fe8   0x08000fe8   0x00000160   Code   RO         5374    .text               fz_ps.l(fdiv.o)
    0x08001148   0x08001148   0x0000004c   Code   RO         5379    .text               fz_ps.l(ffixi.o)
    0x08001194   0x08001194   0x00000030   Code   RO         5381    .text               fz_ps.l(ffixui.o)
    0x080011c4   0x080011c4   0x0000005e   Code   RO         5383    .text               fz_ps.l(fflti.o)
    0x08001222   0x08001222   0x00000002   PAD
    0x08001224   0x08001224   0x00000044   Code   RO         5391    .text               fz_ps.l(fscalbn.o)
    0x08001268   0x08001268   0x00000016   Code   RO         5418    .text               c_p.l(_rserrno.o)
    0x0800127e   0x0800127e   0x00000002   PAD
    0x08001280   0x08001280   0x00000090   Code   RO         5420    .text               fz_ps.l(dcmpin.o)
    0x08001310   0x08001310   0x00000180   Code   RO         5422    .text               fz_ps.l(drem.o)
    0x08001490   0x08001490   0x00000064   Code   RO         5424    .text               fz_ps.l(fcmpin.o)
    0x080014f4   0x080014f4   0x00000008   Code   RO         5472    .text               c_p.l(rt_errno_addr_intlibspace.o)
    0x080014fc   0x080014fc   0x0000002e   Code   RO         5474    .text               fz_ps.l(cmpret.o)
    0x0800152a   0x0800152a   0x00000002   PAD
    0x0800152c   0x0800152c   0x00000014   Code   RO         5476    .text               fz_ps.l(dnan2.o)
    0x08001540   0x08001540   0x00000060   Code   RO         5478    .text               fz_ps.l(dscalbn.o)
    0x080015a0   0x080015a0   0x00000010   Code   RO         5480    .text               fz_ps.l(fnan2.o)
    0x080015b0   0x080015b0   0x00000008   Code   RO         5486    .text               c_p.l(libspace.o)
    0x080015b8   0x080015b8   0x0000003e   Code   RO         5489    .text               c_p.l(sys_stackheap_outer.o)
    0x080015f6   0x080015f6   0x00000010   Code   RO         5492    .text               c_p.l(exit.o)
    0x08001606   0x08001606   0x0000005e   Code   RO         5504    .text               fz_ps.l(retnan.o)
    0x08001664   0x08001664   0x0000000c   Code   RO         5560    .text               c_p.l(sys_exit.o)
    0x08001670   0x08001670   0x00000002   Code   RO         5579    .text               c_p.l(use_no_semi.o)
    0x08001672   0x08001672   0x00000000   Code   RO         5581    .text               c_p.l(indicate_semi.o)
    0x08001672   0x08001672   0x00000060   Code   RO         5633    .text               c_p.l(__dclz77c.o)
    0x080016d2   0x080016d2   0x00000080   Code   RO          766    i.ADC_DMAConvCplt   stm32g0xx_hal_adc.o
    0x08001752   0x08001752   0x0000001a   Code   RO          767    i.ADC_DMAError      stm32g0xx_hal_adc.o
    0x0800176c   0x0800176c   0x0000000a   Code   RO          768    i.ADC_DMAHalfConvCplt  stm32g0xx_hal_adc.o
    0x08001776   0x08001776   0x00000002   PAD
    0x08001778   0x08001778   0x000000b4   Code   RO          770    i.ADC_Enable        stm32g0xx_hal_adc.o
    0x0800182c   0x0800182c   0x00000074   Code   RO         5293    i.Current_calibrateOffsets  lowsidecurrentsense.o
    0x080018a0   0x080018a0   0x00000010   Code   RO          565    i.DMA1_Channel1_IRQHandler  stm32g0xx_it.o
    0x080018b0   0x080018b0   0x00000030   Code   RO         1672    i.DMA_CalcDMAMUXChannelBaseAndMask  stm32g0xx_hal_dma.o
    0x080018e0   0x080018e0   0x00000028   Code   RO         1673    i.DMA_CalcDMAMUXRequestGenBaseAndMask  stm32g0xx_hal_dma.o
    0x08001908   0x08001908   0x00000048   Code   RO         1674    i.DMA_SetConfig     stm32g0xx_hal_dma.o
    0x08001950   0x08001950   0x00000004   Code   RO           12    i.Error_Handler     main.o
    0x08001954   0x08001954   0x00000224   Code   RO          772    i.HAL_ADC_ConfigChannel  stm32g0xx_hal_adc.o
    0x08001b78   0x08001b78   0x00000002   Code   RO          773    i.HAL_ADC_ConvCpltCallback  stm32g0xx_hal_adc.o
    0x08001b7a   0x08001b7a   0x00000002   Code   RO          774    i.HAL_ADC_ConvHalfCpltCallback  stm32g0xx_hal_adc.o
    0x08001b7c   0x08001b7c   0x00000002   Code   RO          776    i.HAL_ADC_ErrorCallback  stm32g0xx_hal_adc.o
    0x08001b7e   0x08001b7e   0x00000002   PAD
    0x08001b80   0x08001b80   0x00000220   Code   RO          781    i.HAL_ADC_Init      stm32g0xx_hal_adc.o
    0x08001da0   0x08001da0   0x000000b8   Code   RO          321    i.HAL_ADC_MspInit   adc.o
    0x08001e58   0x08001e58   0x000000b4   Code   RO          788    i.HAL_ADC_Start_DMA  stm32g0xx_hal_adc.o
    0x08001f0c   0x08001f0c   0x0000007c   Code   RO         1676    i.HAL_DMA_Abort_IT  stm32g0xx_hal_dma.o
    0x08001f88   0x08001f88   0x00000006   Code   RO         1679    i.HAL_DMA_GetState  stm32g0xx_hal_dma.o
    0x08001f8e   0x08001f8e   0x00000002   PAD
    0x08001f90   0x08001f90   0x000000b8   Code   RO         1680    i.HAL_DMA_IRQHandler  stm32g0xx_hal_dma.o
    0x08002048   0x08002048   0x000000a4   Code   RO         1681    i.HAL_DMA_Init      stm32g0xx_hal_dma.o
    0x080020ec   0x080020ec   0x0000008c   Code   RO         1685    i.HAL_DMA_Start_IT  stm32g0xx_hal_dma.o
    0x08002178   0x08002178   0x00000024   Code   RO         2241    i.HAL_Delay         stm32g0xx_hal.o
    0x0800219c   0x0800219c   0x000000d4   Code   RO         1604    i.HAL_GPIO_DeInit   stm32g0xx_hal_gpio.o
    0x08002270   0x08002270   0x0000015c   Code   RO         1608    i.HAL_GPIO_Init     stm32g0xx_hal_gpio.o
    0x080023cc   0x080023cc   0x00000010   Code   RO         1611    i.HAL_GPIO_TogglePin  stm32g0xx_hal_gpio.o
    0x080023dc   0x080023dc   0x0000000c   Code   RO         1612    i.HAL_GPIO_WritePin  stm32g0xx_hal_gpio.o
    0x080023e8   0x080023e8   0x0000000c   Code   RO         2245    i.HAL_GetTick       stm32g0xx_hal.o
    0x080023f4   0x080023f4   0x0000004a   Code   RO         3034    i.HAL_I2CEx_ConfigAnalogFilter  stm32g0xx_hal_i2c_ex.o
    0x0800243e   0x0800243e   0x00000048   Code   RO         3035    i.HAL_I2CEx_ConfigDigitalFilter  stm32g0xx_hal_i2c_ex.o
    0x08002486   0x08002486   0x00000002   Code   RO         2576    i.HAL_I2C_AbortCpltCallback  stm32g0xx_hal_i2c.o
    0x08002488   0x08002488   0x000000e0   Code   RO           13    i.HAL_I2C_AddrCallback  main.o
    0x08002568   0x08002568   0x00000034   Code   RO         2578    i.HAL_I2C_DeInit    stm32g0xx_hal_i2c.o
    0x0800259c   0x0800259c   0x0000005e   Code   RO         2580    i.HAL_I2C_ER_IRQHandler  stm32g0xx_hal_i2c.o
    0x080025fa   0x080025fa   0x00000010   Code   RO         2581    i.HAL_I2C_EV_IRQHandler  stm32g0xx_hal_i2c.o
    0x0800260a   0x0800260a   0x00000002   PAD
    0x0800260c   0x0800260c   0x00000028   Code   RO         2582    i.HAL_I2C_EnableListen_IT  stm32g0xx_hal_i2c.o
    0x08002634   0x08002634   0x00000020   Code   RO           14    i.HAL_I2C_ErrorCallback  main.o
    0x08002654   0x08002654   0x000000b4   Code   RO         2587    i.HAL_I2C_Init      stm32g0xx_hal_i2c.o
    0x08002708   0x08002708   0x00000008   Code   RO           15    i.HAL_I2C_ListenCpltCallback  main.o
    0x08002710   0x08002710   0x00000002   Code   RO         2590    i.HAL_I2C_MasterRxCpltCallback  stm32g0xx_hal_i2c.o
    0x08002712   0x08002712   0x00000002   Code   RO         2591    i.HAL_I2C_MasterTxCpltCallback  stm32g0xx_hal_i2c.o
    0x08002714   0x08002714   0x00000002   Code   RO         2603    i.HAL_I2C_MemRxCpltCallback  stm32g0xx_hal_i2c.o
    0x08002716   0x08002716   0x00000002   Code   RO         2604    i.HAL_I2C_MemTxCpltCallback  stm32g0xx_hal_i2c.o
    0x08002718   0x08002718   0x00000040   Code   RO          389    i.HAL_I2C_MspDeInit  i2c.o
    0x08002758   0x08002758   0x00000090   Code   RO          390    i.HAL_I2C_MspInit   i2c.o
    0x080027e8   0x080027e8   0x000000cc   Code   RO           16    i.HAL_I2C_SlaveRxCpltCallback  main.o
    0x080028b4   0x080028b4   0x00000002   Code   RO           17    i.HAL_I2C_SlaveTxCpltCallback  main.o
    0x080028b6   0x080028b6   0x00000002   PAD
    0x080028b8   0x080028b8   0x00000058   Code   RO         2617    i.HAL_I2C_Slave_Receive_IT  stm32g0xx_hal_i2c.o
    0x08002910   0x08002910   0x000000cc   Code   RO         2619    i.HAL_I2C_Slave_Seq_Receive_IT  stm32g0xx_hal_i2c.o
    0x080029dc   0x080029dc   0x000000d0   Code   RO         2621    i.HAL_I2C_Slave_Seq_Transmit_IT  stm32g0xx_hal_i2c.o
    0x08002aac   0x08002aac   0x00000010   Code   RO         2251    i.HAL_IncTick       stm32g0xx_hal.o
    0x08002abc   0x08002abc   0x00000028   Code   RO         2252    i.HAL_Init          stm32g0xx_hal.o
    0x08002ae4   0x08002ae4   0x00000048   Code   RO         2253    i.HAL_InitTick      stm32g0xx_hal.o
    0x08002b2c   0x08002b2c   0x0000002c   Code   RO          631    i.HAL_MspInit       stm32g0xx_hal_msp.o
    0x08002b58   0x08002b58   0x00000020   Code   RO         2128    i.HAL_NVIC_DisableIRQ  stm32g0xx_hal_cortex.o
    0x08002b78   0x08002b78   0x00000018   Code   RO         2129    i.HAL_NVIC_EnableIRQ  stm32g0xx_hal_cortex.o
    0x08002b90   0x08002b90   0x00000008   Code   RO         2133    i.HAL_NVIC_SetPriority  stm32g0xx_hal_cortex.o
    0x08002b98   0x08002b98   0x0000004c   Code   RO         1949    i.HAL_PWREx_ControlVoltageScaling  stm32g0xx_hal_pwr_ex.o
    0x08002be4   0x08002be4   0x000001b0   Code   RO         1232    i.HAL_RCCEx_PeriphCLKConfig  stm32g0xx_hal_rcc_ex.o
    0x08002d94   0x08002d94   0x00000158   Code   RO         1116    i.HAL_RCC_ClockConfig  stm32g0xx_hal_rcc.o
    0x08002eec   0x08002eec   0x00000028   Code   RO         1124    i.HAL_RCC_GetPCLK1Freq  stm32g0xx_hal_rcc.o
    0x08002f14   0x08002f14   0x0000008c   Code   RO         1126    i.HAL_RCC_GetSysClockFreq  stm32g0xx_hal_rcc.o
    0x08002fa0   0x08002fa0   0x000003e8   Code   RO         1130    i.HAL_RCC_OscConfig  stm32g0xx_hal_rcc.o
    0x08003388   0x08003388   0x000000ee   Code   RO         3095    i.HAL_SPI_Init      stm32g0xx_hal_spi.o
    0x08003476   0x08003476   0x00000002   PAD
    0x08003478   0x08003478   0x00000060   Code   RO          428    i.HAL_SPI_MspInit   spi.o
    0x080034d8   0x080034d8   0x00000168   Code   RO         3098    i.HAL_SPI_Receive   stm32g0xx_hal_spi.o
    0x08003640   0x08003640   0x00000160   Code   RO         3103    i.HAL_SPI_Transmit  stm32g0xx_hal_spi.o
    0x080037a0   0x080037a0   0x000001f2   Code   RO         3104    i.HAL_SPI_TransmitReceive  stm32g0xx_hal_spi.o
    0x08003992   0x08003992   0x00000002   PAD
    0x08003994   0x08003994   0x00000030   Code   RO         2137    i.HAL_SYSTICK_Config  stm32g0xx_hal_cortex.o
    0x080039c4   0x080039c4   0x00000002   Code   RO         4139    i.HAL_TIMEx_Break2Callback  stm32g0xx_hal_tim_ex.o
    0x080039c6   0x080039c6   0x00000002   Code   RO         4140    i.HAL_TIMEx_BreakCallback  stm32g0xx_hal_tim_ex.o
    0x080039c8   0x080039c8   0x00000002   Code   RO         4141    i.HAL_TIMEx_CommutCallback  stm32g0xx_hal_tim_ex.o
    0x080039ca   0x080039ca   0x00000002   PAD
    0x080039cc   0x080039cc   0x000000ac   Code   RO         4143    i.HAL_TIMEx_ConfigBreakDeadTime  stm32g0xx_hal_tim_ex.o
    0x08003a78   0x08003a78   0x0000006c   Code   RO         4162    i.HAL_TIMEx_MasterConfigSynchronization  stm32g0xx_hal_tim_ex.o
    0x08003ae4   0x08003ae4   0x0000004c   Code   RO         3429    i.HAL_TIM_Base_Init  stm32g0xx_hal_tim.o
    0x08003b30   0x08003b30   0x00000078   Code   RO          466    i.HAL_TIM_Base_MspInit  tim.o
    0x08003ba8   0x08003ba8   0x00000058   Code   RO         3434    i.HAL_TIM_Base_Start_IT  stm32g0xx_hal_tim.o
    0x08003c00   0x08003c00   0x000000e0   Code   RO         3438    i.HAL_TIM_ConfigClockSource  stm32g0xx_hal_tim.o
    0x08003ce0   0x08003ce0   0x00000002   Code   RO         3463    i.HAL_TIM_IC_CaptureCallback  stm32g0xx_hal_tim.o
    0x08003ce2   0x08003ce2   0x00000002   PAD
    0x08003ce4   0x08003ce4   0x00000184   Code   RO         3477    i.HAL_TIM_IRQHandler  stm32g0xx_hal_tim.o
    0x08003e68   0x08003e68   0x00000050   Code   RO          467    i.HAL_TIM_MspPostInit  tim.o
    0x08003eb8   0x08003eb8   0x0000006c   Code   RO         3478    i.HAL_TIM_OC_ConfigChannel  stm32g0xx_hal_tim.o
    0x08003f24   0x08003f24   0x00000002   Code   RO         3480    i.HAL_TIM_OC_DelayElapsedCallback  stm32g0xx_hal_tim.o
    0x08003f26   0x08003f26   0x0000004c   Code   RO         3482    i.HAL_TIM_OC_Init   stm32g0xx_hal_tim.o
    0x08003f72   0x08003f72   0x00000002   Code   RO         3484    i.HAL_TIM_OC_MspInit  stm32g0xx_hal_tim.o
    0x08003f74   0x08003f74   0x00000128   Code   RO         3501    i.HAL_TIM_PWM_ConfigChannel  stm32g0xx_hal_tim.o
    0x0800409c   0x0800409c   0x0000004c   Code   RO         3504    i.HAL_TIM_PWM_Init  stm32g0xx_hal_tim.o
    0x080040e8   0x080040e8   0x00000002   Code   RO         3506    i.HAL_TIM_PWM_MspInit  stm32g0xx_hal_tim.o
    0x080040ea   0x080040ea   0x00000002   Code   RO         3507    i.HAL_TIM_PWM_PulseFinishedCallback  stm32g0xx_hal_tim.o
    0x080040ec   0x080040ec   0x000000c8   Code   RO         3509    i.HAL_TIM_PWM_Start  stm32g0xx_hal_tim.o
    0x080041b4   0x080041b4   0x00000088   Code   RO           18    i.HAL_TIM_PeriodElapsedCallback  main.o
    0x0800423c   0x0800423c   0x00000002   Code   RO         3520    i.HAL_TIM_TriggerCallback  stm32g0xx_hal_tim.o
    0x0800423e   0x0800423e   0x0000003c   Code   RO         4854    i.HAL_UARTEx_DisableFifoMode  stm32g0xx_hal_uart_ex.o
    0x0800427a   0x0800427a   0x00000048   Code   RO         4862    i.HAL_UARTEx_SetRxFifoThreshold  stm32g0xx_hal_uart_ex.o
    0x080042c2   0x080042c2   0x00000046   Code   RO         4863    i.HAL_UARTEx_SetTxFifoThreshold  stm32g0xx_hal_uart_ex.o
    0x08004308   0x08004308   0x0000006c   Code   RO         4467    i.HAL_UART_Init     stm32g0xx_hal_uart.o
    0x08004374   0x08004374   0x0000007c   Code   RO          516    i.HAL_UART_MspInit  usart.o
    0x080043f0   0x080043f0   0x00000002   Code   RO          566    i.HardFault_Handler  stm32g0xx_it.o
    0x080043f2   0x080043f2   0x00000002   PAD
    0x080043f4   0x080043f4   0x00000020   Code   RO          567    i.I2C1_IRQHandler   stm32g0xx_it.o
    0x08004414   0x08004414   0x0000001c   Code   RO         2626    i.I2C_DMAAbort      stm32g0xx_hal_i2c.o
    0x08004430   0x08004430   0x00000052   Code   RO         2632    i.I2C_Disable_IRQ   stm32g0xx_hal_i2c.o
    0x08004482   0x08004482   0x00000002   PAD
    0x08004484   0x08004484   0x0000005c   Code   RO         2633    i.I2C_Enable_IRQ    stm32g0xx_hal_i2c.o
    0x080044e0   0x080044e0   0x00000022   Code   RO         2634    i.I2C_Flush_TXDR    stm32g0xx_hal_i2c.o
    0x08004502   0x08004502   0x0000007c   Code   RO         2635    i.I2C_ITAddrCplt    stm32g0xx_hal_i2c.o
    0x0800457e   0x0800457e   0x00000002   PAD
    0x08004580   0x08004580   0x000000ec   Code   RO         2636    i.I2C_ITError       stm32g0xx_hal_i2c.o
    0x0800466c   0x0800466c   0x00000068   Code   RO         2637    i.I2C_ITListenCplt  stm32g0xx_hal_i2c.o
    0x080046d4   0x080046d4   0x000000d8   Code   RO         2638    i.I2C_ITMasterCplt  stm32g0xx_hal_i2c.o
    0x080047ac   0x080047ac   0x00000046   Code   RO         2639    i.I2C_ITMasterSeqCplt  stm32g0xx_hal_i2c.o
    0x080047f2   0x080047f2   0x00000002   PAD
    0x080047f4   0x080047f4   0x0000013c   Code   RO         2640    i.I2C_ITSlaveCplt   stm32g0xx_hal_i2c.o
    0x08004930   0x08004930   0x0000006a   Code   RO         2641    i.I2C_ITSlaveSeqCplt  stm32g0xx_hal_i2c.o
    0x0800499a   0x0800499a   0x00000002   PAD
    0x0800499c   0x0800499c   0x0000010c   Code   RO         2643    i.I2C_Master_ISR_DMA  stm32g0xx_hal_i2c.o
    0x08004aa8   0x08004aa8   0x00000112   Code   RO         2647    i.I2C_Slave_ISR_DMA  stm32g0xx_hal_i2c.o
    0x08004bba   0x08004bba   0x00000002   PAD
    0x08004bbc   0x08004bbc   0x00000130   Code   RO         2648    i.I2C_Slave_ISR_IT  stm32g0xx_hal_i2c.o
    0x08004cec   0x08004cec   0x0000002c   Code   RO         2649    i.I2C_TransferConfig  stm32g0xx_hal_i2c.o
    0x08004d18   0x08004d18   0x00000026   Code   RO         2650    i.I2C_TreatErrorCallback  stm32g0xx_hal_i2c.o
    0x08004d3e   0x08004d3e   0x00000008   Code   RO          793    i.LL_ADC_IsEnabled  stm32g0xx_hal_adc.o
    0x08004d46   0x08004d46   0x00000008   Code   RO          794    i.LL_ADC_REG_IsConversionOngoing  stm32g0xx_hal_adc.o
    0x08004d4e   0x08004d4e   0x00000010   Code   RO          795    i.LL_ADC_REG_IsTriggerSourceSWStart  stm32g0xx_hal_adc.o
    0x08004d5e   0x08004d5e   0x0000000e   Code   RO          797    i.LL_ADC_SetCommonPathInternalCh  stm32g0xx_hal_adc.o
    0x08004d6c   0x08004d6c   0x00000016   Code   RO          798    i.LL_ADC_SetSamplingTimeCommonChannels  stm32g0xx_hal_adc.o
    0x08004d82   0x08004d82   0x00000002   PAD
    0x08004d84   0x08004d84   0x00000028   Code   RO         5235    i.LPF_init          lowpass_filter.o
    0x08004dac   0x08004dac   0x0000008c   Code   RO         5236    i.LPFoperator       lowpass_filter.o
    0x08004e38   0x08004e38   0x00000028   Code   RO         5294    i.LowsideCurrentSense  lowsidecurrentsense.o
    0x08004e60   0x08004e60   0x00000008   Code   RO         5295    i.LowsideCurrentSense_Init  lowsidecurrentsense.o
    0x08004e68   0x08004e68   0x000000e4   Code   RO          322    i.MX_ADC1_Init      adc.o
    0x08004f4c   0x08004f4c   0x00000028   Code   RO          366    i.MX_DMA_Init       dma.o
    0x08004f74   0x08004f74   0x000000c0   Code   RO          300    i.MX_GPIO_Init      gpio.o
    0x08005034   0x08005034   0x0000005c   Code   RO          391    i.MX_I2C1_Init      i2c.o
    0x08005090   0x08005090   0x00000050   Code   RO          429    i.MX_SPI1_Init      spi.o
    0x080050e0   0x080050e0   0x0000014c   Code   RO          468    i.MX_TIM1_Init      tim.o
    0x0800522c   0x0800522c   0x0000006c   Code   RO          469    i.MX_TIM2_Init      tim.o
    0x08005298   0x08005298   0x00000068   Code   RO          517    i.MX_USART1_UART_Init  usart.o
    0x08005300   0x08005300   0x00000028   Code   RO         5191    i.MagneticSensor_Init  magneticsensor.o
    0x08005328   0x08005328   0x0000005c   Code   RO         5090    i.Motor_init        bldcmotor.o
    0x08005384   0x08005384   0x00000068   Code   RO         5091    i.Motor_initFOC     bldcmotor.o
    0x080053ec   0x080053ec   0x00000002   Code   RO          568    i.NMI_Handler       stm32g0xx_it.o
    0x080053ee   0x080053ee   0x00000002   PAD
    0x080053f0   0x080053f0   0x0000007c   Code   RO         5159    i.PID_init          pid.o
    0x0800546c   0x0800546c   0x00000150   Code   RO         5160    i.PIDoperator       pid.o
    0x080055bc   0x080055bc   0x00000002   Code   RO          569    i.PendSV_Handler    stm32g0xx_it.o
    0x080055be   0x080055be   0x00000002   PAD
    0x080055c0   0x080055c0   0x00000060   Code   RO         5192    i.ReadTLE5012B_1    magneticsensor.o
    0x08005620   0x08005620   0x00000078   Code   RO         3132    i.SPI_EndRxTransaction  stm32g0xx_hal_spi.o
    0x08005698   0x08005698   0x0000004c   Code   RO         3133    i.SPI_EndRxTxTransaction  stm32g0xx_hal_spi.o
    0x080056e4   0x080056e4   0x000000d8   Code   RO         3138    i.SPI_WaitFifoStateUntilTimeout  stm32g0xx_hal_spi.o
    0x080057bc   0x080057bc   0x000000b8   Code   RO         3139    i.SPI_WaitFlagStateUntilTimeout  stm32g0xx_hal_spi.o
    0x08005874   0x08005874   0x00000002   Code   RO          570    i.SVC_Handler       stm32g0xx_it.o
    0x08005876   0x08005876   0x00000008   Code   RO          571    i.SysTick_Handler   stm32g0xx_it.o
    0x0800587e   0x0800587e   0x0000006c   Code   RO           19    i.SystemClock_Config  main.o
    0x080058ea   0x080058ea   0x00000002   Code   RO         4963    i.SystemInit        system_stm32g0xx.o
    0x080058ec   0x080058ec   0x00000010   Code   RO          572    i.TIM2_IRQHandler   stm32g0xx_it.o
    0x080058fc   0x080058fc   0x00000084   Code   RO         3522    i.TIM_Base_SetConfig  stm32g0xx_hal_tim.o
    0x08005980   0x08005980   0x0000001a   Code   RO         3523    i.TIM_CCxChannelCmd  stm32g0xx_hal_tim.o
    0x0800599a   0x0800599a   0x00000016   Code   RO         3533    i.TIM_ETR_SetConfig  stm32g0xx_hal_tim.o
    0x080059b0   0x080059b0   0x00000014   Code   RO         3534    i.TIM_ITRx_SetConfig  stm32g0xx_hal_tim.o
    0x080059c4   0x080059c4   0x0000007c   Code   RO         3535    i.TIM_OC1_SetConfig  stm32g0xx_hal_tim.o
    0x08005a40   0x08005a40   0x0000007c   Code   RO         3536    i.TIM_OC2_SetConfig  stm32g0xx_hal_tim.o
    0x08005abc   0x08005abc   0x0000007c   Code   RO         3537    i.TIM_OC3_SetConfig  stm32g0xx_hal_tim.o
    0x08005b38   0x08005b38   0x0000006c   Code   RO         3538    i.TIM_OC4_SetConfig  stm32g0xx_hal_tim.o
    0x08005ba4   0x08005ba4   0x0000005c   Code   RO         3539    i.TIM_OC5_SetConfig  stm32g0xx_hal_tim.o
    0x08005c00   0x08005c00   0x00000064   Code   RO         3540    i.TIM_OC6_SetConfig  stm32g0xx_hal_tim.o
    0x08005c64   0x08005c64   0x00000022   Code   RO         3542    i.TIM_TI1_ConfigInputStage  stm32g0xx_hal_tim.o
    0x08005c86   0x08005c86   0x00000026   Code   RO         3544    i.TIM_TI2_ConfigInputStage  stm32g0xx_hal_tim.o
    0x08005cac   0x08005cac   0x00000044   Code   RO         4867    i.UARTEx_SetNbDataToProcess  stm32g0xx_hal_uart_ex.o
    0x08005cf0   0x08005cf0   0x000000ca   Code   RO         4481    i.UART_AdvFeatureConfig  stm32g0xx_hal_uart.o
    0x08005dba   0x08005dba   0x00000002   PAD
    0x08005dbc   0x08005dbc   0x00000064   Code   RO         4482    i.UART_CheckIdleState  stm32g0xx_hal_uart.o
    0x08005e20   0x08005e20   0x0000020c   Code   RO         4499    i.UART_SetConfig    stm32g0xx_hal_uart.o
    0x0800602c   0x0800602c   0x000000d2   Code   RO         4506    i.UART_WaitOnFlagUntilTimeout  stm32g0xx_hal_uart.o
    0x080060fe   0x080060fe   0x0000001a   Code   RO           80    i.__ARM_common_switch8  main.o
    0x08006118   0x08006118   0x0000002c   Code   RO         5482    i.__ARM_fpclassify  m_ps.l(fpclassify.o)
    0x08006144   0x08006144   0x00000044   Code   RO         2139    i.__NVIC_SetPriority  stm32g0xx_hal_cortex.o
    0x08006188   0x08006188   0x000000ac   Code   RO         5484    i.__kernel_poly     m_ps.l(poly.o)
    0x08006234   0x08006234   0x0000000a   Code   RO         5438    i.__mathlib_dbl_infnan  m_ps.l(dunder.o)
    0x0800623e   0x0800623e   0x00000008   Code   RO         5439    i.__mathlib_dbl_infnan2  m_ps.l(dunder.o)
    0x08006246   0x08006246   0x00000010   Code   RO         5440    i.__mathlib_dbl_invalid  m_ps.l(dunder.o)
    0x08006256   0x08006256   0x00000002   PAD
    0x08006258   0x08006258   0x00000014   Code   RO         5443    i.__mathlib_dbl_underflow  m_ps.l(dunder.o)
    0x0800626c   0x0800626c   0x00000058   Code   RO         4996    i._cos              foc_utils.o
    0x080062c4   0x080062c4   0x00000012   Code   RO         4997    i._electricalAngle  foc_utils.o
    0x080062d6   0x080062d6   0x00000002   PAD
    0x080062d8   0x080062d8   0x00000040   Code   RO         4998    i._normalizeAngle   foc_utils.o
    0x08006318   0x08006318   0x00000048   Code   RO          323    i._readADCVoltage   adc.o
    0x08006360   0x08006360   0x00000128   Code   RO         4999    i._sin              foc_utils.o
    0x08006488   0x08006488   0x00000014   Code   RO         5000    i._sqrtApprox       foc_utils.o
    0x0800649c   0x0800649c   0x000001ac   Code   RO         5092    i.alignSensor       bldcmotor.o
    0x08006648   0x08006648   0x000000e4   Code   RO         5093    i.angleOpenloop     bldcmotor.o
    0x0800672c   0x0800672c   0x0000021c   Code   RO         5428    i.atan              m_ps.l(atan.o)
    0x08006948   0x08006948   0x00000178   Code   RO         5394    i.atan2             m_ps.l(atan2.o)
    0x08006ac0   0x08006ac0   0x00000030   Code   RO         5043    i.electricalAngle   focmotor.o
    0x08006af0   0x08006af0   0x00000094   Code   RO         5402    i.fmod              m_ps.l(fmod.o)
    0x08006b84   0x08006b84   0x000000bc   Code   RO         5193    i.getAngle          magneticsensor.o
    0x08006c40   0x08006c40   0x000000e4   Code   RO         5267    i.getDCCurrent      currentsense.o
    0x08006d24   0x08006d24   0x000000c4   Code   RO         5268    i.getFOCCurrents    currentsense.o
    0x08006de8   0x08006de8   0x00000074   Code   RO         5296    i.getPhaseCurrents  lowsidecurrentsense.o
    0x08006e5c   0x08006e5c   0x0000007c   Code   RO         5194    i.getVelocity       magneticsensor.o
    0x08006ed8   0x08006ed8   0x000000d8   Code   RO         5094    i.loopFOC           bldcmotor.o
    0x08006fb0   0x08006fb0   0x00000144   Code   RO           20    i.main              main.o
    0x080070f4   0x080070f4   0x000000b4   Code   RO         5095    i.move              bldcmotor.o
    0x080071a8   0x080071a8   0x000002d0   Code   RO         5096    i.setPhaseVoltage   bldcmotor.o
    0x08007478   0x08007478   0x00000028   Code   RO         5044    i.shaftAngle        focmotor.o
    0x080074a0   0x080074a0   0x00000028   Code   RO         5045    i.shaftVelocity     focmotor.o
    0x080074c8   0x080074c8   0x00000094   Code   RO         5097    i.velocityOpenloop  bldcmotor.o
    0x0800755c   0x0800755c   0x00000068   Code   RO         5364    x$fpl$drleqf        fz_ps.l(drlef.o)
    0x080075c4   0x080075c4   0x0000008c   Code   RO         5368    x$fpl$fadd          fz_ps.l(faddsub.o)
    0x08007650   0x08007650   0x00000054   Code   RO         5377    x$fpl$feqf          fz_ps.l(feqf.o)
    0x080076a4   0x080076a4   0x00000054   Code   RO         5385    x$fpl$fleqf         fz_ps.l(flef.o)
    0x080076f8   0x080076f8   0x000000b0   Code   RO         5387    x$fpl$fmul          fz_ps.l(fmul.o)
    0x080077a8   0x080077a8   0x00000058   Code   RO         5389    x$fpl$frleqf        fz_ps.l(frlef.o)
    0x08007800   0x08007800   0x00000018   Code   RO         5369    x$fpl$frsb          fz_ps.l(faddsub.o)
    0x08007818   0x08007818   0x000000d0   Code   RO         5370    x$fpl$fsub          fz_ps.l(faddsub.o)
    0x080078e8   0x080078e8   0x00000000   Code   RO         5426    x$fpl$usenofp       fz_ps.l(usenofp.o)
    0x080078e8   0x080078e8   0x00000018   Data   RO         4507    .constdata          stm32g0xx_hal_uart.o
    0x08007900   0x08007900   0x00000010   Data   RO         4868    .constdata          stm32g0xx_hal_uart_ex.o
    0x08007910   0x08007910   0x00000040   Data   RO         4964    .constdata          system_stm32g0xx.o
    0x08007950   0x08007950   0x00000020   Data   RO         4965    .constdata          system_stm32g0xx.o
    0x08007970   0x08007970   0x00000320   Data   RO         5001    .constdata          foc_utils.o
    0x08007c90   0x08007c90   0x00000080   Data   RO         5354    .constdata          fz_ps.l(ddiv.o)
    0x08007d10   0x08007d10   0x00000040   Data   RO         5375    .constdata          fz_ps.l(fdiv.o)
    0x08007d50   0x08007d50   0x00000098   Data   RO         5429    .constdata          m_ps.l(atan.o)
    0x08007de8   0x08007de8   0x00000008   Data   RO         5451    .constdata          m_ps.l(qnan.o)
    0x08007df0   0x08007df0   0x00000020   Data   RO         5631    Region$$Table       anon$$obj.o


    Execution Region RW_IRAM1 (Exec base: 0x20000000, Load base: 0x08007e10, Size: 0x00000dd8, Max: 0x00002000, ABSOLUTE, COMPRESSED[0x000002c8])

    Exec Addr    Load Addr    Size         Type   Attr      Idx    E Section Name        Object

    0x20000000   COMPRESSED   0x0000001c   Data   RW           22    .data               main.o
    0x2000001c   COMPRESSED   0x00000004   Data   RW          325    .data               adc.o
    0x20000020   COMPRESSED   0x00000004   Data   RW          326    .data               adc.o
    0x20000024   COMPRESSED   0x0000000c   Data   RW         2270    .data               stm32g0xx_hal.o
    0x20000030   COMPRESSED   0x00000004   Data   RW         4966    .data               system_stm32g0xx.o
    0x20000034   COMPRESSED   0x0000000c   Data   RW         5046    .data               focmotor.o
    0x20000040   COMPRESSED   0x00000004   Data   RW         5047    .data               focmotor.o
    0x20000044   COMPRESSED   0x00000004   Data   RW         5048    .data               focmotor.o
    0x20000048   COMPRESSED   0x00000004   Data   RW         5049    .data               focmotor.o
    0x2000004c   COMPRESSED   0x00000004   Data   RW         5050    .data               focmotor.o
    0x20000050   COMPRESSED   0x00000004   Data   RW         5051    .data               focmotor.o
    0x20000054   COMPRESSED   0x00000008   Data   RW         5052    .data               focmotor.o
    0x2000005c   COMPRESSED   0x00000008   Data   RW         5053    .data               focmotor.o
    0x20000064   COMPRESSED   0x00000001   Data   RW         5054    .data               focmotor.o
    0x20000065   COMPRESSED   0x00000001   Data   RW         5055    .data               focmotor.o
    0x20000066   COMPRESSED   0x00000002   PAD
    0x20000068   COMPRESSED   0x00000020   Data   RW         5098    .data               bldcmotor.o
    0x20000088   COMPRESSED   0x00000014   Data   RW         5195    .data               magneticsensor.o
    0x2000009c   COMPRESSED   0x00000378   Data   RW         5297    .data               lowsidecurrentsense.o
    0x20000414        -       0x0000000a   Zero   RW           21    .bss                main.o
    0x2000041e   COMPRESSED   0x00000002   PAD
    0x20000420        -       0x000000cc   Zero   RW          324    .bss                adc.o
    0x200004ec        -       0x0000004c   Zero   RW          392    .bss                i2c.o
    0x20000538        -       0x00000064   Zero   RW          430    .bss                spi.o
    0x2000059c        -       0x00000098   Zero   RW          470    .bss                tim.o
    0x20000634        -       0x00000090   Zero   RW          520    .bss                usart.o
    0x200006c4        -       0x00000090   Zero   RW         5161    .bss                pid.o
    0x20000754        -       0x00000024   Zero   RW         5237    .bss                lowpass_filter.o
    0x20000778        -       0x00000060   Zero   RW         5487    .bss                c_p.l(libspace.o)
    0x200007d8        -       0x00000200   Zero   RW            2    HEAP                startup_stm32g031xx.o
    0x200009d8        -       0x00000400   Zero   RW            1    STACK               startup_stm32g031xx.o


==============================================================================

Image component sizes


      Code (inc. data)   RO Data    RW Data    ZI Data      Debug   Object Name

       484         66          0          8        204       2460   adc.o
      2116        320          0         32          0       6596   bldcmotor.o
       424         32          0          0          0       1920   currentsense.o
        40          4          0          0          0       4138   dma.o
       486         80        800          0          0       3270   foc_utils.o
       128         24          0         50          0       2555   focmotor.o
       192         12          0          0          0        915   gpio.o
       300         42          0          0         76       2105   i2c.o
       180         32          0          0         36       2172   lowpass_filter.o
       280         44          0        888          0       3425   lowsidecurrentsense.o
       448         76          0         20          0       2682   magneticsensor.o
      1068        280          0         28         10     460149   main.o
       460         46          0          0        144       2486   pid.o
       176         24          0          0        100       1557   spi.o
        56         26        192          0       1536        620   startup_stm32g031xx.o
       176         26          0         12          0      17609   stm32g0xx_hal.o
      1690         96          0          0          0      43522   stm32g0xx_hal_adc.o
       180         30          0          0          0      12655   stm32g0xx_hal_cortex.o
       778         38          0          0          0       5957   stm32g0xx_hal_dma.o
         0          0          0          0          0       2700   stm32g0xx_hal_flash.o
       588         34          0          0          0       3295   stm32g0xx_hal_gpio.o
      3228        128          0          0          0      23110   stm32g0xx_hal_i2c.o
       146          0          0          0          0       1847   stm32g0xx_hal_i2c_ex.o
        44          6          0          0          0        794   stm32g0xx_hal_msp.o
        76         14          0          0          0        722   stm32g0xx_hal_pwr_ex.o
      1524         88          0          0          0      23017   stm32g0xx_hal_rcc.o
       432         12          0          0          0       1660   stm32g0xx_hal_rcc_ex.o
      2044          8          0          0          0      10042   stm32g0xx_hal_spi.o
      2488        170          0          0          0      18864   stm32g0xx_hal_tim.o
       286         14          0          0          0       3716   stm32g0xx_hal_tim_ex.o
      1144         48         24          0          0      24550   stm32g0xx_hal_uart.o
       270          6         16          0          0       3497   stm32g0xx_hal_uart_ex.o
        80         16          0          0          0       3398   stm32g0xx_it.o
         2          0         96          4          0       1063   system_stm32g0xx.o
       640         42          0          0        152       3157   tim.o
       228         22          0          0        144       1650   usart.o

    ----------------------------------------------------------------------
     22922       1906       1160       1044       2404     703875   Object Totals
         0          0         32          0          0          0   (incl. Generated)
        40          0          0          2          2          0   (incl. Padding)

    ----------------------------------------------------------------------

      Code (inc. data)   RO Data    RW Data    ZI Data      Debug   Library Member Name

        96          0          0          0          0          0   __dclz77c.o
         8          0          0          0          0         68   __main.o
         0          0          0          0          0          0   __rtentry.o
        12          0          0          0          0          0   __rtentry2.o
         6          0          0          0          0          0   __rtentry4.o
        60          8          0          0          0          0   __scatter.o
        28          0          0          0          0          0   __scatter_zi.o
        22          0          0          0          0         92   _rserrno.o
       346          0          0          0          0         92   aeabi_sdiv.o
        16          0          0          0          0         68   exit.o
         6          0          0          0          0        136   heapauxi.o
         0          0          0          0          0          0   indicate_semi.o
         2          0          0          0          0          0   libinit.o
         2          0          0          0          0          0   libinit2.o
         2          0          0          0          0          0   libshutdown.o
         2          0          0          0          0          0   libshutdown2.o
         8          4          0          0         96         68   libspace.o
       258          0          0          0          0         88   lludiv.o
         8          4          0          0          0         68   rt_errno_addr_intlibspace.o
        64          0          0          0          0        108   rt_memclr.o
         2          0          0          0          0          0   rtexit.o
        10          0          0          0          0          0   rtexit2.o
        12          4          0          0          0         60   sys_exit.o
        62          0          0          0          0         80   sys_stackheap_outer.o
         2          0          0          0          0         68   use_no_semi.o
        46          0          0          0          0         60   cmpret.o
       124          4          0          0          0         72   d2f.o
       856         20          0          0          0        208   daddsub.o
       144          4          0          0          0         76   dcmpin.o
      1096         26        128          0          0        112   ddiv.o
       108         10          0          0          0         72   dfixi.o
        72          4          0          0          0         68   dfixui.o
        88          0          0          0          0         92   dflti.o
       584         26          0          0          0         84   dmul.o
        20          6          0          0          0         68   dnan2.o
       384         16          0          0          0         76   drem.o
       104          4          0          0          0        104   drlef.o
        96         12          0          0          0         72   dscalbn.o
        84          4          0          0          0         60   f2d.o
       372          8          0          0          0        240   faddsub.o
       100          4          0          0          0         68   fcmpin.o
       352         10         64          0          0         92   fdiv.o
        84          4          0          0          0         76   feqf.o
        76          0          0          0          0         68   ffixi.o
        48          0          0          0          0         60   ffixui.o
        94          0          0          0          0         92   fflti.o
        84          4          0          0          0         76   flef.o
       176          4          0          0          0         80   fmul.o
        16          6          0          0          0         68   fnan2.o
        88          4          0          0          0         76   frlef.o
        68          4          0          0          0         68   fscalbn.o
        94          0          0          0          0         68   retnan.o
         0          0          0          0          0          0   usenofp.o
       540         68        152          0          0        112   atan.o
       376         42          0          0          0        144   atan2.o
        54          6          0          0          0        272   dunder.o
       148          4          0          0          0         72   fmod.o
        44          4          0          0          0         60   fpclassify.o
       172          0          0          0          0         76   poly.o
         0          0          8          0          0          0   qnan.o

    ----------------------------------------------------------------------
      7838        328        352          0         96       4088   Library Totals
        12          0          0          0          0          0   (incl. Padding)

    ----------------------------------------------------------------------

      Code (inc. data)   RO Data    RW Data    ZI Data      Debug   Library Name

      1034         20          0          0         96        996   c_p.l
      5458        184        192          0          0       2356   fz_ps.l
      1334        124        160          0          0        736   m_ps.l

    ----------------------------------------------------------------------
      7838        328        352          0         96       4088   Library Totals

    ----------------------------------------------------------------------

==============================================================================


      Code (inc. data)   RO Data    RW Data    ZI Data      Debug   

     30760       2234       1512       1044       2500     697763   Grand Totals
     30760       2234       1512        712       2500     697763   ELF Image Totals (compressed)
     30760       2234       1512        712          0          0   ROM Totals

==============================================================================

    Total RO  Size (Code + RO Data)                32272 (  31.52kB)
    Total RW  Size (RW Data + ZI Data)              3544 (   3.46kB)
    Total ROM Size (Code + RO Data + RW Data)      32984 (  32.21kB)

==============================================================================

