Component: ARM Compiler 5.06 update 6 (build 750) Tool: armlink [4d35ed]

==============================================================================

Section Cross References

    startup_stm32g031xx.o(STACK) refers (Special) to heapauxi.o(.text) for __use_two_region_memory
    startup_stm32g031xx.o(HEAP) refers (Special) to heapauxi.o(.text) for __use_two_region_memory
    startup_stm32g031xx.o(RESET) refers (Special) to heapauxi.o(.text) for __use_two_region_memory
    startup_stm32g031xx.o(RESET) refers to startup_stm32g031xx.o(STACK) for __initial_sp
    startup_stm32g031xx.o(RESET) refers to startup_stm32g031xx.o(.text) for Reset_Handler
    startup_stm32g031xx.o(RESET) refers to stm32g0xx_it.o(i.NMI_Handler) for NMI_Handler
    startup_stm32g031xx.o(RESET) refers to stm32g0xx_it.o(i.HardFault_Handler) for HardFault_Handler
    startup_stm32g031xx.o(RESET) refers to stm32g0xx_it.o(i.SVC_Handler) for SVC_Handler
    startup_stm32g031xx.o(RESET) refers to stm32g0xx_it.o(i.PendSV_Handler) for PendSV_Handler
    startup_stm32g031xx.o(RESET) refers to stm32g0xx_it.o(i.SysTick_Handler) for SysTick_Handler
    startup_stm32g031xx.o(RESET) refers to stm32g0xx_it.o(i.DMA1_Channel1_IRQHandler) for DMA1_Channel1_IRQHandler
    startup_stm32g031xx.o(RESET) refers to stm32g0xx_it.o(i.TIM2_IRQHandler) for TIM2_IRQHandler
    startup_stm32g031xx.o(RESET) refers to stm32g0xx_it.o(i.I2C1_IRQHandler) for I2C1_IRQHandler
    startup_stm32g031xx.o(.text) refers (Special) to heapauxi.o(.text) for __use_two_region_memory
    startup_stm32g031xx.o(.text) refers to system_stm32g0xx.o(i.SystemInit) for SystemInit
    startup_stm32g031xx.o(.text) refers to __main.o(!!!main) for __main
    startup_stm32g031xx.o(.text) refers to startup_stm32g031xx.o(HEAP) for Heap_Mem
    startup_stm32g031xx.o(.text) refers to startup_stm32g031xx.o(STACK) for Stack_Mem
    main.o(i.HAL_I2C_AddrCallback) refers to main.o(i.__ARM_common_switch8) for __ARM_common_switch8
    main.o(i.HAL_I2C_AddrCallback) refers to stm32g0xx_hal_i2c.o(i.HAL_I2C_Slave_Seq_Receive_IT) for HAL_I2C_Slave_Seq_Receive_IT
    main.o(i.HAL_I2C_AddrCallback) refers to stm32g0xx_hal_i2c.o(i.HAL_I2C_Slave_Seq_Transmit_IT) for HAL_I2C_Slave_Seq_Transmit_IT
    main.o(i.HAL_I2C_AddrCallback) refers to main.o(.data) for .data
    main.o(i.HAL_I2C_AddrCallback) refers to main.o(.bss) for .bss
    main.o(i.HAL_I2C_AddrCallback) refers to pid.o(.bss) for PID_velocity
    main.o(i.HAL_I2C_AddrCallback) refers to i2c.o(.bss) for hi2c1
    main.o(i.HAL_I2C_AddrCallback) refers to focmotor.o(.data) for shaft_angle
    main.o(i.HAL_I2C_AddrCallback) refers to focmotor.o(.data) for shaft_velocity
    main.o(i.HAL_I2C_AddrCallback) refers to focmotor.o(.data) for current
    main.o(i.HAL_I2C_AddrCallback) refers to adc.o(.data) for temperature
    main.o(i.HAL_I2C_AddrCallback) refers to focmotor.o(.data) for torque_controller
    main.o(i.HAL_I2C_AddrCallback) refers to focmotor.o(.data) for motion_controller
    main.o(i.HAL_I2C_AddrCallback) refers to bldcmotor.o(.data) for voltage_power_supply
    main.o(i.HAL_I2C_ErrorCallback) refers to stm32g0xx_hal_i2c.o(i.HAL_I2C_DeInit) for HAL_I2C_DeInit
    main.o(i.HAL_I2C_ErrorCallback) refers to i2c.o(i.MX_I2C1_Init) for MX_I2C1_Init
    main.o(i.HAL_I2C_ErrorCallback) refers to stm32g0xx_hal_i2c.o(i.HAL_I2C_Slave_Receive_IT) for HAL_I2C_Slave_Receive_IT
    main.o(i.HAL_I2C_ErrorCallback) refers to main.o(.bss) for .bss
    main.o(i.HAL_I2C_ErrorCallback) refers to i2c.o(.bss) for hi2c1
    main.o(i.HAL_I2C_ListenCpltCallback) refers to stm32g0xx_hal_i2c.o(i.HAL_I2C_EnableListen_IT) for HAL_I2C_EnableListen_IT
    main.o(i.HAL_I2C_SlaveRxCpltCallback) refers to main.o(i.__ARM_common_switch8) for __ARM_common_switch8
    main.o(i.HAL_I2C_SlaveRxCpltCallback) refers to stm32g0xx_hal_gpio.o(i.HAL_GPIO_WritePin) for HAL_GPIO_WritePin
    main.o(i.HAL_I2C_SlaveRxCpltCallback) refers to flash_wr.o(i.STMFLASH_Write) for STMFLASH_Write
    main.o(i.HAL_I2C_SlaveRxCpltCallback) refers to main.o(.data) for .data
    main.o(i.HAL_I2C_SlaveRxCpltCallback) refers to pid.o(.bss) for PID_velocity
    main.o(i.HAL_I2C_SlaveRxCpltCallback) refers to bldcmotor.o(.data) for current_limit
    main.o(i.HAL_I2C_SlaveRxCpltCallback) refers to main.o(.bss) for .bss
    main.o(i.HAL_I2C_SlaveRxCpltCallback) refers to focmotor.o(.data) for torque_controller
    main.o(i.HAL_I2C_SlaveRxCpltCallback) refers to focmotor.o(.data) for motion_controller
    main.o(i.HAL_I2C_SlaveRxCpltCallback) refers to focmotor.o(.data) for shaft_angle
    main.o(i.HAL_TIM_PeriodElapsedCallback) refers to aeabi_sdiv.o(.text) for __aeabi_uidivmod
    main.o(i.HAL_TIM_PeriodElapsedCallback) refers to main.o(.data) for .data
    main.o(i.HAL_TIM_PeriodElapsedCallback) refers to adc.o(.bss) for adc_buf
    main.o(i.HAL_TIM_PeriodElapsedCallback) refers to adc.o(.data) for v_vref
    main.o(i.HAL_TIM_PeriodElapsedCallback) refers to adc.o(.data) for temperature
[...]
    _get_lc_ctype                             - Undefined Weak Reference
    _get_lc_monetary                          - Undefined Weak Reference
    _get_lc_numeric                           - Undefined Weak Reference
    _get_lc_time                              - Undefined Weak Reference
    _getenv_init                              - Undefined Weak Reference
    _handle_redirection                       - Undefined Weak Reference
    _init_alloc                               - Undefined Weak Reference
    _init_user_alloc                          - Undefined Weak Reference
    _initio                                   - Undefined Weak Reference
    _rand_init                                - Undefined Weak Reference
    _signal_finish                            - Undefined Weak Reference
    _signal_init                              - Undefined Weak Reference
    _terminate_alloc                          - Undefined Weak Reference
    _terminate_user_alloc                     - Undefined Weak Reference
    _terminateio                              - Undefined Weak Reference
    __Vectors_Size                           0x000000c0   Number         0  startup_stm32g031xx.o ABSOLUTE
    __Vectors                                0x08000000   Data           4  startup_stm32g031xx.o(RESET)
    __Vectors_End                            0x080000c0   Data           0  startup_stm32g031xx.o(RESET)
    __main                                   0x080000c1   Thumb Code     8  __main.o(!!!main)
    __scatterload                            0x080000c9   Thumb Code     0  __scatter.o(!!!scatter)
    __scatterload_rt2                        0x080000c9   Thumb Code    52  __scatter.o(!!!scatter)
    __scatterload_rt2_thumb_only             0x080000c9   Thumb Code     0  __scatter.o(!!!scatter)
    __scatterload_null                       0x080000d9   Thumb Code     0  __scatter.o(!!!scatter)
    __scatterload_zeroinit                   0x08000105   Thumb Code    28  __scatter_zi.o(!!handler_zi)
    __rt_lib_init                            0x08000121   Thumb Code     0  libinit.o(.ARM.Collect$$libinit$$00000000)
    __rt_lib_init_alloca_1                   0x08000123   Thumb Code     0  libinit2.o(.ARM.Collect$$libinit$$0000002E)
    __rt_lib_init_argv_1                     0x08000123   Thumb Code     0  libinit2.o(.ARM.Collect$$libinit$$0000002C)
    __rt_lib_init_atexit_1                   0x08000123   Thumb Code     0  libinit2.o(.ARM.Collect$$libinit$$0000001B)
    __rt_lib_init_clock_1                    0x08000123   Thumb Code     0  libinit2.o(.ARM.Collect$$libinit$$00000021)
    __rt_lib_init_cpp_1                      0x08000123   Thumb Code     0  libinit2.o(.ARM.Collect$$libinit$$00000032)
    __rt_lib_init_exceptions_1               0x08000123   Thumb Code     0  libinit2.o(.ARM.Collect$$libinit$$00000030)
    __rt_lib_init_fp_1                       0x08000123   Thumb Code     0  libinit2.o(.ARM.Collect$$libinit$$00000002)
    __rt_lib_init_fp_trap_1                  0x08000123   Thumb Code     0  libinit2.o(.ARM.Collect$$libinit$$0000001F)
    __rt_lib_init_getenv_1                   0x08000123   Thumb Code     0  libinit2.o(.ARM.Collect$$libinit$$00000023)
    __rt_lib_init_heap_1                     0x08000123   Thumb Code     0  libinit2.o(.ARM.Collect$$libinit$$0000000A)
    __rt_lib_init_lc_collate_1               0x08000123   Thumb Code     0  libinit2.o(.ARM.Collect$$libinit$$00000011)
    __rt_lib_init_lc_ctype_1                 0x08000123   Thumb Code     0  libinit2.o(.ARM.Collect$$libinit$$00000013)
    __rt_lib_init_lc_monetary_1              0x08000123   Thumb Code     0  libinit2.o(.ARM.Collect$$libinit$$00000015)
    __rt_lib_init_lc_numeric_1               0x08000123   Thumb Code     0  libinit2.o(.ARM.Collect$$libinit$$00000017)
    __rt_lib_init_lc_time_1                  0x08000123   Thumb Code     0  libinit2.o(.ARM.Collect$$libinit$$00000019)
    __rt_lib_init_preinit_1                  0x08000123   Thumb Code     0  libinit2.o(.ARM.Collect$$libinit$$00000004)
    __rt_lib_init_rand_1                     0x08000123   Thumb Code     0  libinit2.o(.ARM.Collect$$libinit$$0000000E)
    __rt_lib_init_return                     0x08000123   Thumb Code     0  libinit2.o(.ARM.Collect$$libinit$$00000033)
    __rt_lib_init_signal_1                   0x08000123   Thumb Code     0  libinit2.o(.ARM.Collect$$libinit$$0000001D)
    __rt_lib_init_stdio_1                    0x08000123   Thumb Code     0  libinit2.o(.ARM.Collect$$libinit$$00000025)
    __rt_lib_init_user_alloc_1               0x08000123   Thumb Code     0  libinit2.o(.ARM.Collect$$libinit$$0000000C)
    __rt_lib_shutdown                        0x08000125   Thumb Code     0  libshutdown.o(.ARM.Collect$$libshutdown$$00000000)
    __rt_lib_shutdown_cpp_1                  0x08000127   Thumb Code     0  libshutdown2.o(.ARM.Collect$$libshutdown$$00000002)
    __rt_lib_shutdown_fp_trap_1              0x08000127   Thumb Code     0  libshutdown2.o(.ARM.Collect$$libshutdown$$00000007)
    __rt_lib_shutdown_heap_1                 0x08000127   Thumb Code     0  libshutdown2.o(.ARM.Collect$$libshutdown$$0000000F)
    __rt_lib_shutdown_return                 0x08000127   Thumb Code     0  libshutdown2.o(.ARM.Collect$$libshutdown$$00000010)
    __rt_lib_shutdown_signal_1               0x08000127   Thumb Code     0  libshutdown2.o(.ARM.Collect$$libshutdown$$0000000A)
    __rt_lib_shutdown_stdio_1                0x08000127   Thumb Code     0  libshutdown2.o(.ARM.Collect$$libshutdown$$00000004)
    __rt_lib_shutdown_user_alloc_1           0x08000127   Thumb Code     0  libshutdown2.o(.ARM.Collect$$libshutdown$$0000000C)
    __rt_entry                               0x08000129   Thumb Code     0  __rtentry.o(.ARM.Collect$$rtentry$$00000000)
    __rt_entry_presh_1                       0x08000129   Thumb Code     0  __rtentry2.o(.ARM.Collect$$rtentry$$00000002)
    __rt_entry_sh                            0x08000129   Thumb Code     0  __rtentry4.o(.ARM.Collect$$rtentry$$00000004)
    __rt_entry_li                            0x0800012f   Thumb Code     0  __rtentry2.o(.ARM.Collect$$rtentry$$0000000A)
    __rt_entry_postsh_1                      0x0800012f   Thumb Code     0  __rtentry2.o(.ARM.Collect$$rtentry$$00000009)
    __rt_entry_main                          0x08000133   Thumb Code     0  __rtentry2.o(.ARM.Collect$$rtentry$$0000000D)
    __rt_entry_postli_1                      0x08000133   Thumb Code     0  __rtentry2.o(.ARM.Collect$$rtentry$$0000000C)
    __rt_exit                                0x0800013b   Thumb Code     0  rtexit.o(.ARM.Collect$$rtexit$$00000000)
    __rt_exit_ls                             0x0800013d   Thumb Code     0  rtexit2.o(.ARM.Collect$$rtexit$$00000003)
    __rt_exit_prels_1                        0x0800013d   Thumb Code     0  rtexit2.o(.ARM.Collect$$rtexit$$00000002)
    __rt_exit_exit                           0x08000141   Thumb Code     0  rtexit2.o(.ARM.Collect$$rtexit$$00000004)
    Reset_Handler                            0x08000149   Thumb Code     8  startup_stm32g031xx.o(.text)
    ADC1_IRQHandler                          0x0800015b   Thumb Code     0  startup_stm32g031xx.o(.text)
    DMA1_Ch4_5_DMAMUX1_OVR_IRQHandler        0x0800015b   Thumb Code     0  startup_stm32g031xx.o(.text)
    DMA1_Channel2_3_IRQHandler               0x0800015b   Thumb Code     0  startup_stm32g031xx.o(.text)
    EXTI0_1_IRQHandler                       0x0800015b   Thumb Code     0  startup_stm32g031xx.o(.text)
    EXTI2_3_IRQHandler                       0x0800015b   Thumb Code     0  startup_stm32g031xx.o(.text)
    EXTI4_15_IRQHandler                      0x0800015b   Thumb Code     0  startup_stm32g031xx.o(.text)
    FLASH_IRQHandler                         0x0800015b   Thumb Code     0  startup_stm32g031xx.o(.text)
    I2C2_IRQHandler                          0x0800015b   Thumb Code     0  startup_stm32g031xx.o(.text)
    LPTIM1_IRQHandler                        0x0800015b   Thumb Code     0  startup_stm32g031xx.o(.text)
    LPTIM2_IRQHandler                        0x0800015b   Thumb Code     0  startup_stm32g031xx.o(.text)
    LPUART1_IRQHandler                       0x0800015b   Thumb Code     0  startup_stm32g031xx.o(.text)
    PVD_IRQHandler                           0x0800015b   Thumb Code     0  startup_stm32g031xx.o(.text)
    RCC_IRQHandler                           0x0800015b   Thumb Code     0  startup_stm32g031xx.o(.text)
    RTC_TAMP_IRQHandler                      0x0800015b   Thumb Code     0  startup_stm32g031xx.o(.text)
    SPI1_IRQHandler                          0x0800015b   Thumb Code     0  startup_stm32g031xx.o(.text)
    SPI2_IRQHandler                          0x0800015b   Thumb Code     0  startup_stm32g031xx.o(.text)
    TIM14_IRQHandler                         0x0800015b   Thumb Code     0  startup_stm32g031xx.o(.text)
    TIM16_IRQHandler                         0x0800015b   Thumb Code     0  startup_stm32g031xx.o(.text)
    TIM17_IRQHandler                         0x0800015b   Thumb Code     0  startup_stm32g031xx.o(.text)
    TIM1_BRK_UP_TRG_COM_IRQHandler           0x0800015b   Thumb Code     0  startup_stm32g031xx.o(.text)
    TIM1_CC_IRQHandler                       0x0800015b   Thumb Code     0  startup_stm32g031xx.o(.text)
    TIM3_IRQHandler                          0x0800015b   Thumb Code     0  startup_stm32g031xx.o(.text)
    USART1_IRQHandler                        0x0800015b   Thumb Code     0  startup_stm32g031xx.o(.text)
    USART2_IRQHandler                        0x0800015b   Thumb Code     0  startup_stm32g031xx.o(.text)
    WWDG_IRQHandler                          0x0800015b   Thumb Code     0  startup_stm32g031xx.o(.text)
    __user_initial_stackheap                 0x0800015d   Thumb Code     0  startup_stm32g031xx.o(.text)
    __aeabi_uldivmod                         0x08000181   Thumb Code   258  lludiv.o(.text)
    _ll_udiv                                 0x08000181   Thumb Code     0  lludiv.o(.text)
    _memset_w                                0x08000283   Thumb Code    26  rt_memclr.o(.text)
    _memset                                  0x0800029d   Thumb Code    30  rt_memclr.o(.text)
    __aeabi_memclr                           0x080002bb   Thumb Code     4  rt_memclr.o(.text)
    __rt_memclr                              0x080002bb   Thumb Code     0  rt_memclr.o(.text)
    __aeabi_memclr4                          0x080002bf   Thumb Code     0  rt_memclr.o(.text)
    __aeabi_memclr8                          0x080002bf   Thumb Code     0  rt_memclr.o(.text)
    __rt_memclr_w                            0x080002bf   Thumb Code     4  rt_memclr.o(.text)
    __aeabi_uidiv                            0x080002c3   Thumb Code     0  aeabi_sdiv.o(.text)
    __aeabi_uidivmod                         0x080002c3   Thumb Code    20  aeabi_sdiv.o(.text)
    __aeabi_idiv                             0x080002d7   Thumb Code     0  aeabi_sdiv.o(.text)
    __aeabi_idivmod                          0x080002d7   Thumb Code   326  aeabi_sdiv.o(.text)
    __use_two_region_memory                  0x0800041d   Thumb Code     2  heapauxi.o(.text)
    __rt_heap_escrow$2region                 0x0800041f   Thumb Code     2  heapauxi.o(.text)
    __rt_heap_expand$2region                 0x08000421   Thumb Code     2  heapauxi.o(.text)
    __aeabi_d2f                              0x08000425   Thumb Code     0  d2f.o(.text)
    _d2f                                     0x08000425   Thumb Code   120  d2f.o(.text)
    __aeabi_dadd                             0x08000799   Thumb Code     0  daddsub.o(.text)
    _dadd                                    0x08000799   Thumb Code    26  daddsub.o(.text)
    __aeabi_dsub                             0x080007b3   Thumb Code     0  daddsub.o(.text)
    _dsub                                    0x080007b3   Thumb Code    22  daddsub.o(.text)
    __aeabi_drsub                            0x080007c9   Thumb Code     0  daddsub.o(.text)
    _drsb                                    0x080007c9   Thumb Code    28  daddsub.o(.text)
    __aeabi_ddiv                             0x080007f9   Thumb Code     0  ddiv.o(.text)
    _ddiv                                    0x080007f9   Thumb Code  1072  ddiv.o(.text)
    _drdiv                                   0x08000c29   Thumb Code    20  ddiv.o(.text)
    __aeabi_d2iz                             0x08000c41   Thumb Code     0  dfixi.o(.text)
    _dfix                                    0x08000c41   Thumb Code    98  dfixi.o(.text)
    __aeabi_d2uiz                            0x08000cad   Thumb Code     0  dfixui.o(.text)
    _dfixu                                   0x08000cad   Thumb Code    68  dfixui.o(.text)
    __aeabi_i2d_normalise                    0x08000cf5   Thumb Code    66  dflti.o(.text)
    __aeabi_i2d                              0x08000d37   Thumb Code    16  dflti.o(.text)
    _dflt                                    0x08000d37   Thumb Code     0  dflti.o(.text)
    __aeabi_ui2d                             0x08000d47   Thumb Code     6  dflti.o(.text)
    _dfltu                                   0x08000d47   Thumb Code     0  dflti.o(.text)
    __aeabi_dmul                             0x08000d4d   Thumb Code     0  dmul.o(.text)
    _dmul                                    0x08000d4d   Thumb Code   558  dmul.o(.text)
    __aeabi_f2d                              0x08000f95   Thumb Code     0  f2d.o(.text)
    _f2d                                     0x08000f95   Thumb Code    80  f2d.o(.text)
    __aeabi_fdiv                             0x08000fe9   Thumb Code     0  fdiv.o(.text)
    _fdiv                                    0x08000fe9   Thumb Code   334  fdiv.o(.text)
    _frdiv                                   0x08001137   Thumb Code     8  fdiv.o(.text)
    __aeabi_f2iz                             0x08001149   Thumb Code     0  ffixi.o(.text)
    _ffix                                    0x08001149   Thumb Code    76  ffixi.o(.text)
    __aeabi_f2uiz                            0x08001195   Thumb Code     0  ffixui.o(.text)
    _ffixu                                   0x08001195   Thumb Code    48  ffixui.o(.text)
    __aeabi_i2f_normalise                    0x080011c5   Thumb Code    72  fflti.o(.text)
    __aeabi_i2f                              0x0800120d   Thumb Code    16  fflti.o(.text)
    _fflt                                    0x0800120d   Thumb Code     0  fflti.o(.text)
    __aeabi_ui2f                             0x0800121d   Thumb Code     6  fflti.o(.text)
    _ffltu                                   0x0800121d   Thumb Code     0  fflti.o(.text)
    __ARM_scalbnf                            0x08001225   Thumb Code    64  fscalbn.o(.text)
    __read_errno                             0x08001269   Thumb Code    10  _rserrno.o(.text)
    __set_errno                              0x08001273   Thumb Code    12  _rserrno.o(.text)
    __fpl_dcmp_InfNaN                        0x08001281   Thumb Code   140  dcmpin.o(.text)
    _drem                                    0x08001311   Thumb Code   368  drem.o(.text)
    __fpl_fcmp_InfNaN                        0x08001491   Thumb Code    96  fcmpin.o(.text)
    __aeabi_errno_addr                       0x080014f5   Thumb Code     8  rt_errno_addr_intlibspace.o(.text)
    __errno$intlibspace                      0x080014f5   Thumb Code     0  rt_errno_addr_intlibspace.o(.text)
    __rt_errno_addr$intlibspace              0x080014f5   Thumb Code     0  rt_errno_addr_intlibspace.o(.text)
    __fpl_cmpreturn                          0x080014fd   Thumb Code    46  cmpret.o(.text)
    __fpl_dcheck_NaN2                        0x0800152d   Thumb Code    14  dnan2.o(.text)
    __ARM_scalbn                             0x08001541   Thumb Code    84  dscalbn.o(.text)
    __fpl_fcheck_NaN2                        0x080015a1   Thumb Code    10  fnan2.o(.text)
    __user_libspace                          0x080015b1   Thumb Code     8  libspace.o(.text)
    __user_perproc_libspace                  0x080015b1   Thumb Code     0  libspace.o(.text)
    __user_perthread_libspace                0x080015b1   Thumb Code     0  libspace.o(.text)
    __user_setup_stackheap                   0x080015b9   Thumb Code    62  sys_stackheap_outer.o(.text)
    exit                                     0x080015f7   Thumb Code    16  exit.o(.text)
    __fpl_return_NaN                         0x08001607   Thumb Code    94  retnan.o(.text)
    _sys_exit                                0x08001665   Thumb Code     8  sys_exit.o(.text)
    __I$use$semihosting                      0x08001671   Thumb Code     0  use_no_semi.o(.text)
    __use_no_semihosting_swi                 0x08001671   Thumb Code     2  use_no_semi.o(.text)
    __decompress                             0x08001673   Thumb Code     0  __dclz77c.o(.text)
    __decompress2                            0x08001673   Thumb Code    96  __dclz77c.o(.text)
    __semihosting_library_function           0x08001673   Thumb Code     0  indicate_semi.o(.text)
    ADC_Enable                               0x08001779   Thumb Code   162  stm32g0xx_hal_adc.o(i.ADC_Enable)
    Current_calibrateOffsets                 0x0800182d   Thumb Code   106  lowsidecurrentsense.o(i.Current_calibrateOffsets)
    DMA1_Channel1_IRQHandler                 0x080018a1   Thumb Code    10  stm32g0xx_it.o(i.DMA1_Channel1_IRQHandler)
    Error_Handler                            0x08001951   Thumb Code     4  main.o(i.Error_Handler)
    FLASH_PageErase                          0x08001969   Thumb Code    20  stm32g0xx_hal_flash_ex.o(i.FLASH_PageErase)
    FLASH_WaitForLastOperation               0x080019d9   Thumb Code    82  stm32g0xx_hal_flash.o(i.FLASH_WaitForLastOperation)
    HAL_ADC_ConfigChannel                    0x08001a3d   Thumb Code   522  stm32g0xx_hal_adc.o(i.HAL_ADC_ConfigChannel)
    HAL_ADC_ConvCpltCallback                 0x08001c61   Thumb Code     2  stm32g0xx_hal_adc.o(i.HAL_ADC_ConvCpltCallback)
    HAL_ADC_ConvHalfCpltCallback             0x08001c63   Thumb Code     2  stm32g0xx_hal_adc.o(i.HAL_ADC_ConvHalfCpltCallback)
    HAL_ADC_ErrorCallback                    0x08001c65   Thumb Code     2  stm32g0xx_hal_adc.o(i.HAL_ADC_ErrorCallback)
    HAL_ADC_Init                             0x08001c69   Thumb Code   514  stm32g0xx_hal_adc.o(i.HAL_ADC_Init)
    HAL_ADC_MspInit                          0x08001e89   Thumb Code   166  adc.o(i.HAL_ADC_MspInit)
    HAL_ADC_Start_DMA                        0x08001f41   Thumb Code   158  stm32g0xx_hal_adc.o(i.HAL_ADC_Start_DMA)
    HAL_DMA_Abort_IT                         0x08001ff5   Thumb Code   118  stm32g0xx_hal_dma.o(i.HAL_DMA_Abort_IT)
    HAL_DMA_GetState                         0x08002071   Thumb Code     6  stm32g0xx_hal_dma.o(i.HAL_DMA_GetState)
    HAL_DMA_IRQHandler                       0x08002079   Thumb Code   180  stm32g0xx_hal_dma.o(i.HAL_DMA_IRQHandler)
    HAL_DMA_Init                             0x08002131   Thumb Code   156  stm32g0xx_hal_dma.o(i.HAL_DMA_Init)
    HAL_DMA_Start_IT                         0x080021d5   Thumb Code   136  stm32g0xx_hal_dma.o(i.HAL_DMA_Start_IT)
    HAL_Delay                                0x08002261   Thumb Code    32  stm32g0xx_hal.o(i.HAL_Delay)
    HAL_FLASHEx_Erase                        0x08002285   Thumb Code   126  stm32g0xx_hal_flash_ex.o(i.HAL_FLASHEx_Erase)
    HAL_FLASH_Lock                           0x0800230d   Thumb Code    22  stm32g0xx_hal_flash.o(i.HAL_FLASH_Lock)
    HAL_FLASH_Program                        0x08002329   Thumb Code    88  stm32g0xx_hal_flash.o(i.HAL_FLASH_Program)
    HAL_FLASH_Unlock                         0x08002389   Thumb Code    28  stm32g0xx_hal_flash.o(i.HAL_FLASH_Unlock)
    HAL_GPIO_DeInit                          0x080023b1   Thumb Code   196  stm32g0xx_hal_gpio.o(i.HAL_GPIO_DeInit)
    HAL_GPIO_Init                            0x08002485   Thumb Code   330  stm32g0xx_hal_gpio.o(i.HAL_GPIO_Init)
    HAL_GPIO_TogglePin                       0x080025e1   Thumb Code    16  stm32g0xx_hal_gpio.o(i.HAL_GPIO_TogglePin)
    HAL_GPIO_WritePin                        0x080025f1   Thumb Code    12  stm32g0xx_hal_gpio.o(i.HAL_GPIO_WritePin)
    HAL_GetTick                              0x080025fd   Thumb Code     6  stm32g0xx_hal.o(i.HAL_GetTick)
    HAL_I2CEx_ConfigAnalogFilter             0x08002609   Thumb Code    74  stm32g0xx_hal_i2c_ex.o(i.HAL_I2CEx_ConfigAnalogFilter)
    HAL_I2CEx_ConfigDigitalFilter            0x08002653   Thumb Code    72  stm32g0xx_hal_i2c_ex.o(i.HAL_I2CEx_ConfigDigitalFilter)
    HAL_I2C_AbortCpltCallback                0x0800269b   Thumb Code     2  stm32g0xx_hal_i2c.o(i.HAL_I2C_AbortCpltCallback)
    HAL_I2C_AddrCallback                     0x0800269d   Thumb Code   180  main.o(i.HAL_I2C_AddrCallback)
    HAL_I2C_DeInit                           0x08002795   Thumb Code    52  stm32g0xx_hal_i2c.o(i.HAL_I2C_DeInit)
    HAL_I2C_ER_IRQHandler                    0x080027c9   Thumb Code    94  stm32g0xx_hal_i2c.o(i.HAL_I2C_ER_IRQHandler)
    HAL_I2C_EV_IRQHandler                    0x08002827   Thumb Code    16  stm32g0xx_hal_i2c.o(i.HAL_I2C_EV_IRQHandler)
    HAL_I2C_EnableListen_IT                  0x08002839   Thumb Code    36  stm32g0xx_hal_i2c.o(i.HAL_I2C_EnableListen_IT)
    HAL_I2C_ErrorCallback                    0x08002861   Thumb Code    22  main.o(i.HAL_I2C_ErrorCallback)
    HAL_I2C_Init                             0x08002881   Thumb Code   176  stm32g0xx_hal_i2c.o(i.HAL_I2C_Init)
    HAL_I2C_ListenCpltCallback               0x08002935   Thumb Code     8  main.o(i.HAL_I2C_ListenCpltCallback)
    HAL_I2C_MasterRxCpltCallback             0x0800293d   Thumb Code     2  stm32g0xx_hal_i2c.o(i.HAL_I2C_MasterRxCpltCallback)
    HAL_I2C_MasterTxCpltCallback             0x0800293f   Thumb Code     2  stm32g0xx_hal_i2c.o(i.HAL_I2C_MasterTxCpltCallback)
    HAL_I2C_MemRxCpltCallback                0x08002941   Thumb Code     2  stm32g0xx_hal_i2c.o(i.HAL_I2C_MemRxCpltCallback)
    HAL_I2C_MemTxCpltCallback                0x08002943   Thumb Code     2  stm32g0xx_hal_i2c.o(i.HAL_I2C_MemTxCpltCallback)
    HAL_I2C_MspDeInit                        0x08002945   Thumb Code    50  i2c.o(i.HAL_I2C_MspDeInit)
    HAL_I2C_MspInit                          0x08002985   Thumb Code   130  i2c.o(i.HAL_I2C_MspInit)
    HAL_I2C_SlaveRxCpltCallback              0x08002a15   Thumb Code   330  main.o(i.HAL_I2C_SlaveRxCpltCallback)
    HAL_I2C_SlaveTxCpltCallback              0x08002bad   Thumb Code     2  main.o(i.HAL_I2C_SlaveTxCpltCallback)
    HAL_I2C_Slave_Receive_IT                 0x08002bb1   Thumb Code    78  stm32g0xx_hal_i2c.o(i.HAL_I2C_Slave_Receive_IT)
    HAL_I2C_Slave_Seq_Receive_IT             0x08002c09   Thumb Code   190  stm32g0xx_hal_i2c.o(i.HAL_I2C_Slave_Seq_Receive_IT)
    HAL_I2C_Slave_Seq_Transmit_IT            0x08002cd5   Thumb Code   194  stm32g0xx_hal_i2c.o(i.HAL_I2C_Slave_Seq_Transmit_IT)
    HAL_IncTick                              0x08002da5   Thumb Code    12  stm32g0xx_hal.o(i.HAL_IncTick)
    HAL_Init                                 0x08002db5   Thumb Code    36  stm32g0xx_hal.o(i.HAL_Init)
    HAL_InitTick                             0x08002ddd   Thumb Code    64  stm32g0xx_hal.o(i.HAL_InitTick)
    HAL_MspInit                              0x08002e25   Thumb Code    38  stm32g0xx_hal_msp.o(i.HAL_MspInit)
    HAL_NVIC_DisableIRQ                      0x08002e51   Thumb Code    26  stm32g0xx_hal_cortex.o(i.HAL_NVIC_DisableIRQ)
    HAL_NVIC_EnableIRQ                       0x08002e71   Thumb Code    18  stm32g0xx_hal_cortex.o(i.HAL_NVIC_EnableIRQ)
    HAL_NVIC_SetPriority                     0x08002e89   Thumb Code     8  stm32g0xx_hal_cortex.o(i.HAL_NVIC_SetPriority)
    HAL_PWREx_ControlVoltageScaling          0x08002e91   Thumb Code    62  stm32g0xx_hal_pwr_ex.o(i.HAL_PWREx_ControlVoltageScaling)
    HAL_RCCEx_PeriphCLKConfig                0x08002edd   Thumb Code   420  stm32g0xx_hal_rcc_ex.o(i.HAL_RCCEx_PeriphCLKConfig)
    HAL_RCC_ClockConfig                      0x0800308d   Thumb Code   318  stm32g0xx_hal_rcc.o(i.HAL_RCC_ClockConfig)
    HAL_RCC_GetPCLK1Freq                     0x080031e5   Thumb Code    26  stm32g0xx_hal_rcc.o(i.HAL_RCC_GetPCLK1Freq)
    HAL_RCC_GetSysClockFreq                  0x0800320d   Thumb Code   130  stm32g0xx_hal_rcc.o(i.HAL_RCC_GetSysClockFreq)
    HAL_RCC_OscConfig                        0x08003299   Thumb Code   962  stm32g0xx_hal_rcc.o(i.HAL_RCC_OscConfig)
    HAL_SPI_Init                             0x08003681   Thumb Code   238  stm32g0xx_hal_spi.o(i.HAL_SPI_Init)
    HAL_SPI_MspInit                          0x08003771   Thumb Code    82  spi.o(i.HAL_SPI_MspInit)
    HAL_SPI_Receive                          0x080037d1   Thumb Code   360  stm32g0xx_hal_spi.o(i.HAL_SPI_Receive)
    HAL_SPI_Transmit                         0x08003939   Thumb Code   352  stm32g0xx_hal_spi.o(i.HAL_SPI_Transmit)
    HAL_SPI_TransmitReceive                  0x08003a99   Thumb Code   498  stm32g0xx_hal_spi.o(i.HAL_SPI_TransmitReceive)
    HAL_SYSTICK_Config                       0x08003c8d   Thumb Code    38  stm32g0xx_hal_cortex.o(i.HAL_SYSTICK_Config)
    HAL_TIMEx_Break2Callback                 0x08003cbd   Thumb Code     2  stm32g0xx_hal_tim_ex.o(i.HAL_TIMEx_Break2Callback)
    HAL_TIMEx_BreakCallback                  0x08003cbf   Thumb Code     2  stm32g0xx_hal_tim_ex.o(i.HAL_TIMEx_BreakCallback)
    HAL_TIMEx_CommutCallback                 0x08003cc1   Thumb Code     2  stm32g0xx_hal_tim_ex.o(i.HAL_TIMEx_CommutCallback)
    HAL_TIMEx_ConfigBreakDeadTime            0x08003cc5   Thumb Code   168  stm32g0xx_hal_tim_ex.o(i.HAL_TIMEx_ConfigBreakDeadTime)
    HAL_TIMEx_MasterConfigSynchronization    0x08003d71   Thumb Code    98  stm32g0xx_hal_tim_ex.o(i.HAL_TIMEx_MasterConfigSynchronization)
    HAL_TIM_Base_Init                        0x08003ddd   Thumb Code    76  stm32g0xx_hal_tim.o(i.HAL_TIM_Base_Init)
    HAL_TIM_Base_MspInit                     0x08003e29   Thumb Code   110  tim.o(i.HAL_TIM_Base_MspInit)
    HAL_TIM_Base_Start_IT                    0x08003ea1   Thumb Code    74  stm32g0xx_hal_tim.o(i.HAL_TIM_Base_Start_IT)
    HAL_TIM_ConfigClockSource                0x08003ef9   Thumb Code   220  stm32g0xx_hal_tim.o(i.HAL_TIM_ConfigClockSource)
    HAL_TIM_IC_CaptureCallback               0x08003fd9   Thumb Code     2  stm32g0xx_hal_tim.o(i.HAL_TIM_IC_CaptureCallback)
    HAL_TIM_IRQHandler                       0x08003fdd   Thumb Code   382  stm32g0xx_hal_tim.o(i.HAL_TIM_IRQHandler)
    HAL_TIM_MspPostInit                      0x08004161   Thumb Code    70  tim.o(i.HAL_TIM_MspPostInit)
    HAL_TIM_OC_ConfigChannel                 0x080041b1   Thumb Code   108  stm32g0xx_hal_tim.o(i.HAL_TIM_OC_ConfigChannel)
    HAL_TIM_OC_DelayElapsedCallback          0x0800421d   Thumb Code     2  stm32g0xx_hal_tim.o(i.HAL_TIM_OC_DelayElapsedCallback)
    HAL_TIM_OC_Init                          0x0800421f   Thumb Code    76  stm32g0xx_hal_tim.o(i.HAL_TIM_OC_Init)
    HAL_TIM_OC_MspInit                       0x0800426b   Thumb Code     2  stm32g0xx_hal_tim.o(i.HAL_TIM_OC_MspInit)
    HAL_TIM_PWM_ConfigChannel                0x0800426d   Thumb Code   296  stm32g0xx_hal_tim.o(i.HAL_TIM_PWM_ConfigChannel)
    HAL_TIM_PWM_Init                         0x08004395   Thumb Code    76  stm32g0xx_hal_tim.o(i.HAL_TIM_PWM_Init)
    HAL_TIM_PWM_MspInit                      0x080043e1   Thumb Code     2  stm32g0xx_hal_tim.o(i.HAL_TIM_PWM_MspInit)
    HAL_TIM_PWM_PulseFinishedCallback        0x080043e3   Thumb Code     2  stm32g0xx_hal_tim.o(i.HAL_TIM_PWM_PulseFinishedCallback)
    HAL_TIM_PWM_Start                        0x080043e5   Thumb Code   178  stm32g0xx_hal_tim.o(i.HAL_TIM_PWM_Start)
    HAL_TIM_PeriodElapsedCallback            0x080044ad   Thumb Code   106  main.o(i.HAL_TIM_PeriodElapsedCallback)
    HAL_TIM_TriggerCallback                  0x08004535   Thumb Code     2  stm32g0xx_hal_tim.o(i.HAL_TIM_TriggerCallback)
    HAL_UARTEx_DisableFifoMode               0x08004537   Thumb Code    60  stm32g0xx_hal_uart_ex.o(i.HAL_UARTEx_DisableFifoMode)
    HAL_UARTEx_SetRxFifoThreshold            0x08004573   Thumb Code    72  stm32g0xx_hal_uart_ex.o(i.HAL_UARTEx_SetRxFifoThreshold)
    HAL_UARTEx_SetTxFifoThreshold            0x080045bb   Thumb Code    70  stm32g0xx_hal_uart_ex.o(i.HAL_UARTEx_SetTxFifoThreshold)
    HAL_UART_Init                            0x08004601   Thumb Code   108  stm32g0xx_hal_uart.o(i.HAL_UART_Init)
    HAL_UART_MspInit                         0x0800466d   Thumb Code   110  usart.o(i.HAL_UART_MspInit)
    HardFault_Handler                        0x080046e9   Thumb Code     2  stm32g0xx_it.o(i.HardFault_Handler)
    I2C1_IRQHandler                          0x080046ed   Thumb Code    28  stm32g0xx_it.o(i.I2C1_IRQHandler)
    LPF_init                                 0x0800507d   Thumb Code    30  lowpass_filter.o(i.LPF_init)
    LPFoperator                              0x080050a5   Thumb Code   118  lowpass_filter.o(i.LPFoperator)
    LowsideCurrentSense                      0x08005131   Thumb Code    22  lowsidecurrentsense.o(i.LowsideCurrentSense)
    LowsideCurrentSense_Init                 0x08005159   Thumb Code     8  lowsidecurrentsense.o(i.LowsideCurrentSense_Init)
    MX_ADC1_Init                             0x08005161   Thumb Code   200  adc.o(i.MX_ADC1_Init)
    MX_DMA_Init                              0x08005245   Thumb Code    36  dma.o(i.MX_DMA_Init)
    MX_GPIO_Init                             0x0800526d   Thumb Code   180  gpio.o(i.MX_GPIO_Init)
    MX_I2C1_Init                             0x0800532d   Thumb Code    78  i2c.o(i.MX_I2C1_Init)
    MX_SPI1_Init                             0x08005389   Thumb Code    70  spi.o(i.MX_SPI1_Init)
    MX_TIM1_Init                             0x080053d9   Thumb Code   318  tim.o(i.MX_TIM1_Init)
    MX_TIM2_Init                             0x08005525   Thumb Code   100  tim.o(i.MX_TIM2_Init)
    MX_USART1_UART_Init                      0x08005591   Thumb Code    96  usart.o(i.MX_USART1_UART_Init)
    MagneticSensor_Init                      0x080055f9   Thumb Code    30  magneticsensor.o(i.MagneticSensor_Init)
    Motor_init                               0x08005621   Thumb Code    64  bldcmotor.o(i.Motor_init)
    Motor_initFOC                            0x0800567d   Thumb Code    76  bldcmotor.o(i.Motor_initFOC)
    NMI_Handler                              0x080056e5   Thumb Code     2  stm32g0xx_it.o(i.NMI_Handler)
    PID_init                                 0x080056e9   Thumb Code    96  pid.o(i.PID_init)
    PIDoperator                              0x0800575d   Thumb Code   312  pid.o(i.PIDoperator)
    PendSV_Handler                           0x080058ad   Thumb Code     2  stm32g0xx_it.o(i.PendSV_Handler)
    ReadTLE5012B_1                           0x080058b1   Thumb Code    86  magneticsensor.o(i.ReadTLE5012B_1)
    STM32G0_GetFlashSector                   0x08005b65   Thumb Code    30  flash_wr.o(i.STM32G0_GetFlashSector)
    STMFLASH_Read                            0x08005b91   Thumb Code    22  flash_wr.o(i.STMFLASH_Read)
    STMFLASH_Write                           0x08005ba9   Thumb Code   116  flash_wr.o(i.STMFLASH_Write)
    SVC_Handler                              0x08005c21   Thumb Code     2  stm32g0xx_it.o(i.SVC_Handler)
    SysTick_Handler                          0x08005c23   Thumb Code     8  stm32g0xx_it.o(i.SysTick_Handler)
    SystemClock_Config                       0x08005c2b   Thumb Code   108  main.o(i.SystemClock_Config)
    SystemInit                               0x08005c97   Thumb Code     2  system_stm32g0xx.o(i.SystemInit)
    TIM2_IRQHandler                          0x08005c99   Thumb Code    10  stm32g0xx_it.o(i.TIM2_IRQHandler)
    TIM_Base_SetConfig                       0x08005ca9   Thumb Code   112  stm32g0xx_hal_tim.o(i.TIM_Base_SetConfig)
    TIM_CCxChannelCmd                        0x08005d2d   Thumb Code    26  stm32g0xx_hal_tim.o(i.TIM_CCxChannelCmd)
    TIM_ETR_SetConfig                        0x08005d47   Thumb Code    22  stm32g0xx_hal_tim.o(i.TIM_ETR_SetConfig)
    TIM_OC2_SetConfig                        0x08005ded   Thumb Code   108  stm32g0xx_hal_tim.o(i.TIM_OC2_SetConfig)
    UART_AdvFeatureConfig                    0x0800609d   Thumb Code   202  stm32g0xx_hal_uart.o(i.UART_AdvFeatureConfig)
    UART_CheckIdleState                      0x08006169   Thumb Code    94  stm32g0xx_hal_uart.o(i.UART_CheckIdleState)
    UART_SetConfig                           0x080061cd   Thumb Code   482  stm32g0xx_hal_uart.o(i.UART_SetConfig)
    UART_WaitOnFlagUntilTimeout              0x080063d9   Thumb Code   210  stm32g0xx_hal_uart.o(i.UART_WaitOnFlagUntilTimeout)
    __ARM_common_switch8                     0x080064ab   Thumb Code    26  main.o(i.__ARM_common_switch8)
    __ARM_fpclassify                         0x080064c5   Thumb Code    40  fpclassify.o(i.__ARM_fpclassify)
    __kernel_poly                            0x08006535   Thumb Code   172  poly.o(i.__kernel_poly)
    __mathlib_dbl_infnan                     0x080065e1   Thumb Code    10  dunder.o(i.__mathlib_dbl_infnan)
    __mathlib_dbl_infnan2                    0x080065eb   Thumb Code     8  dunder.o(i.__mathlib_dbl_infnan2)
    __mathlib_dbl_invalid                    0x080065f3   Thumb Code    16  dunder.o(i.__mathlib_dbl_invalid)
    __mathlib_dbl_underflow                  0x08006605   Thumb Code    14  dunder.o(i.__mathlib_dbl_underflow)
    _cos                                     0x08006619   Thumb Code    68  foc_utils.o(i._cos)
    _electricalAngle                         0x08006671   Thumb Code    18  foc_utils.o(i._electricalAngle)
    _normalizeAngle                          0x08006685   Thumb Code    54  foc_utils.o(i._normalizeAngle)
    _readADCVoltage                          0x080066c5   Thumb Code    52  adc.o(i._readADCVoltage)
    _sin                                     0x0800670d   Thumb Code   252  foc_utils.o(i._sin)
    _sqrtApprox                              0x08006835   Thumb Code    14  foc_utils.o(i._sqrtApprox)
    alignSensor                              0x08006849   Thumb Code   396  bldcmotor.o(i.alignSensor)
    angleOpenloop                            0x08006a09   Thumb Code   194  bldcmotor.o(i.angleOpenloop)
    atan                                     0x08006aed   Thumb Code   472  atan.o(i.atan)
    atan2                                    0x08006d09   Thumb Code   334  atan2.o(i.atan2)
    electricalAngle                          0x08006e81   Thumb Code    40  focmotor.o(i.electricalAngle)
    fmod                                     0x08006eb1   Thumb Code   144  fmod.o(i.fmod)
    getAngle                                 0x08006f45   Thumb Code   160  magneticsensor.o(i.getAngle)
    getDCCurrent                             0x08007001   Thumb Code   212  currentsense.o(i.getDCCurrent)
    getFOCCurrents                           0x080070e5   Thumb Code   180  currentsense.o(i.getFOCCurrents)
    getPhaseCurrents                         0x080071a9   Thumb Code   100  lowsidecurrentsense.o(i.getPhaseCurrents)
    getVelocity                              0x0800721d   Thumb Code    96  magneticsensor.o(i.getVelocity)
    loopFOC                                  0x08007299   Thumb Code   178  bldcmotor.o(i.loopFOC)
    main                                     0x0800737d   Thumb Code   436  main.o(i.main)
    move                                     0x0800759d   Thumb Code   140  bldcmotor.o(i.move)
    setPhaseVoltage                          0x08007651   Thumb Code   670  bldcmotor.o(i.setPhaseVoltage)
    shaftAngle                               0x08007921   Thumb Code    32  focmotor.o(i.shaftAngle)
    shaftVelocity                            0x08007949   Thumb Code    32  focmotor.o(i.shaftVelocity)
    velocityOpenloop                         0x08007971   Thumb Code   116  bldcmotor.o(i.velocityOpenloop)
    __aeabi_cdrcmple                         0x08007a05   Thumb Code     0  drlef.o(x$fpl$drleqf)
    _drcmple                                 0x08007a05   Thumb Code   100  drlef.o(x$fpl$drleqf)
    __aeabi_fadd                             0x08007a6d   Thumb Code     0  faddsub.o(x$fpl$fadd)
    _fadd                                    0x08007a6d   Thumb Code   134  faddsub.o(x$fpl$fadd)
    __aeabi_cfcmpeq                          0x08007af9   Thumb Code     0  feqf.o(x$fpl$feqf)
    _fcmpeq                                  0x08007af9   Thumb Code    78  feqf.o(x$fpl$feqf)
    __aeabi_cfcmple                          0x08007b4d   Thumb Code     0  flef.o(x$fpl$fleqf)
    _fcmple                                  0x08007b4d   Thumb Code    78  flef.o(x$fpl$fleqf)
    __aeabi_fmul                             0x08007ba1   Thumb Code     0  fmul.o(x$fpl$fmul)
    _fmul                                    0x08007ba1   Thumb Code   172  fmul.o(x$fpl$fmul)
    __aeabi_cfrcmple                         0x08007c51   Thumb Code     0  frlef.o(x$fpl$frleqf)
    _frcmple                                 0x08007c51   Thumb Code    84  frlef.o(x$fpl$frleqf)
    __aeabi_frsub                            0x08007ca9   Thumb Code     0  faddsub.o(x$fpl$frsb)
    _frsb                                    0x08007ca9   Thumb Code    24  faddsub.o(x$fpl$frsb)
    __aeabi_fsub                             0x08007cc1   Thumb Code     0  faddsub.o(x$fpl$fsub)
    _fsub                                    0x08007cc1   Thumb Code   204  faddsub.o(x$fpl$fsub)
    UARTPrescTable                           0x08007d90   Data          24  stm32g0xx_hal_uart.o(.constdata)
    __I$use$fp                               0x08007d90   Number         0  usenofp.o(x$fpl$usenofp)
    AHBPrescTable                            0x08007db8   Data          64  system_stm32g0xx.o(.constdata)
    APBPrescTable                            0x08007df8   Data          32  system_stm32g0xx.o(.constdata)
    sine_array                               0x08007e18   Data         800  foc_utils.o(.constdata)
    __mathlib_zero                           0x08008290   Data           8  qnan.o(.constdata)
    Region$$Table$$Base                      0x08008298   Number         0  anon$$obj.o(Region$$Table)
    Region$$Table$$Limit                     0x080082b8   Number         0  anon$$obj.o(Region$$Table)
    flag_500ms                               0x20000000   Data           1  main.o(.data)
    running_state                            0x20000001   Data           1  main.o(.data)
    error_code                               0x20000002   Data           1  main.o(.data)
    state                                    0x20000003   Data           1  main.o(.data)
    motor_en                                 0x20000004   Data           1  main.o(.data)
    t_sum                                    0x20000008   Data           4  main.o(.data)
    inc_num                                  0x2000000c   Data           4  main.o(.data)
    time_cntr                                0x20000010   Data           4  main.o(.data)
    target                                   0x20000014   Data           4  main.o(.data)
    rx_data                                  0x20000018   Data           4  main.o(.data)
    tx_data                                  0x2000001c   Data           4  main.o(.data)
    temperature                              0x20000020   Data           4  adc.o(.data)
    v_vref                                   0x20000024   Data           4  adc.o(.data)
    uwTickFreq                               0x20000028   Data           1  stm32g0xx_hal.o(.data)
    uwTickPrio                               0x2000002c   Data           4  stm32g0xx_hal.o(.data)
    uwTick                                   0x20000030   Data           4  stm32g0xx_hal.o(.data)
    SystemCoreClock                          0x20000034   Data           4  system_stm32g0xx.o(.data)
    sensor_offset                            0x20000038   Data           4  focmotor.o(.data)
    shaft_angle                              0x2000003c   Data           4  focmotor.o(.data)
    zero_electric_angle                      0x20000040   Data           4  focmotor.o(.data)
    electrical_angle                         0x20000044   Data           4  focmotor.o(.data)
    shaft_velocity                           0x20000048   Data           4  focmotor.o(.data)
    current_sp                               0x2000004c   Data           4  focmotor.o(.data)
    shaft_velocity_sp                        0x20000050   Data           4  focmotor.o(.data)
    shaft_angle_sp                           0x20000054   Data           4  focmotor.o(.data)
    voltage                                  0x20000058   Data           8  focmotor.o(.data)
    current                                  0x20000060   Data           8  focmotor.o(.data)
    torque_controller                        0x20000068   Data           1  focmotor.o(.data)
    motion_controller                        0x20000069   Data           1  focmotor.o(.data)
    sensor_direction                         0x2000006c   Data           4  bldcmotor.o(.data)
    voltage_power_supply                     0x20000070   Data           4  bldcmotor.o(.data)
    voltage_limit                            0x20000074   Data           4  bldcmotor.o(.data)
    voltage_sensor_align                     0x20000078   Data           4  bldcmotor.o(.data)
    pole_pairs                               0x2000007c   Data           4  bldcmotor.o(.data)
    open_loop_timestamp                      0x20000080   Data           4  bldcmotor.o(.data)
    velocity_limit                           0x20000084   Data           4  bldcmotor.o(.data)
    current_limit                            0x20000088   Data           4  bldcmotor.o(.data)
    cpr                                      0x2000008c   Data           4  magneticsensor.o(.data)
    full_rotation_offset                     0x20000090   Data           4  magneticsensor.o(.data)
    angle_data_prev                          0x20000094   Data           4  magneticsensor.o(.data)
    velocity_calc_timestamp                  0x20000098   Data           4  magneticsensor.o(.data)
    angle_prev                               0x2000009c   Data           4  magneticsensor.o(.data)
    pinA                                     0x200000a0   Data           4  lowsidecurrentsense.o(.data)
    pinB                                     0x200000a4   Data           4  lowsidecurrentsense.o(.data)
    pinC                                     0x200000a8   Data           4  lowsidecurrentsense.o(.data)
    gain_a                                   0x200000ac   Data           4  lowsidecurrentsense.o(.data)
    gain_b                                   0x200000b0   Data           4  lowsidecurrentsense.o(.data)
    gain_c                                   0x200000b4   Data           4  lowsidecurrentsense.o(.data)
    offset_ia                                0x200000b8   Data           4  lowsidecurrentsense.o(.data)
    offset_ib                                0x200000bc   Data           4  lowsidecurrentsense.o(.data)
    offset_ic                                0x200000c0   Data           4  lowsidecurrentsense.o(.data)
    SOA_Ratio                                0x200000c4   Data         284  lowsidecurrentsense.o(.data)
    SOB_Ratio                                0x200001e0   Data         284  lowsidecurrentsense.o(.data)
    SOC_Ratio                                0x200002fc   Data         284  lowsidecurrentsense.o(.data)
    i2c_rx_buf                               0x20000418   Data          10  main.o(.bss)
    flash_save                               0x20000428   Data          56  main.o(.bss)
    adc_buf                                  0x20000460   Data          10  adc.o(.bss)
    hadc1                                    0x2000046c   Data         100  adc.o(.bss)
    hdma_adc1                                0x200004d0   Data          92  adc.o(.bss)
    hi2c1                                    0x2000052c   Data          76  i2c.o(.bss)
    hspi1                                    0x20000578   Data         100  spi.o(.bss)
    htim1                                    0x200005dc   Data          76  tim.o(.bss)
    htim2                                    0x20000628   Data          76  tim.o(.bss)
    huart1                                   0x20000674   Data         144  usart.o(.bss)
    pFlash                                   0x20000704   Data          28  stm32g0xx_hal_flash.o(.bss)
    PID_current_q                            0x20000720   Data          36  pid.o(.bss)
    PID_current_d                            0x20000744   Data          36  pid.o(.bss)
    PID_velocity                             0x20000768   Data          36  pid.o(.bss)
    PID_angle                                0x2000078c   Data          36  pid.o(.bss)
    LPF_current_q                            0x200007b0   Data          12  lowpass_filter.o(.bss)
    LPF_current_d                            0x200007bc   Data          12  lowpass_filter.o(.bss)
    LPF_velocity                             0x200007c8   Data          12  lowpass_filter.o(.bss)
    __libspace_start                         0x200007d4   Data          96  libspace.o(.bss)
    __temporary_stack_top$libspace           0x20000834   Data           0  libspace.o(.bss)



==============================================================================

Memory Map of the image

  Image Entry point : 0x080000c1

  Load Region LR_IROM1 (Base: 0x08000000, Size: 0x000086d0, Max: 0x00010000, ABSOLUTE, COMPRESSED[0x00008580])

    Execution Region ER_IROM1 (Exec base: 0x08000000, Load base: 0x08000000, Size: 0x000082b8, Max: 0x00010000, ABSOLUTE)

    Exec Addr    Load Addr    Size         Type   Attr      Idx    E Section Name        Object

    0x08000000   0x08000000   0x000000c0   Data   RO            3    RESET               startup_stm32g031xx.o
    0x080000c0   0x080000c0   0x00000008   Code   RO         5391  * !!!main             c_p.l(__main.o)
    0x080000c8   0x080000c8   0x0000003c   Code   RO         5679    !!!scatter          c_p.l(__scatter.o)
    0x08000104   0x08000104   0x0000001c   Code   RO         5681    !!handler_zi        c_p.l(__scatter_zi.o)
    0x08000120   0x08000120   0x00000002   Code   RO         5547    .ARM.Collect$$libinit$$00000000  c_p.l(libinit.o)
    0x08000122   0x08000122   0x00000000   Code   RO         5560    .ARM.Collect$$libinit$$00000002  c_p.l(libinit2.o)
    0x08000122   0x08000122   0x00000000   Code   RO         5562    .ARM.Collect$$libinit$$00000004  c_p.l(libinit2.o)
    0x08000122   0x08000122   0x00000000   Code   RO         5565    .ARM.Collect$$libinit$$0000000A  c_p.l(libinit2.o)
    0x08000122   0x08000122   0x00000000   Code   RO         5567    .ARM.Collect$$libinit$$0000000C  c_p.l(libinit2.o)
    0x08000122   0x08000122   0x00000000   Code   RO         5569    .ARM.Collect$$libinit$$0000000E  c_p.l(libinit2.o)
    0x08000122   0x08000122   0x00000000   Code   RO         5572    .ARM.Collect$$libinit$$00000011  c_p.l(libinit2.o)
    0x08000122   0x08000122   0x00000000   Code   RO         5574    .ARM.Collect$$libinit$$00000013  c_p.l(libinit2.o)
    0x08000122   0x08000122   0x00000000   Code   RO         5576    .ARM.Collect$$libinit$$00000015  c_p.l(libinit2.o)
    0x08000122   0x08000122   0x00000000   Code   RO         5578    .ARM.Collect$$libinit$$00000017  c_p.l(libinit2.o)
    0x08000122   0x08000122   0x00000000   Code   RO         5580    .ARM.Collect$$libinit$$00000019  c_p.l(libinit2.o)
    0x08000122   0x08000122   0x00000000   Code   RO         5582    .ARM.Collect$$libinit$$0000001B  c_p.l(libinit2.o)
    0x08000122   0x08000122   0x00000000   Code   RO         5584    .ARM.Collect$$libinit$$0000001D  c_p.l(libinit2.o)
    0x08000122   0x08000122   0x00000000   Code   RO         5586    .ARM.Collect$$libinit$$0000001F  c_p.l(libinit2.o)
    0x08000122   0x08000122   0x00000000   Code   RO         5588    .ARM.Collect$$libinit$$00000021  c_p.l(libinit2.o)
    0x08000122   0x08000122   0x00000000   Code   RO         5590    .ARM.Collect$$libinit$$00000023  c_p.l(libinit2.o)
    0x08000122   0x08000122   0x00000000   Code   RO         5592    .ARM.Collect$$libinit$$00000025  c_p.l(libinit2.o)
    0x08000122   0x08000122   0x00000000   Code   RO         5596    .ARM.Collect$$libinit$$0000002C  c_p.l(libinit2.o)
    0x08000122   0x08000122   0x00000000   Code   RO         5598    .ARM.Collect$$libinit$$0000002E  c_p.l(libinit2.o)
    0x08000122   0x08000122   0x00000000   Code   RO         5600    .ARM.Collect$$libinit$$00000030  c_p.l(libinit2.o)
    0x08000122   0x08000122   0x00000000   Code   RO         5602    .ARM.Collect$$libinit$$00000032  c_p.l(libinit2.o)
    0x08000122   0x08000122   0x00000002   Code   RO         5603    .ARM.Collect$$libinit$$00000033  c_p.l(libinit2.o)
    0x08000124   0x08000124   0x00000002   Code   RO         5634    .ARM.Collect$$libshutdown$$00000000  c_p.l(libshutdown.o)
    0x08000126   0x08000126   0x00000000   Code   RO         5660    .ARM.Collect$$libshutdown$$00000002  c_p.l(libshutdown2.o)
    0x08000126   0x08000126   0x00000000   Code   RO         5662    .ARM.Collect$$libshutdown$$00000004  c_p.l(libshutdown2.o)
    0x08000126   0x08000126   0x00000000   Code   RO         5665    .ARM.Collect$$libshutdown$$00000007  c_p.l(libshutdown2.o)
    0x08000126   0x08000126   0x00000000   Code   RO         5668    .ARM.Collect$$libshutdown$$0000000A  c_p.l(libshutdown2.o)
    0x08000126   0x08000126   0x00000000   Code   RO         5670    .ARM.Collect$$libshutdown$$0000000C  c_p.l(libshutdown2.o)
    0x08000126   0x08000126   0x00000000   Code   RO         5673    .ARM.Collect$$libshutdown$$0000000F  c_p.l(libshutdown2.o)
    0x08000126   0x08000126   0x00000002   Code   RO         5674    .ARM.Collect$$libshutdown$$00000010  c_p.l(libshutdown2.o)
    0x08000128   0x08000128   0x00000000   Code   RO         5453    .ARM.Collect$$rtentry$$00000000  c_p.l(__rtentry.o)
    0x08000128   0x08000128   0x00000000   Code   RO         5497    .ARM.Collect$$rtentry$$00000002  c_p.l(__rtentry2.o)
    0x08000128   0x08000128   0x00000006   Code   RO         5509    .ARM.Collect$$rtentry$$00000004  c_p.l(__rtentry4.o)
    0x0800012e   0x0800012e   0x00000000   Code   RO         5499    .ARM.Collect$$rtentry$$00000009  c_p.l(__rtentry2.o)
    0x0800012e   0x0800012e   0x00000004   Code   RO         5500    .ARM.Collect$$rtentry$$0000000A  c_p.l(__rtentry2.o)
    0x08000132   0x08000132   0x00000000   Code   RO         5502    .ARM.Collect$$rtentry$$0000000C  c_p.l(__rtentry2.o)
    0x08000132   0x08000132   0x00000008   Code   RO         5503    .ARM.Collect$$rtentry$$0000000D  c_p.l(__rtentry2.o)
    0x0800013a   0x0800013a   0x00000002   Code   RO         5551    .ARM.Collect$$rtexit$$00000000  c_p.l(rtexit.o)
    0x0800013c   0x0800013c   0x00000000   Code   RO         5607    .ARM.Collect$$rtexit$$00000002  c_p.l(rtexit2.o)
    0x0800013c   0x0800013c   0x00000004   Code   RO         5608    .ARM.Collect$$rtexit$$00000003  c_p.l(rtexit2.o)
    0x08000140   0x08000140   0x00000006   Code   RO         5609    .ARM.Collect$$rtexit$$00000004  c_p.l(rtexit2.o)
    0x08000146   0x08000146   0x00000002   PAD
    0x08000148   0x08000148   0x00000038   Code   RO            4    .text               startup_stm32g031xx.o
    0x08000180   0x08000180   0x00000102   Code   RO         5381    .text               c_p.l(lludiv.o)
    0x08000282   0x08000282   0x00000040   Code   RO         5383    .text               c_p.l(rt_memclr.o)
    0x080002c2   0x080002c2   0x0000015a   Code   RO         5385    .text               c_p.l(aeabi_sdiv.o)
    0x0800041c   0x0800041c   0x00000006   Code   RO         5389    .text               c_p.l(heapauxi.o)
    0x08000422   0x08000422   0x00000002   PAD
    0x08000424   0x08000424   0x0000007c   Code   RO         5393    .text               fz_ps.l(d2f.o)
    0x080004a0   0x080004a0   0x00000358   Code   RO         5395    .text               fz_ps.l(daddsub.o)
    0x080007f8   0x080007f8   0x00000448   Code   RO         5397    .text               fz_ps.l(ddiv.o)
    0x08000c40   0x08000c40   0x0000006c   Code   RO         5400    .text               fz_ps.l(dfixi.o)
    0x08000cac   0x08000cac   0x00000048   Code   RO         5402    .text               fz_ps.l(dfixui.o)
    0x08000cf4   0x08000cf4   0x00000058   Code   RO         5404    .text               fz_ps.l(dflti.o)
    0x08000d4c   0x08000d4c   0x00000248   Code   RO         5406    .text               fz_ps.l(dmul.o)
    0x08000f94   0x08000f94   0x00000054   Code   RO         5410    .text               fz_ps.l(f2d.o)
    0x08000fe8   0x08000fe8   0x00000160   Code   RO         5418    .text               fz_ps.l(fdiv.o)
    0x08001148   0x08001148   0x0000004c   Code   RO         5423    .text               fz_ps.l(ffixi.o)
    0x08001194   0x08001194   0x00000030   Code   RO         5425    .text               fz_ps.l(ffixui.o)
    0x080011c4   0x080011c4   0x0000005e   Code   RO         5427    .text               fz_ps.l(fflti.o)
    0x08001222   0x08001222   0x00000002   PAD
    0x08001224   0x08001224   0x00000044   Code   RO         5435    .text               fz_ps.l(fscalbn.o)
    0x08001268   0x08001268   0x00000016   Code   RO         5462    .text               c_p.l(_rserrno.o)
    0x0800127e   0x0800127e   0x00000002   PAD
    0x08001280   0x08001280   0x00000090   Code   RO         5464    .text               fz_ps.l(dcmpin.o)
    0x08001310   0x08001310   0x00000180   Code   RO         5466    .text               fz_ps.l(drem.o)
    0x08001490   0x08001490   0x00000064   Code   RO         5468    .text               fz_ps.l(fcmpin.o)
    0x080014f4   0x080014f4   0x00000008   Code   RO         5516    .text               c_p.l(rt_errno_addr_intlibspace.o)
    0x080014fc   0x080014fc   0x0000002e   Code   RO         5518    .text               fz_ps.l(cmpret.o)
    0x0800152a   0x0800152a   0x00000002   PAD
    0x0800152c   0x0800152c   0x00000014   Code   RO         5520    .text               fz_ps.l(dnan2.o)
    0x08001540   0x08001540   0x00000060   Code   RO         5522    .text               fz_ps.l(dscalbn.o)
    0x080015a0   0x080015a0   0x00000010   Code   RO         5524    .text               fz_ps.l(fnan2.o)
    0x080015b0   0x080015b0   0x00000008   Code   RO         5530    .text               c_p.l(libspace.o)
    0x080015b8   0x080015b8   0x0000003e   Code   RO         5533    .text               c_p.l(sys_stackheap_outer.o)
    0x080015f6   0x080015f6   0x00000010   Code   RO         5536    .text               c_p.l(exit.o)
    0x08001606   0x08001606   0x0000005e   Code   RO         5548    .text               fz_ps.l(retnan.o)
    0x08001664   0x08001664   0x0000000c   Code   RO         5604    .text               c_p.l(sys_exit.o)
    0x08001670   0x08001670   0x00000002   Code   RO         5623    .text               c_p.l(use_no_semi.o)
    0x08001672   0x08001672   0x00000000   Code   RO         5625    .text               c_p.l(indicate_semi.o)
    0x08001672   0x08001672   0x00000060   Code   RO         5677    .text               c_p.l(__dclz77c.o)
    0x080016d2   0x080016d2   0x00000080   Code   RO          810    i.ADC_DMAConvCplt   stm32g0xx_hal_adc.o
    0x08001752   0x08001752   0x0000001a   Code   RO          811    i.ADC_DMAError      stm32g0xx_hal_adc.o
    0x0800176c   0x0800176c   0x0000000a   Code   RO          812    i.ADC_DMAHalfConvCplt  stm32g0xx_hal_adc.o
    0x08001776   0x08001776   0x00000002   PAD
    0x08001778   0x08001778   0x000000b4   Code   RO          814    i.ADC_Enable        stm32g0xx_hal_adc.o
    0x0800182c   0x0800182c   0x00000074   Code   RO         5337    i.Current_calibrateOffsets  lowsidecurrentsense.o
    0x080018a0   0x080018a0   0x00000010   Code   RO          572    i.DMA1_Channel1_IRQHandler  stm32g0xx_it.o
    0x080018b0   0x080018b0   0x00000030   Code   RO         1716    i.DMA_CalcDMAMUXChannelBaseAndMask  stm32g0xx_hal_dma.o
    0x080018e0   0x080018e0   0x00000028   Code   RO         1717    i.DMA_CalcDMAMUXRequestGenBaseAndMask  stm32g0xx_hal_dma.o
    0x08001908   0x08001908   0x00000048   Code   RO         1718    i.DMA_SetConfig     stm32g0xx_hal_dma.o
    0x08001950   0x08001950   0x00000004   Code   RO           12    i.Error_Handler     main.o
    0x08001954   0x08001954   0x00000014   Code   RO         1549    i.FLASH_MassErase   stm32g0xx_hal_flash_ex.o
    0x08001968   0x08001968   0x00000020   Code   RO         1553    i.FLASH_PageErase   stm32g0xx_hal_flash_ex.o
    0x08001988   0x08001988   0x0000001c   Code   RO         1443    i.FLASH_Program_DoubleWord  stm32g0xx_hal_flash.o
    0x080019a4   0x080019a4   0x00000034   Code   RO         1444    i.FLASH_Program_Fast  stm32g0xx_hal_flash.o
    0x080019d8   0x080019d8   0x00000064   Code   RO         1445    i.FLASH_WaitForLastOperation  stm32g0xx_hal_flash.o
    0x08001a3c   0x08001a3c   0x00000224   Code   RO          816    i.HAL_ADC_ConfigChannel  stm32g0xx_hal_adc.o
    0x08001c60   0x08001c60   0x00000002   Code   RO          817    i.HAL_ADC_ConvCpltCallback  stm32g0xx_hal_adc.o
    0x08001c62   0x08001c62   0x00000002   Code   RO          818    i.HAL_ADC_ConvHalfCpltCallback  stm32g0xx_hal_adc.o
    0x08001c64   0x08001c64   0x00000002   Code   RO          820    i.HAL_ADC_ErrorCallback  stm32g0xx_hal_adc.o
    0x08001c66   0x08001c66   0x00000002   PAD
    0x08001c68   0x08001c68   0x00000220   Code   RO          825    i.HAL_ADC_Init      stm32g0xx_hal_adc.o
    0x08001e88   0x08001e88   0x000000b8   Code   RO          328    i.HAL_ADC_MspInit   adc.o
    0x08001f40   0x08001f40   0x000000b4   Code   RO          832    i.HAL_ADC_Start_DMA  stm32g0xx_hal_adc.o
    0x08001ff4   0x08001ff4   0x0000007c   Code   RO         1720    i.HAL_DMA_Abort_IT  stm32g0xx_hal_dma.o
    0x08002070   0x08002070   0x00000006   Code   RO         1723    i.HAL_DMA_GetState  stm32g0xx_hal_dma.o
    0x08002076   0x08002076   0x00000002   PAD
    0x08002078   0x08002078   0x000000b8   Code   RO         1724    i.HAL_DMA_IRQHandler  stm32g0xx_hal_dma.o
    0x08002130   0x08002130   0x000000a4   Code   RO         1725    i.HAL_DMA_Init      stm32g0xx_hal_dma.o
    0x080021d4   0x080021d4   0x0000008c   Code   RO         1729    i.HAL_DMA_Start_IT  stm32g0xx_hal_dma.o
    0x08002260   0x08002260   0x00000024   Code   RO         2285    i.HAL_Delay         stm32g0xx_hal.o
    0x08002284   0x08002284   0x00000088   Code   RO         1557    i.HAL_FLASHEx_Erase  stm32g0xx_hal_flash_ex.o
    0x0800230c   0x0800230c   0x0000001c   Code   RO         1449    i.HAL_FLASH_Lock    stm32g0xx_hal_flash.o
    0x08002328   0x08002328   0x00000060   Code   RO         1454    i.HAL_FLASH_Program  stm32g0xx_hal_flash.o
    0x08002388   0x08002388   0x00000028   Code   RO         1456    i.HAL_FLASH_Unlock  stm32g0xx_hal_flash.o
    0x080023b0   0x080023b0   0x000000d4   Code   RO         1648    i.HAL_GPIO_DeInit   stm32g0xx_hal_gpio.o
    0x08002484   0x08002484   0x0000015c   Code   RO         1652    i.HAL_GPIO_Init     stm32g0xx_hal_gpio.o
    0x080025e0   0x080025e0   0x00000010   Code   RO         1655    i.HAL_GPIO_TogglePin  stm32g0xx_hal_gpio.o
    0x080025f0   0x080025f0   0x0000000c   Code   RO         1656    i.HAL_GPIO_WritePin  stm32g0xx_hal_gpio.o
    0x080025fc   0x080025fc   0x0000000c   Code   RO         2289    i.HAL_GetTick       stm32g0xx_hal.o
    0x08002608   0x08002608   0x0000004a   Code   RO         3078    i.HAL_I2CEx_ConfigAnalogFilter  stm32g0xx_hal_i2c_ex.o
    0x08002652   0x08002652   0x00000048   Code   RO         3079    i.HAL_I2CEx_ConfigDigitalFilter  stm32g0xx_hal_i2c_ex.o
    0x0800269a   0x0800269a   0x00000002   Code   RO         2620    i.HAL_I2C_AbortCpltCallback  stm32g0xx_hal_i2c.o
    0x0800269c   0x0800269c   0x000000f8   Code   RO           13    i.HAL_I2C_AddrCallback  main.o
    0x08002794   0x08002794   0x00000034   Code   RO         2622    i.HAL_I2C_DeInit    stm32g0xx_hal_i2c.o
    0x080027c8   0x080027c8   0x0000005e   Code   RO         2624    i.HAL_I2C_ER_IRQHandler  stm32g0xx_hal_i2c.o
    0x08002826   0x08002826   0x00000010   Code   RO         2625    i.HAL_I2C_EV_IRQHandler  stm32g0xx_hal_i2c.o
    0x08002836   0x08002836   0x00000002   PAD
    0x08002838   0x08002838   0x00000028   Code   RO         2626    i.HAL_I2C_EnableListen_IT  stm32g0xx_hal_i2c.o
    0x08002860   0x08002860   0x00000020   Code   RO           14    i.HAL_I2C_ErrorCallback  main.o
    0x08002880   0x08002880   0x000000b4   Code   RO         2631    i.HAL_I2C_Init      stm32g0xx_hal_i2c.o
    0x08002934   0x08002934   0x00000008   Code   RO           15    i.HAL_I2C_ListenCpltCallback  main.o
    0x0800293c   0x0800293c   0x00000002   Code   RO         2634    i.HAL_I2C_MasterRxCpltCallback  stm32g0xx_hal_i2c.o
    0x0800293e   0x0800293e   0x00000002   Code   RO         2635    i.HAL_I2C_MasterTxCpltCallback  stm32g0xx_hal_i2c.o
    0x08002940   0x08002940   0x00000002   Code   RO         2647    i.HAL_I2C_MemRxCpltCallback  stm32g0xx_hal_i2c.o
    0x08002942   0x08002942   0x00000002   Code   RO         2648    i.HAL_I2C_MemTxCpltCallback  stm32g0xx_hal_i2c.o
    0x08002944   0x08002944   0x00000040   Code   RO          396    i.HAL_I2C_MspDeInit  i2c.o
    0x08002984   0x08002984   0x00000090   Code   RO          397    i.HAL_I2C_MspInit   i2c.o
    0x08002a14   0x08002a14   0x00000198   Code   RO           16    i.HAL_I2C_SlaveRxCpltCallback  main.o
    0x08002bac   0x08002bac   0x00000002   Code   RO           17    i.HAL_I2C_SlaveTxCpltCallback  main.o
    0x08002bae   0x08002bae   0x00000002   PAD
    0x08002bb0   0x08002bb0   0x00000058   Code   RO         2661    i.HAL_I2C_Slave_Receive_IT  stm32g0xx_hal_i2c.o
    0x08002c08   0x08002c08   0x000000cc   Code   RO         2663    i.HAL_I2C_Slave_Seq_Receive_IT  stm32g0xx_hal_i2c.o
    0x08002cd4   0x08002cd4   0x000000d0   Code   RO         2665    i.HAL_I2C_Slave_Seq_Transmit_IT  stm32g0xx_hal_i2c.o
    0x08002da4   0x08002da4   0x00000010   Code   RO         2295    i.HAL_IncTick       stm32g0xx_hal.o
    0x08002db4   0x08002db4   0x00000028   Code   RO         2296    i.HAL_Init          stm32g0xx_hal.o
    0x08002ddc   0x08002ddc   0x00000048   Code   RO         2297    i.HAL_InitTick      stm32g0xx_hal.o
    0x08002e24   0x08002e24   0x0000002c   Code   RO          638    i.HAL_MspInit       stm32g0xx_hal_msp.o
    0x08002e50   0x08002e50   0x00000020   Code   RO         2172    i.HAL_NVIC_DisableIRQ  stm32g0xx_hal_cortex.o
    0x08002e70   0x08002e70   0x00000018   Code   RO         2173    i.HAL_NVIC_EnableIRQ  stm32g0xx_hal_cortex.o
    0x08002e88   0x08002e88   0x00000008   Code   RO         2177    i.HAL_NVIC_SetPriority  stm32g0xx_hal_cortex.o
    0x08002e90   0x08002e90   0x0000004c   Code   RO         1993    i.HAL_PWREx_ControlVoltageScaling  stm32g0xx_hal_pwr_ex.o
    0x08002edc   0x08002edc   0x000001b0   Code   RO         1276    i.HAL_RCCEx_PeriphCLKConfig  stm32g0xx_hal_rcc_ex.o
    0x0800308c   0x0800308c   0x00000158   Code   RO         1160    i.HAL_RCC_ClockConfig  stm32g0xx_hal_rcc.o
    0x080031e4   0x080031e4   0x00000028   Code   RO         1168    i.HAL_RCC_GetPCLK1Freq  stm32g0xx_hal_rcc.o
    0x0800320c   0x0800320c   0x0000008c   Code   RO         1170    i.HAL_RCC_GetSysClockFreq  stm32g0xx_hal_rcc.o
    0x08003298   0x08003298   0x000003e8   Code   RO         1174    i.HAL_RCC_OscConfig  stm32g0xx_hal_rcc.o
    0x08003680   0x08003680   0x000000ee   Code   RO         3139    i.HAL_SPI_Init      stm32g0xx_hal_spi.o
    0x0800376e   0x0800376e   0x00000002   PAD
    0x08003770   0x08003770   0x00000060   Code   RO          435    i.HAL_SPI_MspInit   spi.o
    0x080037d0   0x080037d0   0x00000168   Code   RO         3142    i.HAL_SPI_Receive   stm32g0xx_hal_spi.o
    0x08003938   0x08003938   0x00000160   Code   RO         3147    i.HAL_SPI_Transmit  stm32g0xx_hal_spi.o
    0x08003a98   0x08003a98   0x000001f2   Code   RO         3148    i.HAL_SPI_TransmitReceive  stm32g0xx_hal_spi.o
    0x08003c8a   0x08003c8a   0x00000002   PAD
    0x08003c8c   0x08003c8c   0x00000030   Code   RO         2181    i.HAL_SYSTICK_Config  stm32g0xx_hal_cortex.o
    0x08003cbc   0x08003cbc   0x00000002   Code   RO         4183    i.HAL_TIMEx_Break2Callback  stm32g0xx_hal_tim_ex.o
    0x08003cbe   0x08003cbe   0x00000002   Code   RO         4184    i.HAL_TIMEx_BreakCallback  stm32g0xx_hal_tim_ex.o
    0x08003cc0   0x08003cc0   0x00000002   Code   RO         4185    i.HAL_TIMEx_CommutCallback  stm32g0xx_hal_tim_ex.o
    0x08003cc2   0x08003cc2   0x00000002   PAD
    0x08003cc4   0x08003cc4   0x000000ac   Code   RO         4187    i.HAL_TIMEx_ConfigBreakDeadTime  stm32g0xx_hal_tim_ex.o
    0x08003d70   0x08003d70   0x0000006c   Code   RO         4206    i.HAL_TIMEx_MasterConfigSynchronization  stm32g0xx_hal_tim_ex.o
    0x08003ddc   0x08003ddc   0x0000004c   Code   RO         3473    i.HAL_TIM_Base_Init  stm32g0xx_hal_tim.o
    0x08003e28   0x08003e28   0x00000078   Code   RO          473    i.HAL_TIM_Base_MspInit  tim.o
    0x08003ea0   0x08003ea0   0x00000058   Code   RO         3478    i.HAL_TIM_Base_Start_IT  stm32g0xx_hal_tim.o
    0x08003ef8   0x08003ef8   0x000000e0   Code   RO         3482    i.HAL_TIM_ConfigClockSource  stm32g0xx_hal_tim.o
    0x08003fd8   0x08003fd8   0x00000002   Code   RO         3507    i.HAL_TIM_IC_CaptureCallback  stm32g0xx_hal_tim.o
    0x08003fda   0x08003fda   0x00000002   PAD
    0x08003fdc   0x08003fdc   0x00000184   Code   RO         3521    i.HAL_TIM_IRQHandler  stm32g0xx_hal_tim.o
    0x08004160   0x08004160   0x00000050   Code   RO          474    i.HAL_TIM_MspPostInit  tim.o
    0x080041b0   0x080041b0   0x0000006c   Code   RO         3522    i.HAL_TIM_OC_ConfigChannel  stm32g0xx_hal_tim.o
    0x0800421c   0x0800421c   0x00000002   Code   RO         3524    i.HAL_TIM_OC_DelayElapsedCallback  stm32g0xx_hal_tim.o
    0x0800421e   0x0800421e   0x0000004c   Code   RO         3526    i.HAL_TIM_OC_Init   stm32g0xx_hal_tim.o
    0x0800426a   0x0800426a   0x00000002   Code   RO         3528    i.HAL_TIM_OC_MspInit  stm32g0xx_hal_tim.o
    0x0800426c   0x0800426c   0x00000128   Code   RO         3545    i.HAL_TIM_PWM_ConfigChannel  stm32g0xx_hal_tim.o
    0x08004394   0x08004394   0x0000004c   Code   RO         3548    i.HAL_TIM_PWM_Init  stm32g0xx_hal_tim.o
    0x080043e0   0x080043e0   0x00000002   Code   RO         3550    i.HAL_TIM_PWM_MspInit  stm32g0xx_hal_tim.o
    0x080043e2   0x080043e2   0x00000002   Code   RO         3551    i.HAL_TIM_PWM_PulseFinishedCallback  stm32g0xx_hal_tim.o
    0x080043e4   0x080043e4   0x000000c8   Code   RO         3553    i.HAL_TIM_PWM_Start  stm32g0xx_hal_tim.o
    0x080044ac   0x080044ac   0x00000088   Code   RO           18    i.HAL_TIM_PeriodElapsedCallback  main.o
    0x08004534   0x08004534   0x00000002   Code   RO         3564    i.HAL_TIM_TriggerCallback  stm32g0xx_hal_tim.o
    0x08004536   0x08004536   0x0000003c   Code   RO         4898    i.HAL_UARTEx_DisableFifoMode  stm32g0xx_hal_uart_ex.o
    0x08004572   0x08004572   0x00000048   Code   RO         4906    i.HAL_UARTEx_SetRxFifoThreshold  stm32g0xx_hal_uart_ex.o
    0x080045ba   0x080045ba   0x00000046   Code   RO         4907    i.HAL_UARTEx_SetTxFifoThreshold  stm32g0xx_hal_uart_ex.o
    0x08004600   0x08004600   0x0000006c   Code   RO         4511    i.HAL_UART_Init     stm32g0xx_hal_uart.o
    0x0800466c   0x0800466c   0x0000007c   Code   RO          523    i.HAL_UART_MspInit  usart.o
    0x080046e8   0x080046e8   0x00000002   Code   RO          573    i.HardFault_Handler  stm32g0xx_it.o
    0x080046ea   0x080046ea   0x00000002   PAD
    0x080046ec   0x080046ec   0x00000020   Code   RO          574    i.I2C1_IRQHandler   stm32g0xx_it.o
    0x0800470c   0x0800470c   0x0000001c   Code   RO         2670    i.I2C_DMAAbort      stm32g0xx_hal_i2c.o
    0x08004728   0x08004728   0x00000052   Code   RO         2676    i.I2C_Disable_IRQ   stm32g0xx_hal_i2c.o
    0x0800477a   0x0800477a   0x00000002   PAD
    0x0800477c   0x0800477c   0x0000005c   Code   RO         2677    i.I2C_Enable_IRQ    stm32g0xx_hal_i2c.o
    0x080047d8   0x080047d8   0x00000022   Code   RO         2678    i.I2C_Flush_TXDR    stm32g0xx_hal_i2c.o
    0x080047fa   0x080047fa   0x0000007c   Code   RO         2679    i.I2C_ITAddrCplt    stm32g0xx_hal_i2c.o
    0x08004876   0x08004876   0x00000002   PAD
    0x08004878   0x08004878   0x000000ec   Code   RO         2680    i.I2C_ITError       stm32g0xx_hal_i2c.o
    0x08004964   0x08004964   0x00000068   Code   RO         2681    i.I2C_ITListenCplt  stm32g0xx_hal_i2c.o
    0x080049cc   0x080049cc   0x000000d8   Code   RO         2682    i.I2C_ITMasterCplt  stm32g0xx_hal_i2c.o
    0x08004aa4   0x08004aa4   0x00000046   Code   RO         2683    i.I2C_ITMasterSeqCplt  stm32g0xx_hal_i2c.o
    0x08004aea   0x08004aea   0x00000002   PAD
    0x08004aec   0x08004aec   0x0000013c   Code   RO         2684    i.I2C_ITSlaveCplt   stm32g0xx_hal_i2c.o
    0x08004c28   0x08004c28   0x0000006a   Code   RO         2685    i.I2C_ITSlaveSeqCplt  stm32g0xx_hal_i2c.o
    0x08004c92   0x08004c92   0x00000002   PAD
    0x08004c94   0x08004c94   0x0000010c   Code   RO         2687    i.I2C_Master_ISR_DMA  stm32g0xx_hal_i2c.o
    0x08004da0   0x08004da0   0x00000112   Code   RO         2691    i.I2C_Slave_ISR_DMA  stm32g0xx_hal_i2c.o
    0x08004eb2   0x08004eb2   0x00000002   PAD
    0x08004eb4   0x08004eb4   0x00000130   Code   RO         2692    i.I2C_Slave_ISR_IT  stm32g0xx_hal_i2c.o
    0x08004fe4   0x08004fe4   0x0000002c   Code   RO         2693    i.I2C_TransferConfig  stm32g0xx_hal_i2c.o
    0x08005010   0x08005010   0x00000026   Code   RO         2694    i.I2C_TreatErrorCallback  stm32g0xx_hal_i2c.o
    0x08005036   0x08005036   0x00000008   Code   RO          837    i.LL_ADC_IsEnabled  stm32g0xx_hal_adc.o
    0x0800503e   0x0800503e   0x00000008   Code   RO          838    i.LL_ADC_REG_IsConversionOngoing  stm32g0xx_hal_adc.o
    0x08005046   0x08005046   0x00000010   Code   RO          839    i.LL_ADC_REG_IsTriggerSourceSWStart  stm32g0xx_hal_adc.o
    0x08005056   0x08005056   0x0000000e   Code   RO          841    i.LL_ADC_SetCommonPathInternalCh  stm32g0xx_hal_adc.o
    0x08005064   0x08005064   0x00000016   Code   RO          842    i.LL_ADC_SetSamplingTimeCommonChannels  stm32g0xx_hal_adc.o
    0x0800507a   0x0800507a   0x00000002   PAD
    0x0800507c   0x0800507c   0x00000028   Code   RO         5279    i.LPF_init          lowpass_filter.o
    0x080050a4   0x080050a4   0x0000008c   Code   RO         5280    i.LPFoperator       lowpass_filter.o
    0x08005130   0x08005130   0x00000028   Code   RO         5338    i.LowsideCurrentSense  lowsidecurrentsense.o
    0x08005158   0x08005158   0x00000008   Code   RO         5339    i.LowsideCurrentSense_Init  lowsidecurrentsense.o
    0x08005160   0x08005160   0x000000e4   Code   RO          329    i.MX_ADC1_Init      adc.o
    0x08005244   0x08005244   0x00000028   Code   RO          373    i.MX_DMA_Init       dma.o
    0x0800526c   0x0800526c   0x000000c0   Code   RO          303    i.MX_GPIO_Init      gpio.o
    0x0800532c   0x0800532c   0x0000005c   Code   RO          398    i.MX_I2C1_Init      i2c.o
    0x08005388   0x08005388   0x00000050   Code   RO          436    i.MX_SPI1_Init      spi.o
    0x080053d8   0x080053d8   0x0000014c   Code   RO          475    i.MX_TIM1_Init      tim.o
    0x08005524   0x08005524   0x0000006c   Code   RO          476    i.MX_TIM2_Init      tim.o
    0x08005590   0x08005590   0x00000068   Code   RO          524    i.MX_USART1_UART_Init  usart.o
    0x080055f8   0x080055f8   0x00000028   Code   RO         5235    i.MagneticSensor_Init  magneticsensor.o
    0x08005620   0x08005620   0x0000005c   Code   RO         5134    i.Motor_init        bldcmotor.o
    0x0800567c   0x0800567c   0x00000068   Code   RO         5135    i.Motor_initFOC     bldcmotor.o
    0x080056e4   0x080056e4   0x00000002   Code   RO          575    i.NMI_Handler       stm32g0xx_it.o
    0x080056e6   0x080056e6   0x00000002   PAD
    0x080056e8   0x080056e8   0x00000074   Code   RO         5203    i.PID_init          pid.o
    0x0800575c   0x0800575c   0x00000150   Code   RO         5204    i.PIDoperator       pid.o
    0x080058ac   0x080058ac   0x00000002   Code   RO          576    i.PendSV_Handler    stm32g0xx_it.o
    0x080058ae   0x080058ae   0x00000002   PAD
    0x080058b0   0x080058b0   0x00000060   Code   RO         5236    i.ReadTLE5012B_1    magneticsensor.o
    0x08005910   0x08005910   0x00000078   Code   RO         3176    i.SPI_EndRxTransaction  stm32g0xx_hal_spi.o
    0x08005988   0x08005988   0x0000004c   Code   RO         3177    i.SPI_EndRxTxTransaction  stm32g0xx_hal_spi.o
    0x080059d4   0x080059d4   0x000000d8   Code   RO         3182    i.SPI_WaitFifoStateUntilTimeout  stm32g0xx_hal_spi.o
    0x08005aac   0x08005aac   0x000000b8   Code   RO         3183    i.SPI_WaitFlagStateUntilTimeout  stm32g0xx_hal_spi.o
    0x08005b64   0x08005b64   0x0000002c   Code   RO          658    i.STM32G0_GetFlashSector  flash_wr.o
    0x08005b90   0x08005b90   0x00000016   Code   RO          659    i.STMFLASH_Read     flash_wr.o
    0x08005ba6   0x08005ba6   0x00000002   PAD
    0x08005ba8   0x08005ba8   0x00000078   Code   RO          661    i.STMFLASH_Write    flash_wr.o
    0x08005c20   0x08005c20   0x00000002   Code   RO          577    i.SVC_Handler       stm32g0xx_it.o
    0x08005c22   0x08005c22   0x00000008   Code   RO          578    i.SysTick_Handler   stm32g0xx_it.o
    0x08005c2a   0x08005c2a   0x0000006c   Code   RO           19    i.SystemClock_Config  main.o
    0x08005c96   0x08005c96   0x00000002   Code   RO         5007    i.SystemInit        system_stm32g0xx.o
    0x08005c98   0x08005c98   0x00000010   Code   RO          579    i.TIM2_IRQHandler   stm32g0xx_it.o
    0x08005ca8   0x08005ca8   0x00000084   Code   RO         3566    i.TIM_Base_SetConfig  stm32g0xx_hal_tim.o
    0x08005d2c   0x08005d2c   0x0000001a   Code   RO         3567    i.TIM_CCxChannelCmd  stm32g0xx_hal_tim.o
    0x08005d46   0x08005d46   0x00000016   Code   RO         3577    i.TIM_ETR_SetConfig  stm32g0xx_hal_tim.o
    0x08005d5c   0x08005d5c   0x00000014   Code   RO         3578    i.TIM_ITRx_SetConfig  stm32g0xx_hal_tim.o
    0x08005d70   0x08005d70   0x0000007c   Code   RO         3579    i.TIM_OC1_SetConfig  stm32g0xx_hal_tim.o
    0x08005dec   0x08005dec   0x0000007c   Code   RO         3580    i.TIM_OC2_SetConfig  stm32g0xx_hal_tim.o
    0x08005e68   0x08005e68   0x0000007c   Code   RO         3581    i.TIM_OC3_SetConfig  stm32g0xx_hal_tim.o
    0x08005ee4   0x08005ee4   0x0000006c   Code   RO         3582    i.TIM_OC4_SetConfig  stm32g0xx_hal_tim.o
    0x08005f50   0x08005f50   0x0000005c   Code   RO         3583    i.TIM_OC5_SetConfig  stm32g0xx_hal_tim.o
    0x08005fac   0x08005fac   0x00000064   Code   RO         3584    i.TIM_OC6_SetConfig  stm32g0xx_hal_tim.o
    0x08006010   0x08006010   0x00000022   Code   RO         3586    i.TIM_TI1_ConfigInputStage  stm32g0xx_hal_tim.o
    0x08006032   0x08006032   0x00000026   Code   RO         3588    i.TIM_TI2_ConfigInputStage  stm32g0xx_hal_tim.o
    0x08006058   0x08006058   0x00000044   Code   RO         4911    i.UARTEx_SetNbDataToProcess  stm32g0xx_hal_uart_ex.o
    0x0800609c   0x0800609c   0x000000ca   Code   RO         4525    i.UART_AdvFeatureConfig  stm32g0xx_hal_uart.o
    0x08006166   0x08006166   0x00000002   PAD
    0x08006168   0x08006168   0x00000064   Code   RO         4526    i.UART_CheckIdleState  stm32g0xx_hal_uart.o
    0x080061cc   0x080061cc   0x0000020c   Code   RO         4543    i.UART_SetConfig    stm32g0xx_hal_uart.o
    0x080063d8   0x080063d8   0x000000d2   Code   RO         4550    i.UART_WaitOnFlagUntilTimeout  stm32g0xx_hal_uart.o
    0x080064aa   0x080064aa   0x0000001a   Code   RO           80    i.__ARM_common_switch8  main.o
    0x080064c4   0x080064c4   0x0000002c   Code   RO         5526    i.__ARM_fpclassify  m_ps.l(fpclassify.o)
    0x080064f0   0x080064f0   0x00000044   Code   RO         2183    i.__NVIC_SetPriority  stm32g0xx_hal_cortex.o
    0x08006534   0x08006534   0x000000ac   Code   RO         5528    i.__kernel_poly     m_ps.l(poly.o)
    0x080065e0   0x080065e0   0x0000000a   Code   RO         5482    i.__mathlib_dbl_infnan  m_ps.l(dunder.o)
    0x080065ea   0x080065ea   0x00000008   Code   RO         5483    i.__mathlib_dbl_infnan2  m_ps.l(dunder.o)
    0x080065f2   0x080065f2   0x00000010   Code   RO         5484    i.__mathlib_dbl_invalid  m_ps.l(dunder.o)
    0x08006602   0x08006602   0x00000002   PAD
    0x08006604   0x08006604   0x00000014   Code   RO         5487    i.__mathlib_dbl_underflow  m_ps.l(dunder.o)
    0x08006618   0x08006618   0x00000058   Code   RO         5040    i._cos              foc_utils.o
    0x08006670   0x08006670   0x00000012   Code   RO         5041    i._electricalAngle  foc_utils.o
    0x08006682   0x08006682   0x00000002   PAD
    0x08006684   0x08006684   0x00000040   Code   RO         5042    i._normalizeAngle   foc_utils.o
    0x080066c4   0x080066c4   0x00000048   Code   RO          330    i._readADCVoltage   adc.o
    0x0800670c   0x0800670c   0x00000128   Code   RO         5043    i._sin              foc_utils.o
    0x08006834   0x08006834   0x00000014   Code   RO         5044    i._sqrtApprox       foc_utils.o
    0x08006848   0x08006848   0x000001c0   Code   RO         5136    i.alignSensor       bldcmotor.o
    0x08006a08   0x08006a08   0x000000e4   Code   RO         5137    i.angleOpenloop     bldcmotor.o
    0x08006aec   0x08006aec   0x0000021c   Code   RO         5472    i.atan              m_ps.l(atan.o)
    0x08006d08   0x08006d08   0x00000178   Code   RO         5438    i.atan2             m_ps.l(atan2.o)
    0x08006e80   0x08006e80   0x00000030   Code   RO         5087    i.electricalAngle   focmotor.o
    0x08006eb0   0x08006eb0   0x00000094   Code   RO         5446    i.fmod              m_ps.l(fmod.o)
    0x08006f44   0x08006f44   0x000000bc   Code   RO         5237    i.getAngle          magneticsensor.o
    0x08007000   0x08007000   0x000000e4   Code   RO         5311    i.getDCCurrent      currentsense.o
    0x080070e4   0x080070e4   0x000000c4   Code   RO         5312    i.getFOCCurrents    currentsense.o
    0x080071a8   0x080071a8   0x00000074   Code   RO         5340    i.getPhaseCurrents  lowsidecurrentsense.o
    0x0800721c   0x0800721c   0x0000007c   Code   RO         5238    i.getVelocity       magneticsensor.o
    0x08007298   0x08007298   0x000000e4   Code   RO         5138    i.loopFOC           bldcmotor.o
    0x0800737c   0x0800737c   0x00000220   Code   RO           20    i.main              main.o
    0x0800759c   0x0800759c   0x000000b4   Code   RO         5139    i.move              bldcmotor.o
    0x08007650   0x08007650   0x000002d0   Code   RO         5140    i.setPhaseVoltage   bldcmotor.o
    0x08007920   0x08007920   0x00000028   Code   RO         5088    i.shaftAngle        focmotor.o
    0x08007948   0x08007948   0x00000028   Code   RO         5089    i.shaftVelocity     focmotor.o
    0x08007970   0x08007970   0x00000094   Code   RO         5141    i.velocityOpenloop  bldcmotor.o
    0x08007a04   0x08007a04   0x00000068   Code   RO         5408    x$fpl$drleqf        fz_ps.l(drlef.o)
    0x08007a6c   0x08007a6c   0x0000008c   Code   RO         5412    x$fpl$fadd          fz_ps.l(faddsub.o)
    0x08007af8   0x08007af8   0x00000054   Code   RO         5421    x$fpl$feqf          fz_ps.l(feqf.o)
    0x08007b4c   0x08007b4c   0x00000054   Code   RO         5429    x$fpl$fleqf         fz_ps.l(flef.o)
    0x08007ba0   0x08007ba0   0x000000b0   Code   RO         5431    x$fpl$fmul          fz_ps.l(fmul.o)
    0x08007c50   0x08007c50   0x00000058   Code   RO         5433    x$fpl$frleqf        fz_ps.l(frlef.o)
    0x08007ca8   0x08007ca8   0x00000018   Code   RO         5413    x$fpl$frsb          fz_ps.l(faddsub.o)
    0x08007cc0   0x08007cc0   0x000000d0   Code   RO         5414    x$fpl$fsub          fz_ps.l(faddsub.o)
    0x08007d90   0x08007d90   0x00000000   Code   RO         5470    x$fpl$usenofp       fz_ps.l(usenofp.o)
    0x08007d90   0x08007d90   0x00000018   Data   RO         4551    .constdata          stm32g0xx_hal_uart.o
    0x08007da8   0x08007da8   0x00000010   Data   RO         4912    .constdata          stm32g0xx_hal_uart_ex.o
    0x08007db8   0x08007db8   0x00000040   Data   RO         5008    .constdata          system_stm32g0xx.o
    0x08007df8   0x08007df8   0x00000020   Data   RO         5009    .constdata          system_stm32g0xx.o
    0x08007e18   0x08007e18   0x00000320   Data   RO         5045    .constdata          foc_utils.o
    0x08008138   0x08008138   0x00000080   Data   RO         5398    .constdata          fz_ps.l(ddiv.o)
    0x080081b8   0x080081b8   0x00000040   Data   RO         5419    .constdata          fz_ps.l(fdiv.o)
    0x080081f8   0x080081f8   0x00000098   Data   RO         5473    .constdata          m_ps.l(atan.o)
    0x08008290   0x08008290   0x00000008   Data   RO         5495    .constdata          m_ps.l(qnan.o)
    0x08008298   0x08008298   0x00000020   Data   RO         5675    Region$$Table       anon$$obj.o


    Execution Region RW_IRAM1 (Exec base: 0x20000000, Load base: 0x080082b8, Size: 0x00000e38, Max: 0x00002000, ABSOLUTE, COMPRESSED[0x000002c8])

    Exec Addr    Load Addr    Size         Type   Attr      Idx    E Section Name        Object

    0x20000000   COMPRESSED   0x00000020   Data   RW           22    .data               main.o
    0x20000020   COMPRESSED   0x00000004   Data   RW          332    .data               adc.o
    0x20000024   COMPRESSED   0x00000004   Data   RW          333    .data               adc.o
    0x20000028   COMPRESSED   0x0000000c   Data   RW         2314    .data               stm32g0xx_hal.o
    0x20000034   COMPRESSED   0x00000004   Data   RW         5010    .data               system_stm32g0xx.o
    0x20000038   COMPRESSED   0x0000000c   Data   RW         5090    .data               focmotor.o
    0x20000044   COMPRESSED   0x00000004   Data   RW         5091    .data               focmotor.o
    0x20000048   COMPRESSED   0x00000004   Data   RW         5092    .data               focmotor.o
    0x2000004c   COMPRESSED   0x00000004   Data   RW         5093    .data               focmotor.o
    0x20000050   COMPRESSED   0x00000004   Data   RW         5094    .data               focmotor.o
    0x20000054   COMPRESSED   0x00000004   Data   RW         5095    .data               focmotor.o
    0x20000058   COMPRESSED   0x00000008   Data   RW         5096    .data               focmotor.o
    0x20000060   COMPRESSED   0x00000008   Data   RW         5097    .data               focmotor.o
    0x20000068   COMPRESSED   0x00000001   Data   RW         5098    .data               focmotor.o
    0x20000069   COMPRESSED   0x00000001   Data   RW         5099    .data               focmotor.o
    0x2000006a   COMPRESSED   0x00000002   PAD
    0x2000006c   COMPRESSED   0x00000020   Data   RW         5142    .data               bldcmotor.o
    0x2000008c   COMPRESSED   0x00000014   Data   RW         5239    .data               magneticsensor.o
    0x200000a0   COMPRESSED   0x00000378   Data   RW         5341    .data               lowsidecurrentsense.o
    0x20000418        -       0x00000048   Zero   RW           21    .bss                main.o
    0x20000460        -       0x000000cc   Zero   RW          331    .bss                adc.o
    0x2000052c        -       0x0000004c   Zero   RW          399    .bss                i2c.o
    0x20000578        -       0x00000064   Zero   RW          437    .bss                spi.o
    0x200005dc        -       0x00000098   Zero   RW          477    .bss                tim.o
    0x20000674        -       0x00000090   Zero   RW          527    .bss                usart.o
    0x20000704        -       0x0000001c   Zero   RW         1457    .bss                stm32g0xx_hal_flash.o
    0x20000720        -       0x00000090   Zero   RW         5205    .bss                pid.o
    0x200007b0        -       0x00000024   Zero   RW         5281    .bss                lowpass_filter.o
    0x200007d4        -       0x00000060   Zero   RW         5531    .bss                c_p.l(libspace.o)
    0x20000834   COMPRESSED   0x00000004   PAD
    0x20000838        -       0x00000200   Zero   RW            2    HEAP                startup_stm32g031xx.o
    0x20000a38        -       0x00000400   Zero   RW            1    STACK               startup_stm32g031xx.o


==============================================================================

Image component sizes


      Code (inc. data)   RO Data    RW Data    ZI Data      Debug   Object Name

       484         66          0          8        204       2460   adc.o
      2148        332          0         32          0       6624   bldcmotor.o
       424         32          0          0          0       1920   currentsense.o
        40          4          0          0          0       4138   dma.o
       186         18          0          0          0       2368   flash_wr.o
       486         80        800          0          0       3270   foc_utils.o
       128         24          0         50          0       2555   focmotor.o
       192         12          0          0          0        915   gpio.o
       300         42          0          0         76       2105   i2c.o
       180         32          0          0         36       2172   lowpass_filter.o
       280         44          0        888          0       3425   lowsidecurrentsense.o
       448         76          0         20          0       2682   magneticsensor.o
      1516        354          0         32         72     472134   main.o
       452         44          0          0        144       2490   pid.o
       176         24          0          0        100       1557   spi.o
        56         26        192          0       1536        620   startup_stm32g031xx.o
       176         26          0         12          0      17609   stm32g0xx_hal.o
      1690         96          0          0          0      43522   stm32g0xx_hal_adc.o
       180         30          0          0          0      12655   stm32g0xx_hal_cortex.o
       778         38          0          0          0       5957   stm32g0xx_hal_dma.o
       344         56          0          0         28      18818   stm32g0xx_hal_flash.o
       188         26          0          0          0       3386   stm32g0xx_hal_flash_ex.o
       588         34          0          0          0       3295   stm32g0xx_hal_gpio.o
      3228        128          0          0          0      23110   stm32g0xx_hal_i2c.o
       146          0          0          0          0       1847   stm32g0xx_hal_i2c_ex.o
        44          6          0          0          0        794   stm32g0xx_hal_msp.o
        76         14          0          0          0        722   stm32g0xx_hal_pwr_ex.o
      1524         88          0          0          0      23017   stm32g0xx_hal_rcc.o
       432         12          0          0          0       1660   stm32g0xx_hal_rcc_ex.o
      2044          8          0          0          0      10042   stm32g0xx_hal_spi.o
      2488        170          0          0          0      18864   stm32g0xx_hal_tim.o
       286         14          0          0          0       3716   stm32g0xx_hal_tim_ex.o
      1144         48         24          0          0      24550   stm32g0xx_hal_uart.o
       270          6         16          0          0       3497   stm32g0xx_hal_uart_ex.o
        80         16          0          0          0       3398   stm32g0xx_it.o
         2          0         96          4          0       1063   system_stm32g0xx.o
       640         42          0          0        152       3157   tim.o
       228         22          0          0        144       1650   usart.o

    ----------------------------------------------------------------------
     24114       2090       1160       1048       2492     737764   Object Totals
         0          0         32          0          0          0   (incl. Generated)
        42          0          0          2          0          0   (incl. Padding)

    ----------------------------------------------------------------------

      Code (inc. data)   RO Data    RW Data    ZI Data      Debug   Library Member Name

        96          0          0          0          0          0   __dclz77c.o
         8          0          0          0          0         68   __main.o
         0          0          0          0          0          0   __rtentry.o
        12          0          0          0          0          0   __rtentry2.o
         6          0          0          0          0          0   __rtentry4.o
        60          8          0          0          0          0   __scatter.o
        28          0          0          0          0          0   __scatter_zi.o
        22          0          0          0          0         92   _rserrno.o
       346          0          0          0          0         92   aeabi_sdiv.o
        16          0          0          0          0         68   exit.o
         6          0          0          0          0        136   heapauxi.o
         0          0          0          0          0          0   indicate_semi.o
         2          0          0          0          0          0   libinit.o
         2          0          0          0          0          0   libinit2.o
         2          0          0          0          0          0   libshutdown.o
         2          0          0          0          0          0   libshutdown2.o
         8          4          0          0         96         68   libspace.o
       258          0          0          0          0         88   lludiv.o
         8          4          0          0          0         68   rt_errno_addr_intlibspace.o
        64          0          0          0          0        108   rt_memclr.o
         2          0          0          0          0          0   rtexit.o
        10          0          0          0          0          0   rtexit2.o
        12          4          0          0          0         60   sys_exit.o
        62          0          0          0          0         80   sys_stackheap_outer.o
         2          0          0          0          0         68   use_no_semi.o
        46          0          0          0          0         60   cmpret.o
       124          4          0          0          0         72   d2f.o
       856         20          0          0          0        208   daddsub.o
       144          4          0          0          0         76   dcmpin.o
      1096         26        128          0          0        112   ddiv.o
       108         10          0          0          0         72   dfixi.o
        72          4          0          0          0         68   dfixui.o
        88          0          0          0          0         92   dflti.o
       584         26          0          0          0         84   dmul.o
        20          6          0          0          0         68   dnan2.o
       384         16          0          0          0         76   drem.o
       104          4          0          0          0        104   drlef.o
        96         12          0          0          0         72   dscalbn.o
        84          4          0          0          0         60   f2d.o
       372          8          0          0          0        240   faddsub.o
       100          4          0          0          0         68   fcmpin.o
       352         10         64          0          0         92   fdiv.o
        84          4          0          0          0         76   feqf.o
        76          0          0          0          0         68   ffixi.o
        48          0          0          0          0         60   ffixui.o
        94          0          0          0          0         92   fflti.o
        84          4          0          0          0         76   flef.o
       176          4          0          0          0         80   fmul.o
        16          6          0          0          0         68   fnan2.o
        88          4          0          0          0         76   frlef.o
        68          4          0          0          0         68   fscalbn.o
        94          0          0          0          0         68   retnan.o
         0          0          0          0          0          0   usenofp.o
       540         68        152          0          0        112   atan.o
       376         42          0          0          0        144   atan2.o
        54          6          0          0          0        272   dunder.o
       148          4          0          0          0         72   fmod.o
        44          4          0          0          0         60   fpclassify.o
       172          0          0          0          0         76   poly.o
         0          0          8          0          0          0   qnan.o

    ----------------------------------------------------------------------
      7838        328        352          0        100       4088   Library Totals
        12          0          0          0          4          0   (incl. Padding)

    ----------------------------------------------------------------------

      Code (inc. data)   RO Data    RW Data    ZI Data      Debug   Library Name

      1034         20          0          0         96        996   c_p.l
      5458        184        192          0          0       2356   fz_ps.l
      1334        124        160          0          0        736   m_ps.l

    ----------------------------------------------------------------------
      7838        328        352          0        100       4088   Library Totals

    ----------------------------------------------------------------------

==============================================================================


      Code (inc. data)   RO Data    RW Data    ZI Data      Debug   

     31952       2418       1512       1048       2592     731124   Grand Totals
     31952       2418       1512        712       2592     731124   ELF Image Totals (compressed)
     31952       2418       1512        712          0          0   ROM Totals

==============================================================================

    Total RO  Size (Code + RO Data)                33464 (  32.68kB)
    Total RW  Size (RW Data + ZI Data)              3640 (   3.55kB)
    Total ROM Size (Code + RO Data + RW Data)      34176 (  33.38kB)

==============================================================================

